Archive member included to satisfy reference by file (symbol)

C:/devkitPro/libgba/lib\libmm.a(mm_effect.o)
                              main.o (mmEffect)
C:/devkitPro/libgba/lib\libmm.a(mm_mas_arm.o)
                              C:/devkitPro/libgba/lib\libmm.a(mm_effect.o) (mmAllocChannel)
C:/devkitPro/libgba/lib\libmm.a(mm_mixer_gba.o)
                              main.o (mmVBlank)
C:/devkitPro/libgba/lib\libmm.a(mm_init_default.o)
                              main.o (mmInitDefault)
C:/devkitPro/libgba/lib\libmm.a(mm_main_gba.o)
                              C:/devkitPro/libgba/lib\libmm.a(mm_mixer_gba.o) (mm_vblank_function)
C:/devkitPro/libgba/lib\libmm.a(mm_mas.o)
                              C:/devkitPro/libgba/lib\libmm.a(mm_main_gba.o) (mmLayerMain)
C:/devkitPro/libgba/lib\libmm.a(mm_main.o)
                              C:/devkitPro/libgba/lib\libmm.a(mm_mas.o) (mmCallback)
C:/devkitPro/libtonc/lib\libtonc.a(tonc_bios.o)
                              main.o (CpuFastSet)
C:/devkitPro/libgba/lib\libgba.a(input.o)
                              main.o (scanKeys)
C:/devkitPro/libgba/lib\libgba.a(interrupt.o)
                              main.o (irqInit)
C:/devkitPro/libgba/lib\libgba.a(InterruptDispatcher.o)
                              C:/devkitPro/libgba/lib\libgba.a(interrupt.o) (IntrMain)
C:/devkitPro/devkitARM/bin/../lib/gcc/arm-none-eabi/16.1.0/../../../../arm-none-eabi/lib/thumb\libstdc++.a(del_ops.o)
                              generated_rules.o (operator delete(void*, unsigned int))
C:/devkitPro/devkitARM/bin/../lib/gcc/arm-none-eabi/16.1.0/../../../../arm-none-eabi/lib/thumb\libstdc++.a(new_op.o)
                              generated_rules.o (operator new(unsigned int))
C:/devkitPro/devkitARM/bin/../lib/gcc/arm-none-eabi/16.1.0/../../../../arm-none-eabi/lib/thumb\libstdc++.a(functexcept.o)
                              generated_rules.o (std::__throw_length_error(char const*))
C:/devkitPro/devkitARM/bin/../lib/gcc/arm-none-eabi/16.1.0/../../../../arm-none-eabi/lib/thumb\libstdc++.a(bad_alloc.o)
                              C:/devkitPro/devkitARM/bin/../lib/gcc/arm-none-eabi/16.1.0/../../../../arm-none-eabi/lib/thumb\libstdc++.a(new_op.o) (vtable for std::bad_alloc)
C:/devkitPro/devkitARM/bin/../lib/gcc/arm-none-eabi/16.1.0/../../../../arm-none-eabi/lib/thumb\libstdc++.a(bad_array_new.o)
                              C:/devkitPro/devkitARM/bin/../lib/gcc/arm-none-eabi/16.1.0/../../../../arm-none-eabi/lib/thumb\libstdc++.a(functexcept.o) (vtable for std::bad_array_new_length)
C:/devkitPro/devkitARM/bin/../lib/gcc/arm-none-eabi/16.1.0/../../../../arm-none-eabi/lib/thumb\libstdc++.a(bad_cast.o)
                              C:/devkitPro/devkitARM/bin/../lib/gcc/arm-none-eabi/16.1.0/../../../../arm-none-eabi/lib/thumb\libstdc++.a(functexcept.o) (vtable for std::bad_cast)
C:/devkitPro/devkitARM/bin/../lib/gcc/arm-none-eabi/16.1.0/../../../../arm-none-eabi/lib/thumb\libstdc++.a(bad_typeid.o)
                              C:/devkitPro/devkitARM/bin/../lib/gcc/arm-none-eabi/16.1.0/../../../../arm-none-eabi/lib/thumb\libstdc++.a(functexcept.o) (vtable for std::bad_typeid)
C:/devkitPro/devkitARM/bin/../lib/gcc/arm-none-eabi/16.1.0/../../../../arm-none-eabi/lib/thumb\libstdc++.a(del_op.o)
                              C:/devkitPro/devkitARM/bin/../lib/gcc/arm-none-eabi/16.1.0/../../../../arm-none-eabi/lib/thumb\libstdc++.a(del_ops.o) (operator delete(void*))
C:/devkitPro/devkitARM/bin/../lib/gcc/arm-none-eabi/16.1.0/../../../../arm-none-eabi/lib/thumb\libstdc++.a(eh_alloc.o)
                              C:/devkitPro/devkitARM/bin/../lib/gcc/arm-none-eabi/16.1.0/../../../../arm-none-eabi/lib/thumb\libstdc++.a(new_op.o) (__cxa_allocate_exception)
C:/devkitPro/devkitARM/bin/../lib/gcc/arm-none-eabi/16.1.0/../../../../arm-none-eabi/lib/thumb\libstdc++.a(eh_arm.o)
                              C:/devkitPro/devkitARM/bin/../lib/gcc/arm-none-eabi/16.1.0/../../../../arm-none-eabi/lib/thumb\libstdc++.a(functexcept.o) (__cxa_end_cleanup)
C:/devkitPro/devkitARM/bin/../lib/gcc/arm-none-eabi/16.1.0/../../../../arm-none-eabi/lib/thumb\libstdc++.a(eh_exception.o)
                              C:/devkitPro/devkitARM/bin/../lib/gcc/arm-none-eabi/16.1.0/../../../../arm-none-eabi/lib/thumb\libstdc++.a(bad_alloc.o) (std::exception::~exception())
C:/devkitPro/devkitARM/bin/../lib/gcc/arm-none-eabi/16.1.0/../../../../arm-none-eabi/lib/thumb\libstdc++.a(eh_globals.o)
                              C:/devkitPro/devkitARM/bin/../lib/gcc/arm-none-eabi/16.1.0/../../../../arm-none-eabi/lib/thumb\libstdc++.a(eh_arm.o) (__cxa_get_globals)
C:/devkitPro/devkitARM/bin/../lib/gcc/arm-none-eabi/16.1.0/../../../../arm-none-eabi/lib/thumb\libstdc++.a(eh_personality.o)
                              C:/devkitPro/devkitARM/bin/../lib/gcc/arm-none-eabi/16.1.0/../../../../arm-none-eabi/lib/thumb\libstdc++.a(functexcept.o) (__gxx_personality_v0)
[...]
Memory Configuration

Name             Origin             Length             Attributes
rom              0x08000000         0x02000000
iwram            0x03000000         0x00008000
ewram            0x02000000         0x00040000
*default*        0x00000000         0xffffffff

Linker script and memory map

                0x0800f9f8                        __sync_synchronize = __sync_synchronize_none
                0x08000000                        __text_start = ORIGIN (rom)
                0x02040000                        __eheap_end = (ORIGIN (ewram) + LENGTH (ewram))
                0x03000000                        __iwram_start = ORIGIN (iwram)
                0x03008000                        __iwram_top = (ORIGIN (iwram) + LENGTH (iwram))
                0x03007fa0                        __sp_irq = (__iwram_top - 0x60)
                0x03007f00                        __sp_usr = (__sp_irq - 0xa0)
                0x03007ff8                        __irq_flags = 0x3007ff8
                0x08000000                        . = __text_start

.crt0           0x08000000      0x210
 *(.crt0)
 .crt0          0x08000000      0x210 C:/devkitPro/devkitARM/bin/../lib/gcc/arm-none-eabi/16.1.0/../../../../arm-none-eabi/lib/thumb/gba_crt0.o
                0x08000000                _start
                0x080000c4                __boot_method
                0x080000c5                __slave_number
                0x080000e0                start_vector
                0x08000210                        . = ALIGN (0x4)

.init           0x08000210        0xc
 *(SORT_NONE(.init))
 .init          0x08000210        0x4 C:/devkitPro/devkitARM/bin/../lib/gcc/arm-none-eabi/16.1.0/thumb/crti.o
                0x08000210                _init
 .init          0x08000214        0x8 C:/devkitPro/devkitARM/bin/../lib/gcc/arm-none-eabi/16.1.0/thumb/crtn.o

.plt            0x0800021c        0x0
 *(.plt)
                0x0800021c                        . = ALIGN (0x4)

.text           0x08000220    0x17ea8
 *(EXCLUDE_FILE(*.iwram*) .text*)
 .text.__do_global_dtors_aux
                0x08000220       0x2c C:/devkitPro/devkitARM/bin/../lib/gcc/arm-none-eabi/16.1.0/thumb/crtbegin.o
 .text.frame_dummy
                0x0800024c       0x24 C:/devkitPro/devkitARM/bin/../lib/gcc/arm-none-eabi/16.1.0/thumb/crtbegin.o
 .text._ZN12_GLOBAL__N_1L8drawCharEiich
                0x08000270      0x114 main.o
 .text._ZN12_GLOBAL__N_1L16drawCenteredLineEiPKch
                0x08000384       0x54 main.o
 .text._ZN12_GLOBAL__N_1L9playNamedEPKc
                0x080003d8       0x44 main.o
 .text._ZN12_GLOBAL__N_1L10playEventsERK14ps_step_result
                0x0800041c       0xb8 main.o
 .text._ZN12_GLOBAL__N_1L14intervalFramesEPKct
                0x080004d4       0xa8 main.o
 .text._ZN12_GLOBAL__N_1L6renderEP14ps_gba_session
                0x0800057c      0x704 main.o
 .text.startup.main
                0x08000c80      0x6c4 main.o
                0x08000c80                main
 .text._ZN12_GLOBAL__N_1L9cellWordsEPK14ps_gba_sessionll
                0x08001344       0x3c core.o
 .text._ZN12_GLOBAL__N_1L7seedRngEP16ps_gba_rng_statePKc
                0x08001380       0x90 core.o
 .text._ZN12_GLOBAL__N_1L8pushUndoEP14ps_gba_session
                0x08001410       0x78 core.o
 .text._ZN12_GLOBAL__N_1L15copyKernelAudioEP14ps_gba_sessionRK20ps_gba_kernel_result.constprop.0
                0x08001488       0xa8 core.o
 .text._ZN12_GLOBAL__N_1L20runRulesOnLevelStartEP14ps_gba_session
                0x08001530      0x118 core.o
 .text._ZN12_GLOBAL__N_1L17loadLevelInternalEP14ps_gba_sessiontPKcb
                0x08001648       0xc8 core.o
 .text.ps_gba_session_required_bytes
                0x08001710       0x44 core.o
                0x08001710                ps_gba_session_required_bytes
 .text.ps_gba_session_init
                0x08001754      0x114 core.o
                0x08001754                ps_gba_session_init
 .text.ps_gba_load_level
                0x08001868       0x14 core.o
                0x08001868                ps_gba_load_level
 .text.ps_gba_step
                0x0800187c      0x560 core.o
                0x0800187c                ps_gba_step
 .text.ps_gba_undo
                0x08001ddc       0x9c core.o
                0x08001ddc                ps_gba_undo
 .text.ps_gba_restart
                0x08001e78       0x6c core.o
                0x08001e78                ps_gba_restart
 .text.ps_gba_status_get
                0x08001ee4       0x64 core.o
                0x08001ee4                ps_gba_status_get
 .text.ps_gba_first_player_position
                0x08001f48       0xbc core.o
                0x08001f48                ps_gba_first_player_position
 .text.ps_gba_board_words
                0x08002004       0x14 core.o
                0x08002004                ps_gba_board_words
 .text.ps_gba_game
                0x08002018        0x8 core.o
                0x08002018                ps_gba_game
 .text._ZN12puzzlescript22runtimeCountersEnabledEv
                0x08002020        0x4 rule_runtime_stubs.o
                0x08002020                puzzlescript::runtimeCountersEnabled()
 .text._ZN12puzzlescript19runtimeCounterNowNsEv
                0x08002024        0x8 rule_runtime_stubs.o
                0x08002024                puzzlescript::runtimeCounterNowNs()
 .text._ZN12puzzlescript17addRuntimeCounterENS_16RuntimeCounterIdEy
                0x0800202c        0x4 rule_runtime_stubs.o
                0x0800202c                puzzlescript::addRuntimeCounter(puzzlescript::RuntimeCounterId, unsigned long long)
 .text._ZN12puzzlescript26inputSpecializationEnabledEv
                0x08002030        0x4 rule_runtime_stubs.o
                0x08002030                puzzlescript::inputSpecializationEnabled()
 .text._ZN12puzzlescript39inputSpecializationMaskForDirectionMaskEl
                0x08002034       0x14 rule_runtime_stubs.o
                0x08002034                puzzlescript::inputSpecializationMaskForDirectionMask(long)
 .text._ZN12_GLOBAL__N_1L22compactTurnAppendAudioElPKcb.part.0
                0x08002048       0xb4 generated_rules.o
 .text._ZN12_GLOBAL__N_1L25compactTurnFlushMaskAudioEv
                0x080020fc       0x78 generated_rules.o
 .text._ZN12_GLOBAL__N_1L26ctr_0_e_0_0_queue_commandsERNS_21CompactTurnCommands_0E
                0x08002174       0x84 generated_rules.o
 .text._ZN12_GLOBAL__N_1L38compact_turn_line_has_required_masks_0EN12puzzlescript15LevelDimensionsERKNS0_20PersistentLevelStateERKNS0_7ScratchEblPKlS9_S9_S9_PKS9_jSB_j.constprop.0
                0x080021f8       0x34 generated_rules.o
 .text._ZN12_GLOBAL__N_1L38compact_turn_line_has_required_masks_0EN12puzzlescript15LevelDimensionsERKNS0_20PersistentLevelStateERKNS0_7ScratchEblPKlS9_S9_S9_PKS9_jSB_j.constprop.1
                0x0800222c       0x28 generated_rules.o
 .text._ZN12_GLOBAL__N_1L39compact_turn_note_object_cell_written_0EN12puzzlescript15LevelDimensionsERNS0_7ScratchElPKlS5_.constprop.0
                0x08002254      0x490 generated_rules.o
 .text._ZN12_GLOBAL__N_1L38compact_turn_refresh_any_masks_dirty_0ERN12puzzlescript7ScratchE.constprop.0
                0x080026e4      0x208 generated_rules.o
 .text._ZN12_GLOBAL__N_1L41compact_turn_note_movement_cell_written_0EN12puzzlescript15LevelDimensionsERNS0_7ScratchElPKlS5_.constprop.0
                0x080028ec      0x270 generated_rules.o
 .text._ZNSt6vectorIlSaIlEEaSERKS1_.isra.0
                0x08002b5c       0xc4 generated_rules.o
 .text._ZN12_GLOBAL__N_1L35compact_turn_clear_movement_masks_0ERN12puzzlescript7ScratchE.constprop.0
                0x08002c20      0x164 generated_rules.o
 .text._ZN12_GLOBAL__N_1L40compact_turn_prepare_object_cell_index_0EN12puzzlescript15LevelDimensionsERKNS0_20PersistentLevelStateERNS0_7ScratchE.constprop.0
                0x08002d84      0x180 generated_rules.o
 .text._ZN12_GLOBAL__N_1L61compact_turn_simple_replacement_fast_path_objects_movements_0EN12puzzlescript15LevelDimensionsERNS0_20PersistentLevelStateERNS0_7ScratchElPKlS7_S7_S7_S7_.constprop.0
                0x08002f04      0x13c generated_rules.o
 .text._ZNSt8_Rb_treeINSt7__cxx1112basic_stringIcSt11char_traitsIcESaIcEEESt4pairIKS5_St8optionalIN12puzzlescript15PropertyCaptureEEESt10_Select1stISC_ESt4lessIS5_ESaISC_EE8_M_eraseEPSt13_Rb_tree_nodeISC_E.isra.0
                0x08003040      0x1c8 generated_rules.o
 .text._ZNSt8_Rb_treeINSt7__cxx1112basic_stringIcSt11char_traitsIcESaIcEEESt4pairIKS5_lESt10_Select1stIS8_ESt4lessIS5_ESaIS8_EE8_M_eraseEPSt13_Rb_tree_nodeIS8_E.isra.0
                0x08003208      0x1c8 generated_rules.o
 .text._ZSt16__introsort_loopIN9__gnu_cxx17__normal_iteratorIPlSt6vectorIlSaIlEEEEiZN12_GLOBAL__N_1L40compact_turn_sort_unique_start_matches_0EN12puzzlescript15LevelDimensionsEbRS5_EUlllE_EvT_SC_T0_T1_.constprop.0
                0x080033d0      0x610 generated_rules.o
 .text._ZN12_GLOBAL__N_1L40compact_turn_sort_unique_start_matches_0EN12puzzlescript15LevelDimensionsEbRSt6vectorIlSaIlEE.constprop.0
                0x080039e0      0x2d4 generated_rules.o
 .text._ZN12_GLOBAL__N_1L22compactTurnOutputSoundEPKc
                0x08003cb4      0x144 generated_rules.o
 .text._ZN12_GLOBAL__N_1L28compactTurnOutputSimpleSoundEPKc
                0x08003df8      0x140 generated_rules.o
 .text._ZN12_GLOBAL__N_1L45compact_turn_rebuild_movement_derived_state_0EN12puzzlescript15LevelDimensionsERNS0_7ScratchE.constprop.0
                0x08003f38      0x3d4 generated_rules.o
 .text._ZN12_GLOBAL__N_1L51compact_turn_rebuild_dirty_movement_derived_state_0EN12puzzlescript15LevelDimensionsERNS0_7ScratchE.constprop.0.isra.0
                0x0800430c      0x194 generated_rules.o
 .text._ZN12_GLOBAL__N_1L43compact_turn_rebuild_object_derived_state_0EN12puzzlescript15LevelDimensionsERKNS0_20PersistentLevelStateERNS0_7ScratchE.constprop.0
                0x080044a0      0x5bc generated_rules.o
 .text._ZN12_GLOBAL__N_1L49compact_turn_rebuild_dirty_object_derived_state_0EN12puzzlescript15LevelDimensionsERKNS0_20PersistentLevelStateERNS0_7ScratchE.constprop.0.isra.0
                0x08004a5c      0x1dc generated_rules.o
 .text._ZN12_GLOBAL__N_1L41compact_turn_rebuild_rule_derived_state_0EN12puzzlescript15LevelDimensionsERKNS0_20PersistentLevelStateERNS0_7ScratchEbb.constprop.0
                0x08004c38       0x98 generated_rules.o
 .text._ZN12_GLOBAL__N_1L15ctg_0_e_2_applyEN12puzzlescript15LevelDimensionsERNS0_20PersistentLevelStateERNS0_7ScratchERNS_21CompactTurnCommands_0EPSt6vectorIbSaIbEE.constprop.0
                0x08004cd0      0x7ec generated_rules.o
 .text._ZN12_GLOBAL__N_1L15ctg_0_e_3_applyEN12puzzlescript15LevelDimensionsERNS0_20PersistentLevelStateERNS0_7ScratchERNS_21CompactTurnCommands_0EPSt6vectorIbSaIbEE.constprop.0
                0x080054bc      0x7d0 generated_rules.o
 .text._ZN12_GLOBAL__N_1L17ctr_0_e_0_3_applyEN12puzzlescript15LevelDimensionsERNS0_20PersistentLevelStateERNS0_7ScratchERNS_21CompactTurnCommands_0E.constprop.0
                0x08005c8c      0x88c generated_rules.o
 .text._ZN12_GLOBAL__N_1L15ctg_0_e_0_applyEN12puzzlescript15LevelDimensionsERNS0_20PersistentLevelStateERNS0_7ScratchERNS_21CompactTurnCommands_0EPSt6vectorIbSaIbEE.constprop.0
                0x08006518     0x23e0 generated_rules.o
 .text._ZN12_GLOBAL__N_1L30compact_turn_execute_program_0EN12puzzlescript15LevelDimensionsElRNS0_20PersistentLevelStateERNS0_7ScratchE8ps_inputNS0_11TurnOptionsEPbb.constprop.0.isra.0
                0x080088f8     0x1e9c generated_rules.o
 .text.ps_gba_generated_turn
                0x0800a794      0x784 generated_rules.o
                0x0800a794                ps_gba_generated_turn
 .text._ZN12puzzlescript7ScratchD2Ev
                0x0800af18      0x464 generated_rules.o
                0x0800af18                puzzlescript::Scratch::~Scratch()
                0x0800af18                puzzlescript::Scratch::~Scratch()
 .text.startup._GLOBAL__sub_I_ps_gba_generated_turn
                0x0800b37c      0x278 generated_rules.o
 .text.exit._GLOBAL__sub_D_ps_gba_generated_turn
                0x0800b5f4       0x28 generated_rules.o
 .text          0x0800b61c      0x314 C:/devkitPro/libgba/lib\libmm.a(mm_effect.o)
                0x0800b61c                mmResetEffects
                0x0800b648                mmEffect
                0x0800b65e                mmEffectEx
                0x0800b75e                mmEffectActive
                0x0800b792                mmEffectVolume
                0x0800b7ae                mmEffectPanning
                0x0800b7c2                mmEffectRate
                0x0800b7d6                mmEffectCancel
                0x0800b810                mmEffectRelease
                0x0800b836                mmEffectScaleRate
                0x0800b84a                mmSetEffectsVolume
                0x0800b858                mmEffectCancelAll
                0x0800b898                mmUpdateEffects
 .text          0x0800b930      0x1e0 C:/devkitPro/libgba/lib\libmm.a(mm_mixer_gba.o)
                0x0800b930                mmMixerSetSource
                0x0800b944                mmMixerSetRead
                0x0800b952                mmMixerSetFreq
                0x0800b962                mmMixerMulFreq
                0x0800b976                mmMixerStopChannel
                0x0800b988                mmMixerChannelActive
                0x0800b99a                mmMixerSetVolume
                0x0800b9a8                mmMixerSetPan
                0x0800b9b6                mmMixerInit
 .text          0x0800bb10       0x44 C:/devkitPro/libgba/lib\libmm.a(mm_init_default.o)
                0x0800bb10                mmInitDefault
 .text          0x0800bb54      0x12c C:/devkitPro/libgba/lib\libmm.a(mm_main_gba.o)
                0x0800bb54                mmInit
                0x0800bba8                mmSetVBlankHandler
                0x0800bbae                mmFrame
 .text          0x0800bc80     0x1570 C:/devkitPro/libgba/lib\libmm.a(mm_mas.o)
                0x0800bcf4                mmStart
                0x0800bd14                mmJingle
                0x0800bd1a                mmPlayModule
                0x0800bde4                mmPause
                0x0800be00                mmResume
                0x0800be10                mmActive
                0x0800be16                mmActiveSub
                0x0800be1c                mmSetModuleVolume
                0x0800be2c                mmSetJingleVolume
                0x0800be68                mmGetPositionTick
                0x0800be6e                mmGetPositionRow
                0x0800be74                mmGetPosition
                0x0800be7a                mmPosition
                0x0800be94                mmSetModuleTempo
                0x0800bec6                mmSetModulePitch
                0x0800bf08                mmStop
                0x0800bfce                mppUpdateSub
                0x0800c12a                mpp_Process_VolumeCommand
                0x0800c362                mpp_Process_Effect
                0x0800cab0                ST3_FREQTABLE
                0x0800ced0                IT_PitchTable
 .text          0x0800d1f0       0x14 C:/devkitPro/libgba/lib\libmm.a(mm_main.o)
                0x0800d1f0                mpp_call_r7
                0x0800d1f2                mpp_call_r1
                0x0800d1f4                mpp_call_r2
                0x0800d1f6                mpp_call_r3
                0x0800d1f8                mmSetEventHandler
 .text          0x0800d204       0x8c C:/devkitPro/libtonc/lib\libtonc.a(tonc_bios.o)
                0x0800d204                SoftReset
                0x0800d208                RegisterRamReset
                0x0800d20c                Halt
                0x0800d210                Stop
                0x0800d214                IntrWait
                0x0800d218                VBlankIntrWait
                0x0800d21c                Div
                0x0800d220                DivArm
                0x0800d224                Sqrt
                0x0800d228                ArcTan
                0x0800d22c                ArcTan2
                0x0800d230                CpuSet
                0x0800d234                CpuFastSet
                0x0800d238                BiosCheckSum
                0x0800d23c                BgAffineSet
                0x0800d240                ObjAffineSet
                0x0800d244                BitUnPack
                0x0800d248                LZ77UnCompWram
                0x0800d24c                LZ77UnCompVram
                0x0800d250                HuffUnComp
                0x0800d254                RLUnCompWram
                0x0800d258                RLUnCompVram
                0x0800d25c                Diff8bitUnFilterWram
                0x0800d260                Diff8bitUnFilterVram
                0x0800d264                Diff16bitUnFilter
                0x0800d268                SoundBias
                0x0800d26c                SoundDriverInit
                0x0800d270                SoundDriverMode
                0x0800d274                SoundDriverMain
                0x0800d278                SoundDriverVSync
                0x0800d27c                SoundChannelClear
                0x0800d280                MidiKey2Freq
                0x0800d284                MultiBoot
                0x0800d288                SoundDriverVSyncOff
                0x0800d28c                SoundDriverVSyncOn
 .text          0x0800d290       0xc0 C:/devkitPro/libgba/lib\libgba.a(input.o)
                0x0800d290                setRepeat
                0x0800d29c                scanKeys
                0x0800d314                keysDownRepeat
                0x0800d324                keysDown
                0x0800d334                keysUp
                0x0800d344                keysHeld
 .text          0x0800d350      0x3c4 C:/devkitPro/libgba/lib\libgba.a(interrupt.o)
                0x0800d350                dummy
                0x0800d354                InitInterrupt
                0x0800d3b0                irqInit
                0x0800d40c                SetInterrupt
                0x0800d4f4                irqSet
                0x0800d5dc                EnableInterrupt
                0x0800d628                irqEnable
                0x0800d67c                DisableInterrupt
                0x0800d6c8                irqDisable
 .text._ZdlPvj  0x0800d714        0xc C:/devkitPro/devkitARM/bin/../lib/gcc/arm-none-eabi/16.1.0/../../../../arm-none-eabi/lib/thumb\libstdc++.a(del_ops.o)
                0x0800d714                operator delete(void*, unsigned int)
 .text._Znwj    0x0800d720       0x48 C:/devkitPro/devkitARM/bin/../lib/gcc/arm-none-eabi/16.1.0/../../../../arm-none-eabi/lib/thumb\libstdc++.a(new_op.o)
                0x0800d720                operator new(unsigned int)
 .text.unlikely._ZSt19__throw_logic_errorPKc
                0x0800d768       0x30 C:/devkitPro/devkitARM/bin/../lib/gcc/arm-none-eabi/16.1.0/../../../../arm-none-eabi/lib/thumb\libstdc++.a(functexcept.o)
                0x0800d768                std::__throw_logic_error(char const*)
 .text.unlikely._ZSt20__throw_length_errorPKc
                0x0800d798       0x30 C:/devkitPro/devkitARM/bin/../lib/gcc/arm-none-eabi/16.1.0/../../../../arm-none-eabi/lib/thumb\libstdc++.a(functexcept.o)
                0x0800d798                std::__throw_length_error(char const*)
 .text._ZNKSt9bad_alloc4whatEv
                0x0800d7c8        0x8 C:/devkitPro/devkitARM/bin/../lib/gcc/arm-none-eabi/16.1.0/../../../../arm-none-eabi/lib/thumb\libstdc++.a(bad_alloc.o)
                0x0800d7c8                std::bad_alloc::what() const
 .text._ZNSt9bad_allocD2Ev
                0x0800d7d0       0x18 C:/devkitPro/devkitARM/bin/../lib/gcc/arm-none-eabi/16.1.0/../../../../arm-none-eabi/lib/thumb\libstdc++.a(bad_alloc.o)
                0x0800d7d0                std::bad_alloc::~bad_alloc()
                0x0800d7d0                std::bad_alloc::~bad_alloc()
 .text._ZNSt9bad_allocD0Ev
                0x0800d7e8       0x20 C:/devkitPro/devkitARM/bin/../lib/gcc/arm-none-eabi/16.1.0/../../../../arm-none-eabi/lib/thumb\libstdc++.a(bad_alloc.o)
                0x0800d7e8                std::bad_alloc::~bad_alloc()
 .text._ZdlPv   0x0800d808        0xc C:/devkitPro/devkitARM/bin/../lib/gcc/arm-none-eabi/16.1.0/../../../../arm-none-eabi/lib/thumb\libstdc++.a(del_op.o)
                0x0800d808                operator delete(void*)
 .text._ZNK9__gnu_cxx24__concurrence_lock_error4whatEv
                0x0800d814        0x8 C:/devkitPro/devkitARM/bin/../lib/gcc/arm-none-eabi/16.1.0/../../../../arm-none-eabi/lib/thumb\libstdc++.a(eh_alloc.o)
                0x0800d814                __gnu_cxx::__concurrence_lock_error::what() const
 .text._ZNK9__gnu_cxx26__concurrence_unlock_error4whatEv
                0x0800d81c        0x8 C:/devkitPro/devkitARM/bin/../lib/gcc/arm-none-eabi/16.1.0/../../../../arm-none-eabi/lib/thumb\libstdc++.a(eh_alloc.o)
                0x0800d81c                __gnu_cxx::__concurrence_unlock_error::what() const
 .text._ZN9__gnu_cxx24__concurrence_lock_errorD2Ev
                0x0800d824       0x18 C:/devkitPro/devkitARM/bin/../lib/gcc/arm-none-eabi/16.1.0/../../../../arm-none-eabi/lib/thumb\libstdc++.a(eh_alloc.o)
                0x0800d824                __gnu_cxx::__concurrence_lock_error::~__concurrence_lock_error()
                0x0800d824                __gnu_cxx::__concurrence_lock_error::~__concurrence_lock_error()
 .text._ZN9__gnu_cxx24__concurrence_lock_errorD0Ev
                0x0800d83c       0x20 C:/devkitPro/devkitARM/bin/../lib/gcc/arm-none-eabi/16.1.0/../../../../arm-none-eabi/lib/thumb\libstdc++.a(eh_alloc.o)
                0x0800d83c                __gnu_cxx::__concurrence_lock_error::~__concurrence_lock_error()
 .text._ZN9__gnu_cxx26__concurrence_unlock_errorD2Ev
                0x0800d85c       0x18 C:/devkitPro/devkitARM/bin/../lib/gcc/arm-none-eabi/16.1.0/../../../../arm-none-eabi/lib/thumb\libstdc++.a(eh_alloc.o)
                0x0800d85c                __gnu_cxx::__concurrence_unlock_error::~__concurrence_unlock_error()
                0x0800d85c                __gnu_cxx::__concurrence_unlock_error::~__concurrence_unlock_error()
 .text._ZN9__gnu_cxx26__concurrence_unlock_errorD0Ev
                0x0800d874       0x20 C:/devkitPro/devkitARM/bin/../lib/gcc/arm-none-eabi/16.1.0/../../../../arm-none-eabi/lib/thumb\libstdc++.a(eh_alloc.o)
                0x0800d874                __gnu_cxx::__concurrence_unlock_error::~__concurrence_unlock_error()
 .text.unlikely._ZN9__gnu_cxx30__throw_concurrence_lock_errorEv
                0x0800d894       0x20 C:/devkitPro/devkitARM/bin/../lib/gcc/arm-none-eabi/16.1.0/../../../../arm-none-eabi/lib/thumb\libstdc++.a(eh_alloc.o)
                0x0800d894                __gnu_cxx::__throw_concurrence_lock_error()
 .text.unlikely._ZN9__gnu_cxx32__throw_concurrence_unlock_errorEv
                0x0800d8b4       0x20 C:/devkitPro/devkitARM/bin/../lib/gcc/arm-none-eabi/16.1.0/../../../../arm-none-eabi/lib/thumb\libstdc++.a(eh_alloc.o)
                0x0800d8b4                __gnu_cxx::__throw_concurrence_unlock_error()
 .text._ZN12_GLOBAL__N_14pool4freeEPv.constprop.0
                0x0800d8d4       0xa0 C:/devkitPro/devkitARM/bin/../lib/gcc/arm-none-eabi/16.1.0/../../../../arm-none-eabi/lib/thumb\libstdc++.a(eh_alloc.o)
 .text._ZN12_GLOBAL__N_14pool8allocateEj.constprop.0
                0x0800d974       0x74 C:/devkitPro/devkitARM/bin/../lib/gcc/arm-none-eabi/16.1.0/../../../../arm-none-eabi/lib/thumb\libstdc++.a(eh_alloc.o)
 .text.__cxa_allocate_exception
                0x0800d9e8       0x30 C:/devkitPro/devkitARM/bin/../lib/gcc/arm-none-eabi/16.1.0/../../../../arm-none-eabi/lib/thumb\libstdc++.a(eh_alloc.o)
                0x0800d9e8                __cxa_allocate_exception
 .text.__cxa_free_exception
                0x0800da18       0x28 C:/devkitPro/devkitARM/bin/../lib/gcc/arm-none-eabi/16.1.0/../../../../arm-none-eabi/lib/thumb\libstdc++.a(eh_alloc.o)
                0x0800da18                __cxa_free_exception
 .text.startup._GLOBAL__sub_I__ZN9__gnu_cxx9__freeresEv
                0x0800da40      0x114 C:/devkitPro/devkitARM/bin/../lib/gcc/arm-none-eabi/16.1.0/../../../../arm-none-eabi/lib/thumb\libstdc++.a(eh_alloc.o)
 .text.exit._GLOBAL__sub_D__ZN9__gnu_cxx9__freeresEv
                0x0800db54       0x18 C:/devkitPro/devkitARM/bin/../lib/gcc/arm-none-eabi/16.1.0/../../../../arm-none-eabi/lib/thumb\libstdc++.a(eh_alloc.o)
 .text.__cxa_end_cleanup
                0x0800db6c        0xc C:/devkitPro/devkitARM/bin/../lib/gcc/arm-none-eabi/16.1.0/../../../../arm-none-eabi/lib/thumb\libstdc++.a(eh_arm.o)
                0x0800db6c                __cxa_end_cleanup
 .text.__cxa_type_match
                0x0800db78       0xc8 C:/devkitPro/devkitARM/bin/../lib/gcc/arm-none-eabi/16.1.0/../../../../arm-none-eabi/lib/thumb\libstdc++.a(eh_arm.o)
                0x0800db78                __cxa_type_match
 .text.__cxa_begin_cleanup
                0x0800dc40       0x64 C:/devkitPro/devkitARM/bin/../lib/gcc/arm-none-eabi/16.1.0/../../../../arm-none-eabi/lib/thumb\libstdc++.a(eh_arm.o)
                0x0800dc40                __cxa_begin_cleanup
 .text.__gnu_end_cleanup
                0x0800dca4       0x74 C:/devkitPro/devkitARM/bin/../lib/gcc/arm-none-eabi/16.1.0/../../../../arm-none-eabi/lib/thumb\libstdc++.a(eh_arm.o)
                0x0800dca4                __gnu_end_cleanup
 .text._ZNSt9exceptionD2Ev
                0x0800dd18        0x4 C:/devkitPro/devkitARM/bin/../lib/gcc/arm-none-eabi/16.1.0/../../../../arm-none-eabi/lib/thumb\libstdc++.a(eh_exception.o)
                0x0800dd18                std::exception::~exception()
                0x0800dd18                std::exception::~exception()
 .text._ZNSt13bad_exceptionD2Ev
                0x0800dd1c        0x4 C:/devkitPro/devkitARM/bin/../lib/gcc/arm-none-eabi/16.1.0/../../../../arm-none-eabi/lib/thumb\libstdc++.a(eh_exception.o)
                0x0800dd1c                std::bad_exception::~bad_exception()
                0x0800dd1c                std::bad_exception::~bad_exception()
 .text._ZNKSt13bad_exception4whatEv
                0x0800dd20        0x8 C:/devkitPro/devkitARM/bin/../lib/gcc/arm-none-eabi/16.1.0/../../../../arm-none-eabi/lib/thumb\libstdc++.a(eh_exception.o)
                0x0800dd20                std::bad_exception::what() const
                0x0800dd20                transaction clone for std::bad_exception::what() const
 .text._ZNSt13bad_exceptionD0Ev
                0x0800dd28       0x14 C:/devkitPro/devkitARM/bin/../lib/gcc/arm-none-eabi/16.1.0/../../../../arm-none-eabi/lib/thumb\libstdc++.a(eh_exception.o)
                0x0800dd28                std::bad_exception::~bad_exception()
 .text._ZL15eh_globals_dtorPv
                0x0800dd3c       0x28 C:/devkitPro/devkitARM/bin/../lib/gcc/arm-none-eabi/16.1.0/../../../../arm-none-eabi/lib/thumb\libstdc++.a(eh_globals.o)
 .text.__cxa_get_globals_fast
                0x0800dd64       0x28 C:/devkitPro/devkitARM/bin/../lib/gcc/arm-none-eabi/16.1.0/../../../../arm-none-eabi/lib/thumb\libstdc++.a(eh_globals.o)
                0x0800dd64                __cxa_get_globals_fast
 .text.__cxa_get_globals
                0x0800dd8c       0x50 C:/devkitPro/devkitARM/bin/../lib/gcc/arm-none-eabi/16.1.0/../../../../arm-none-eabi/lib/thumb\libstdc++.a(eh_globals.o)
                0x0800dd8c                __cxa_get_globals
 .text.startup._GLOBAL__sub_I__ZN17__eh_globals_init7_S_initE
                0x0800dddc       0x24 C:/devkitPro/devkitARM/bin/../lib/gcc/arm-none-eabi/16.1.0/../../../../arm-none-eabi/lib/thumb\libstdc++.a(eh_globals.o)
 .text.exit._GLOBAL__sub_D__ZN17__eh_globals_init7_S_initE
                0x0800de00       0x28 C:/devkitPro/devkitARM/bin/../lib/gcc/arm-none-eabi/16.1.0/../../../../arm-none-eabi/lib/thumb\libstdc++.a(eh_globals.o)
 .text._ZL28read_encoded_value_with_basehjPKhPj
                0x0800de28       0xec C:/devkitPro/devkitARM/bin/../lib/gcc/arm-none-eabi/16.1.0/../../../../arm-none-eabi/lib/thumb\libstdc++.a(eh_personality.o)
 .text._ZL21base_of_encoded_valuehP15_Unwind_Context
                0x0800df14       0x40 C:/devkitPro/devkitARM/bin/../lib/gcc/arm-none-eabi/16.1.0/../../../../arm-none-eabi/lib/thumb\libstdc++.a(eh_personality.o)
 .text._ZL17parse_lsda_headerP15_Unwind_ContextPKhP16lsda_header_info
                0x0800df54       0x90 C:/devkitPro/devkitARM/bin/../lib/gcc/arm-none-eabi/16.1.0/../../../../arm-none-eabi/lib/thumb\libstdc++.a(eh_personality.o)
 .text.__gxx_personality_v0
                0x0800dfe4      0x4bc C:/devkitPro/devkitARM/bin/../lib/gcc/arm-none-eabi/16.1.0/../../../../arm-none-eabi/lib/thumb\libstdc++.a(eh_personality.o)
                0x0800dfe4                __gxx_personality_v0
 .text._ZN10__cxxabiv111__terminateEPFvvE
                0x0800e4a0       0x14 C:/devkitPro/devkitARM/bin/../lib/gcc/arm-none-eabi/16.1.0/../../../../arm-none-eabi/lib/thumb\libstdc++.a(eh_terminate.o)
                0x0800e4a0                __cxxabiv1::__terminate(void (*)())
 .text._ZSt13get_terminatev
                0x0800e4b4       0x34 C:/devkitPro/devkitARM/bin/../lib/gcc/arm-none-eabi/16.1.0/../../../../arm-none-eabi/lib/thumb\libstdc++.a(eh_terminate.o)
                0x0800e4b4                std::get_terminate()
 .text.unlikely._ZSt9terminatev
                0x0800e4e8        0xa C:/devkitPro/devkitARM/bin/../lib/gcc/arm-none-eabi/16.1.0/../../../../arm-none-eabi/lib/thumb\libstdc++.a(eh_terminate.o)
                0x0800e4e8                std::terminate()
 *fill*         0x0800e4f2        0x2 ff
 .text._ZN10__cxxabiv112__unexpectedEPFvvE
                0x0800e4f4        0xc C:/devkitPro/devkitARM/bin/../lib/gcc/arm-none-eabi/16.1.0/../../../../arm-none-eabi/lib/thumb\libstdc++.a(eh_terminate.o)
                0x0800e4f4                __cxxabiv1::__unexpected(void (*)())
 .text._ZSt14get_unexpectedv
                0x0800e500       0x34 C:/devkitPro/devkitARM/bin/../lib/gcc/arm-none-eabi/16.1.0/../../../../arm-none-eabi/lib/thumb\libstdc++.a(eh_terminate.o)
                0x0800e500                std::get_unexpected()
 .text.unlikely._ZSt10unexpectedv
                0x0800e534        0xa C:/devkitPro/devkitARM/bin/../lib/gcc/arm-none-eabi/16.1.0/../../../../arm-none-eabi/lib/thumb\libstdc++.a(eh_terminate.o)
                0x0800e534                std::unexpected()
 *fill*         0x0800e53e        0x2 ff
 .text.startup._GLOBAL__sub_I__ZN10__cxxabiv111__terminateEPFvvE
                0x0800e540       0x10 C:/devkitPro/devkitARM/bin/../lib/gcc/arm-none-eabi/16.1.0/../../../../arm-none-eabi/lib/thumb\libstdc++.a(eh_terminate.o)
 .text._ZL23__gxx_exception_cleanup19_Unwind_Reason_CodeP21_Unwind_Control_Block
                0x0800e550       0x40 C:/devkitPro/devkitARM/bin/../lib/gcc/arm-none-eabi/16.1.0/../../../../arm-none-eabi/lib/thumb\libstdc++.a(eh_throw.o)
 .text.__cxa_throw
                0x0800e590       0x74 C:/devkitPro/devkitARM/bin/../lib/gcc/arm-none-eabi/16.1.0/../../../../arm-none-eabi/lib/thumb\libstdc++.a(eh_throw.o)
                0x0800e590                __cxa_throw
 .text.__cxa_rethrow
                0x0800e604       0x70 C:/devkitPro/devkitARM/bin/../lib/gcc/arm-none-eabi/16.1.0/../../../../arm-none-eabi/lib/thumb\libstdc++.a(eh_throw.o)
                0x0800e604                __cxa_rethrow
 .text._ZSt15get_new_handlerv
                0x0800e674       0x34 C:/devkitPro/devkitARM/bin/../lib/gcc/arm-none-eabi/16.1.0/../../../../arm-none-eabi/lib/thumb\libstdc++.a(new_handler.o)
                0x0800e674                std::get_new_handler()
 .text.startup._GLOBAL__sub_I__ZSt7nothrow
                0x0800e6a8       0x10 C:/devkitPro/devkitARM/bin/../lib/gcc/arm-none-eabi/16.1.0/../../../../arm-none-eabi/lib/thumb\libstdc++.a(new_handler.o)
 .text._ZN10__cxxabiv120__si_class_type_infoD2Ev
                0x0800e6b8       0x18 C:/devkitPro/devkitARM/bin/../lib/gcc/arm-none-eabi/16.1.0/../../../../arm-none-eabi/lib/thumb\libstdc++.a(si_class_type_info.o)
                0x0800e6b8                __cxxabiv1::__si_class_type_info::~__si_class_type_info()
                0x0800e6b8                __cxxabiv1::__si_class_type_info::~__si_class_type_info()
 .text._ZN10__cxxabiv120__si_class_type_infoD0Ev
                0x0800e6d0       0x20 C:/devkitPro/devkitARM/bin/../lib/gcc/arm-none-eabi/16.1.0/../../../../arm-none-eabi/lib/thumb\libstdc++.a(si_class_type_info.o)
                0x0800e6d0                __cxxabiv1::__si_class_type_info::~__si_class_type_info()
 .text._ZNK10__cxxabiv120__si_class_type_info20__do_find_public_srcEiPKvPKNS_17__class_type_infoES2_
                0x0800e6f0       0x40 C:/devkitPro/devkitARM/bin/../lib/gcc/arm-none-eabi/16.1.0/../../../../arm-none-eabi/lib/thumb\libstdc++.a(si_class_type_info.o)
                0x0800e6f0                __cxxabiv1::__si_class_type_info::__do_find_public_src(int, void const*, __cxxabiv1::__class_type_info const*, void const*) const
 .text._ZNK10__cxxabiv120__si_class_type_info12__do_dyncastEiNS_17__class_type_info10__sub_kindEPKS1_PKvS4_S6_RNS1_16__dyncast_resultE
                0x0800e730       0xa0 C:/devkitPro/devkitARM/bin/../lib/gcc/arm-none-eabi/16.1.0/../../../../arm-none-eabi/lib/thumb\libstdc++.a(si_class_type_info.o)
                0x0800e730                __cxxabiv1::__si_class_type_info::__do_dyncast(int, __cxxabiv1::__class_type_info::__sub_kind, __cxxabiv1::__class_type_info const*, void const*, __cxxabiv1::__class_type_info const*, void const*, __cxxabiv1::__class_type_info::__dyncast_result&) const
 .text._ZNK10__cxxabiv120__si_class_type_info11__do_upcastEPKNS_17__class_type_infoEPKvRNS1_15__upcast_resultE
                0x0800e7d0       0x2c C:/devkitPro/devkitARM/bin/../lib/gcc/arm-none-eabi/16.1.0/../../../../arm-none-eabi/lib/thumb\libstdc++.a(si_class_type_info.o)
                0x0800e7d0                __cxxabiv1::__si_class_type_info::__do_upcast(__cxxabiv1::__class_type_info const*, void const*, __cxxabiv1::__class_type_info::__upcast_result&) const
 .text._ZNSt9type_infoD2Ev
                0x0800e7fc        0x4 C:/devkitPro/devkitARM/bin/../lib/gcc/arm-none-eabi/16.1.0/../../../../arm-none-eabi/lib/thumb\libstdc++.a(tinfo.o)
                0x0800e7fc                std::type_info::~type_info()
                0x0800e7fc                std::type_info::~type_info()
 .text._ZNKSt9type_info14__is_pointer_pEv
                0x0800e800        0x4 C:/devkitPro/devkitARM/bin/../lib/gcc/arm-none-eabi/16.1.0/../../../../arm-none-eabi/lib/thumb\libstdc++.a(tinfo.o)
                0x0800e800                std::type_info::__is_pointer_p() const
                0x0800e800                std::type_info::__is_function_p() const
 .text._ZNKSt9type_infoeqERKS_
                0x0800e804       0x30 C:/devkitPro/devkitARM/bin/../lib/gcc/arm-none-eabi/16.1.0/../../../../arm-none-eabi/lib/thumb\libstdc++.a(tinfo.o)
                0x0800e804                std::type_info::operator==(std::type_info const&) const
                0x0800e804                std::type_info::__equal(std::type_info const&) const
 .text._ZNKSt11logic_error4whatEv
                0x0800e834        0x4 C:/devkitPro/devkitARM/bin/../lib/gcc/arm-none-eabi/16.1.0/../../../../arm-none-eabi/lib/thumb\libstdc++.a(stdexcept.o)
                0x0800e834                std::logic_error::what() const
                0x0800e834                std::runtime_error::what() const
 .text._ZNSt11logic_errorD2Ev
                0x0800e838       0x48 C:/devkitPro/devkitARM/bin/../lib/gcc/arm-none-eabi/16.1.0/../../../../arm-none-eabi/lib/thumb\libstdc++.a(stdexcept.o)
                0x0800e838                std::logic_error::~logic_error()
                0x0800e838                std::logic_error::~logic_error()
 .text._ZNSt12length_errorD2Ev
                0x0800e880       0x48 C:/devkitPro/devkitARM/bin/../lib/gcc/arm-none-eabi/16.1.0/../../../../arm-none-eabi/lib/thumb\libstdc++.a(stdexcept.o)
                0x0800e880                std::length_error::~length_error()
                0x0800e880                std::length_error::~length_error()
 .text._ZNSt11logic_errorD0Ev
                0x0800e8c8       0x4c C:/devkitPro/devkitARM/bin/../lib/gcc/arm-none-eabi/16.1.0/../../../../arm-none-eabi/lib/thumb\libstdc++.a(stdexcept.o)
                0x0800e8c8                std::logic_error::~logic_error()
 .text._ZNSt12length_errorD0Ev
                0x0800e914       0x4c C:/devkitPro/devkitARM/bin/../lib/gcc/arm-none-eabi/16.1.0/../../../../arm-none-eabi/lib/thumb\libstdc++.a(stdexcept.o)
                0x0800e914                std::length_error::~length_error()
 .text._ZNSt11logic_errorC2EPKc
                0x0800e960       0x8c C:/devkitPro/devkitARM/bin/../lib/gcc/arm-none-eabi/16.1.0/../../../../arm-none-eabi/lib/thumb\libstdc++.a(cow-stdexcept.o)
                0x0800e960                std::logic_error::logic_error(char const*)
                0x0800e960                std::logic_error::logic_error(char const*)
 .text._ZNSt12length_errorC2EPKc
                0x0800e9ec       0x18 C:/devkitPro/devkitARM/bin/../lib/gcc/arm-none-eabi/16.1.0/../../../../arm-none-eabi/lib/thumb\libstdc++.a(cow-stdexcept.o)
                0x0800e9ec                std::length_error::length_error(char const*)
                0x0800e9ec                std::length_error::length_error(char const*)
 .text._ZNSs4_Rep9_S_createEjjRKSaIcE
                0x0800ea04       0x60 C:/devkitPro/devkitARM/bin/../lib/gcc/arm-none-eabi/16.1.0/../../../../arm-none-eabi/lib/thumb\libstdc++.a(cow-string-inst.o)
                0x0800ea04                std::string::_Rep::_S_create(unsigned int, unsigned int, std::allocator<char> const&)
 .text._ZNSs4_Rep10_M_destroyERKSaIcE
                0x0800ea64        0xc C:/devkitPro/devkitARM/bin/../lib/gcc/arm-none-eabi/16.1.0/../../../../arm-none-eabi/lib/thumb\libstdc++.a(cow-string-inst.o)
                0x0800ea64                std::string::_Rep::_M_destroy(std::allocator<char> const&)
 .text._ZN9__gnu_cxx18__exchange_and_addEPVii
                0x0800ea70       0x88 C:/devkitPro/devkitARM/bin/../lib/gcc/arm-none-eabi/16.1.0/../../../../arm-none-eabi/lib/thumb\libstdc++.a(atomicity.o)
                0x0800ea70                __gnu_cxx::__exchange_and_add(int volatile*, int)
 .text._ZNK10__cxxabiv117__class_type_info20__do_find_public_srcEiPKvPKS0_S2_
                0x0800eaf8       0x14 C:/devkitPro/devkitARM/bin/../lib/gcc/arm-none-eabi/16.1.0/../../../../arm-none-eabi/lib/thumb\libstdc++.a(class_type_info.o)
                0x0800eaf8                __cxxabiv1::__class_type_info::__do_find_public_src(int, void const*, __cxxabiv1::__class_type_info const*, void const*) const
 .text._ZN10__cxxabiv117__class_type_infoD2Ev
                0x0800eb0c       0x18 C:/devkitPro/devkitARM/bin/../lib/gcc/arm-none-eabi/16.1.0/../../../../arm-none-eabi/lib/thumb\libstdc++.a(class_type_info.o)
                0x0800eb0c                __cxxabiv1::__class_type_info::~__class_type_info()
                0x0800eb0c                __cxxabiv1::__class_type_info::~__class_type_info()
 .text._ZN10__cxxabiv117__class_type_infoD0Ev
                0x0800eb24       0x20 C:/devkitPro/devkitARM/bin/../lib/gcc/arm-none-eabi/16.1.0/../../../../arm-none-eabi/lib/thumb\libstdc++.a(class_type_info.o)
                0x0800eb24                __cxxabiv1::__class_type_info::~__class_type_info()
 .text._ZNK10__cxxabiv117__class_type_info12__do_dyncastEiNS0_10__sub_kindEPKS0_PKvS3_S5_RNS0_16__dyncast_resultE
                0x0800eb44       0x44 C:/devkitPro/devkitARM/bin/../lib/gcc/arm-none-eabi/16.1.0/../../../../arm-none-eabi/lib/thumb\libstdc++.a(class_type_info.o)
                0x0800eb44                __cxxabiv1::__class_type_info::__do_dyncast(int, __cxxabiv1::__class_type_info::__sub_kind, __cxxabiv1::__class_type_info const*, void const*, __cxxabiv1::__class_type_info const*, void const*, __cxxabiv1::__class_type_info::__dyncast_result&) const
 .text._ZNK10__cxxabiv117__class_type_info11__do_upcastEPKS0_PKvRNS0_15__upcast_resultE
                0x0800eb88       0x20 C:/devkitPro/devkitARM/bin/../lib/gcc/arm-none-eabi/16.1.0/../../../../arm-none-eabi/lib/thumb\libstdc++.a(class_type_info.o)
                0x0800eb88                __cxxabiv1::__class_type_info::__do_upcast(__cxxabiv1::__class_type_info const*, void const*, __cxxabiv1::__class_type_info::__upcast_result&) const
 .text._ZNK10__cxxabiv117__class_type_info11__do_upcastEPKS0_PPv
                0x0800eba8       0x58 C:/devkitPro/devkitARM/bin/../lib/gcc/arm-none-eabi/16.1.0/../../../../arm-none-eabi/lib/thumb\libstdc++.a(class_type_info.o)
                0x0800eba8                __cxxabiv1::__class_type_info::__do_upcast(__cxxabiv1::__class_type_info const*, void**) const
 .text._ZNK10__cxxabiv117__class_type_info10__do_catchEPKSt9type_infoPPvj
                0x0800ec00       0x44 C:/devkitPro/devkitARM/bin/../lib/gcc/arm-none-eabi/16.1.0/../../../../arm-none-eabi/lib/thumb\libstdc++.a(class_type_info.o)
                0x0800ec00                __cxxabiv1::__class_type_info::__do_catch(std::type_info const*, void**, unsigned int) const
 .text.unlikely._ZN10__cxxabiv1L24__is_gxx_exception_classEPc
                0x0800ec44       0x3a C:/devkitPro/devkitARM/bin/../lib/gcc/arm-none-eabi/16.1.0/../../../../arm-none-eabi/lib/thumb\libstdc++.a(eh_call.o)
 .text.unlikely.__cxa_call_terminate
                0x0800ec7e       0x20 C:/devkitPro/devkitARM/bin/../lib/gcc/arm-none-eabi/16.1.0/../../../../arm-none-eabi/lib/thumb\libstdc++.a(eh_call.o)
                0x0800ec7e                __cxa_call_terminate
 *fill*         0x0800ec9e        0x2 ff
 .text.unlikely.__cxa_call_unexpected
                0x0800eca0      0x108 C:/devkitPro/devkitARM/bin/../lib/gcc/arm-none-eabi/16.1.0/../../../../arm-none-eabi/lib/thumb\libstdc++.a(eh_call.o)
                0x0800eca0                __cxa_call_unexpected
 .text.__cxa_begin_catch
                0x0800eda8       0x78 C:/devkitPro/devkitARM/bin/../lib/gcc/arm-none-eabi/16.1.0/../../../../arm-none-eabi/lib/thumb\libstdc++.a(eh_catch.o)
                0x0800eda8                __cxa_begin_catch
 .text.__cxa_end_catch
                0x0800ee20       0x94 C:/devkitPro/devkitARM/bin/../lib/gcc/arm-none-eabi/16.1.0/../../../../arm-none-eabi/lib/thumb\libstdc++.a(eh_catch.o)
                0x0800ee20                __cxa_end_catch
 .text._ZNK9__gnu_cxx29__concurrence_broadcast_error4whatEv
                0x0800eeb4        0x8 C:/devkitPro/devkitARM/bin/../lib/gcc/arm-none-eabi/16.1.0/../../../../arm-none-eabi/lib/thumb\libstdc++.a(guard.o)
                0x0800eeb4                __gnu_cxx::__concurrence_broadcast_error::what() const
 .text._ZNK9__gnu_cxx24__concurrence_wait_error4whatEv
                0x0800eebc        0x8 C:/devkitPro/devkitARM/bin/../lib/gcc/arm-none-eabi/16.1.0/../../../../arm-none-eabi/lib/thumb\libstdc++.a(guard.o)
                0x0800eebc                __gnu_cxx::__concurrence_wait_error::what() const
 .text._ZN12_GLOBAL__N_1L4initEv
                0x0800eec4       0x20 C:/devkitPro/devkitARM/bin/../lib/gcc/arm-none-eabi/16.1.0/../../../../arm-none-eabi/lib/thumb\libstdc++.a(guard.o)
 .text._ZN12_GLOBAL__N_1L16init_static_condEv
                0x0800eee4       0x18 C:/devkitPro/devkitARM/bin/../lib/gcc/arm-none-eabi/16.1.0/../../../../arm-none-eabi/lib/thumb\libstdc++.a(guard.o)
 .text._ZN9__gnu_cxx24__concurrence_wait_errorD2Ev
                0x0800eefc       0x18 C:/devkitPro/devkitARM/bin/../lib/gcc/arm-none-eabi/16.1.0/../../../../arm-none-eabi/lib/thumb\libstdc++.a(guard.o)
                0x0800eefc                __gnu_cxx::__concurrence_wait_error::~__concurrence_wait_error()
                0x0800eefc                __gnu_cxx::__concurrence_wait_error::~__concurrence_wait_error()
 .text._ZN9__gnu_cxx24__concurrence_wait_errorD0Ev
                0x0800ef14       0x20 C:/devkitPro/devkitARM/bin/../lib/gcc/arm-none-eabi/16.1.0/../../../../arm-none-eabi/lib/thumb\libstdc++.a(guard.o)
                0x0800ef14                __gnu_cxx::__concurrence_wait_error::~__concurrence_wait_error()
 .text._ZN9__gnu_cxx29__concurrence_broadcast_errorD2Ev
                0x0800ef34       0x18 C:/devkitPro/devkitARM/bin/../lib/gcc/arm-none-eabi/16.1.0/../../../../arm-none-eabi/lib/thumb\libstdc++.a(guard.o)
                0x0800ef34                __gnu_cxx::__concurrence_broadcast_error::~__concurrence_broadcast_error()
                0x0800ef34                __gnu_cxx::__concurrence_broadcast_error::~__concurrence_broadcast_error()
 .text._ZN9__gnu_cxx29__concurrence_broadcast_errorD0Ev
                0x0800ef4c       0x20 C:/devkitPro/devkitARM/bin/../lib/gcc/arm-none-eabi/16.1.0/../../../../arm-none-eabi/lib/thumb\libstdc++.a(guard.o)
                0x0800ef4c                __gnu_cxx::__concurrence_broadcast_error::~__concurrence_broadcast_error()
 .text.unlikely._ZN9__gnu_cxx35__throw_concurrence_broadcast_errorEv
                0x0800ef6c       0x20 C:/devkitPro/devkitARM/bin/../lib/gcc/arm-none-eabi/16.1.0/../../../../arm-none-eabi/lib/thumb\libstdc++.a(guard.o)
                0x0800ef6c                __gnu_cxx::__throw_concurrence_broadcast_error()
 .text.__cxa_guard_acquire
                0x0800ef8c       0xf8 C:/devkitPro/devkitARM/bin/../lib/gcc/arm-none-eabi/16.1.0/../../../../arm-none-eabi/lib/thumb\libstdc++.a(guard.o)
                0x0800ef8c                __cxa_guard_acquire
 .text.__cxa_guard_release
                0x0800f084       0x6c C:/devkitPro/devkitARM/bin/../lib/gcc/arm-none-eabi/16.1.0/../../../../arm-none-eabi/lib/thumb\libstdc++.a(guard.o)
                0x0800f084                __cxa_guard_release
 .text          0x0800f0f0      0x11c C:/devkitPro/devkitARM/bin/../lib/gcc/arm-none-eabi/16.1.0/thumb\libgcc.a(_udivsi3.o)
                0x0800f0f0                __aeabi_uidiv
                0x0800f0f0                __udivsi3
                0x0800f1ec                __aeabi_uidivmod
 .text          0x0800f20c      0x150 C:/devkitPro/devkitARM/bin/../lib/gcc/arm-none-eabi/16.1.0/thumb\libgcc.a(_divsi3.o)
                0x0800f20c                __divsi3
                0x0800f20c                __aeabi_idiv
                0x0800f33c                __aeabi_idivmod
 .text          0x0800f35c        0x4 C:/devkitPro/devkitARM/bin/../lib/gcc/arm-none-eabi/16.1.0/thumb\libgcc.a(_dvmd_tls.o)
                0x0800f35c                __aeabi_idiv0
                0x0800f35c                __aeabi_ldiv0
 .text          0x0800f360       0x3c C:/devkitPro/devkitARM/bin/../lib/gcc/arm-none-eabi/16.1.0/thumb\libgcc.a(_call_via_rX.o)
                0x0800f360                _call_via_r0
                0x0800f364                _call_via_r1
                0x0800f368                _call_via_r2
                0x0800f36c                _call_via_r3
                0x0800f370                _call_via_r4
                0x0800f374                _call_via_r5
                0x0800f378                _call_via_r6
                0x0800f37c                _call_via_r7
                0x0800f380                _call_via_r8
                0x0800f384                _call_via_r9
                0x0800f388                _call_via_sl
                0x0800f38c                _call_via_fp
                0x0800f390                _call_via_ip
                0x0800f394                _call_via_sp
                0x0800f398                _call_via_lr
 .text          0x0800f39c      0x424 C:/devkitPro/devkitARM/bin/../lib/gcc/arm-none-eabi/16.1.0/thumb\libgcc.a(_arm_addsubdf3.o)
                0x0800f39c                __aeabi_drsub
                0x0800f3a4                __aeabi_dsub
                0x0800f3a4                __subdf3
                0x0800f3a8                __aeabi_dadd
                0x0800f3a8                __adddf3
                0x0800f6b8                __floatunsidf
                0x0800f6b8                __aeabi_ui2d
                0x0800f6dc                __floatsidf
                0x0800f6dc                __aeabi_i2d
                0x0800f704                __aeabi_f2d
                0x0800f704                __extendsfdf2
                0x0800f74c                __floatundidf
                0x0800f74c                __aeabi_ul2d
                0x0800f760                __floatdidf
                0x0800f760                __aeabi_l2d
 .text          0x0800f7c0      0x144 C:/devkitPro/devkitARM/bin/../lib/gcc/arm-none-eabi/16.1.0/thumb\libgcc.a(_arm_cmpdf2.o)
                0x0800f7c0                __gtdf2
                0x0800f7c0                __gedf2
                0x0800f7c8                __ltdf2
                0x0800f7c8                __ledf2
                0x0800f7d0                __nedf2
                0x0800f7d0                __eqdf2
                0x0800f7d0                __cmpdf2
                0x0800f858                __aeabi_cdrcmple
                0x0800f874                __aeabi_cdcmpeq
                0x0800f874                __aeabi_cdcmple
                0x0800f88c                __aeabi_dcmpeq
                0x0800f8a4                __aeabi_dcmplt
                0x0800f8bc                __aeabi_dcmple
                0x0800f8d4                __aeabi_dcmpge
                0x0800f8ec                __aeabi_dcmpgt
 .text          0x0800f904       0x5c C:/devkitPro/devkitARM/bin/../lib/gcc/arm-none-eabi/16.1.0/thumb\libgcc.a(_arm_fixdfsi.o)
                0x0800f904                __aeabi_d2iz
                0x0800f904                __fixdfsi
 .text          0x0800f960       0x48 C:/devkitPro/devkitARM/bin/../lib/gcc/arm-none-eabi/16.1.0/thumb\libgcc.a(_clzsi2.o)
                0x0800f960                __clzsi2
 .text          0x0800f9a8       0x50 C:/devkitPro/devkitARM/bin/../lib/gcc/arm-none-eabi/16.1.0/thumb\libgcc.a(_ctzsi2.o)
                0x0800f9a8                __ctzsi2
 .text          0x0800f9f8        0x4 C:/devkitPro/devkitARM/bin/../lib/gcc/arm-none-eabi/16.1.0/thumb\libgcc.a(_sync_none.o)
                0x0800f9f8                __sync_synchronize_none
 .text.__muldi3
                0x0800f9fc       0x58 C:/devkitPro/devkitARM/bin/../lib/gcc/arm-none-eabi/16.1.0/thumb\libgcc.a(_muldi3.o)
                0x0800f9fc                __muldi3
                0x0800f9fc                __aeabi_lmul
 .text.selfrel_offset31
                0x0800fa54       0x18 C:/devkitPro/devkitARM/bin/../lib/gcc/arm-none-eabi/16.1.0/thumb\libgcc.a(unwind-arm.o)
 .text.search_EIT_table
                0x0800fa6c       0x74 C:/devkitPro/devkitARM/bin/../lib/gcc/arm-none-eabi/16.1.0/thumb\libgcc.a(unwind-arm.o)
 .text.__gnu_unwind_get_pr_addr
                0x0800fae0       0x28 C:/devkitPro/devkitARM/bin/../lib/gcc/arm-none-eabi/16.1.0/thumb\libgcc.a(unwind-arm.o)
 .text.get_eit_entry
                0x0800fb08       0x98 C:/devkitPro/devkitARM/bin/../lib/gcc/arm-none-eabi/16.1.0/thumb\libgcc.a(unwind-arm.o)
 .text.restore_non_core_regs
                0x0800fba0       0x5c C:/devkitPro/devkitARM/bin/../lib/gcc/arm-none-eabi/16.1.0/thumb\libgcc.a(unwind-arm.o)
 .text._Unwind_decode_typeinfo_ptr.constprop.0
                0x0800fbfc        0xc C:/devkitPro/devkitARM/bin/../lib/gcc/arm-none-eabi/16.1.0/thumb\libgcc.a(unwind-arm.o)
 .text._Unwind_DebugHook
                0x0800fc08        0x4 C:/devkitPro/devkitARM/bin/../lib/gcc/arm-none-eabi/16.1.0/thumb\libgcc.a(unwind-arm.o)
 .text.unwind_phase2
                0x0800fc0c       0x40 C:/devkitPro/devkitARM/bin/../lib/gcc/arm-none-eabi/16.1.0/thumb\libgcc.a(unwind-arm.o)
 .text.unwind_phase2_forced
                0x0800fc4c       0xe0 C:/devkitPro/devkitARM/bin/../lib/gcc/arm-none-eabi/16.1.0/thumb\libgcc.a(unwind-arm.o)
 .text.__gnu_Unwind_RaiseException
                0x0800fd2c       0x58 C:/devkitPro/devkitARM/bin/../lib/gcc/arm-none-eabi/16.1.0/thumb\libgcc.a(unwind-arm.o)
                0x0800fd2c                __gnu_Unwind_RaiseException
 .text.__gnu_Unwind_ForcedUnwind
                0x0800fd84       0x18 C:/devkitPro/devkitARM/bin/../lib/gcc/arm-none-eabi/16.1.0/thumb\libgcc.a(unwind-arm.o)
                0x0800fd84                __gnu_Unwind_ForcedUnwind
 .text.__gnu_Unwind_Resume
                0x0800fd9c       0x4c C:/devkitPro/devkitARM/bin/../lib/gcc/arm-none-eabi/16.1.0/thumb\libgcc.a(unwind-arm.o)
                0x0800fd9c                __gnu_Unwind_Resume
 .text.__gnu_Unwind_Resume_or_Rethrow
                0x0800fde8       0x20 C:/devkitPro/devkitARM/bin/../lib/gcc/arm-none-eabi/16.1.0/thumb\libgcc.a(unwind-arm.o)
                0x0800fde8                __gnu_Unwind_Resume_or_Rethrow
 .text._Unwind_Complete
                0x0800fe08        0x4 C:/devkitPro/devkitARM/bin/../lib/gcc/arm-none-eabi/16.1.0/thumb\libgcc.a(unwind-arm.o)
                0x0800fe08                _Unwind_Complete
 .text._Unwind_DeleteException
                0x0800fe0c       0x18 C:/devkitPro/devkitARM/bin/../lib/gcc/arm-none-eabi/16.1.0/thumb\libgcc.a(unwind-arm.o)
                0x0800fe0c                _Unwind_DeleteException
 .text._Unwind_VRS_Get
                0x0800fe24       0x44 C:/devkitPro/devkitARM/bin/../lib/gcc/arm-none-eabi/16.1.0/thumb\libgcc.a(unwind-arm.o)
                0x0800fe24                _Unwind_VRS_Get
 .text._Unwind_GetGR
                0x0800fe68       0x1c C:/devkitPro/devkitARM/bin/../lib/gcc/arm-none-eabi/16.1.0/thumb\libgcc.a(unwind-arm.o)
 .text._Unwind_VRS_Set
                0x0800fe84       0x44 C:/devkitPro/devkitARM/bin/../lib/gcc/arm-none-eabi/16.1.0/thumb\libgcc.a(unwind-arm.o)
                0x0800fe84                _Unwind_VRS_Set
 .text._Unwind_SetGR
                0x0800fec8       0x1c C:/devkitPro/devkitARM/bin/../lib/gcc/arm-none-eabi/16.1.0/thumb\libgcc.a(unwind-arm.o)
 .text.__gnu_Unwind_Backtrace
                0x0800fee4       0x78 C:/devkitPro/devkitARM/bin/../lib/gcc/arm-none-eabi/16.1.0/thumb\libgcc.a(unwind-arm.o)
                0x0800fee4                __gnu_Unwind_Backtrace
 .text.__gnu_unwind_pr_common
                0x0800ff5c      0x2d0 C:/devkitPro/devkitARM/bin/../lib/gcc/arm-none-eabi/16.1.0/thumb\libgcc.a(unwind-arm.o)
 .text.__aeabi_unwind_cpp_pr0
                0x0801022c       0x10 C:/devkitPro/devkitARM/bin/../lib/gcc/arm-none-eabi/16.1.0/thumb\libgcc.a(unwind-arm.o)
                0x0801022c                __aeabi_unwind_cpp_pr0
 .text.__aeabi_unwind_cpp_pr1
                0x0801023c       0x10 C:/devkitPro/devkitARM/bin/../lib/gcc/arm-none-eabi/16.1.0/thumb\libgcc.a(unwind-arm.o)
                0x0801023c                __aeabi_unwind_cpp_pr1
 .text.__aeabi_unwind_cpp_pr2
                0x0801024c       0x10 C:/devkitPro/devkitARM/bin/../lib/gcc/arm-none-eabi/16.1.0/thumb\libgcc.a(unwind-arm.o)
                0x0801024c                __aeabi_unwind_cpp_pr2
 .text._Unwind_VRS_Pop
                0x0801025c      0x2e4 C:/devkitPro/devkitARM/bin/../lib/gcc/arm-none-eabi/16.1.0/thumb\libgcc.a(unwind-arm.o)
                0x0801025c                _Unwind_VRS_Pop
 .text          0x08010540      0x1d8 C:/devkitPro/devkitARM/bin/../lib/gcc/arm-none-eabi/16.1.0/thumb\libgcc.a(libunwind.o)
                0x08010540                __restore_core_regs
                0x08010540                restore_core_regs
                0x0801055c                __gnu_Unwind_Restore_VFP
                0x08010564                __gnu_Unwind_Save_VFP
                0x0801056c                __gnu_Unwind_Restore_VFP_D
                0x08010574                __gnu_Unwind_Save_VFP_D
                0x0801057c                __gnu_Unwind_Restore_VFP_D_16_to_31
                0x08010584                __gnu_Unwind_Save_VFP_D_16_to_31
                0x0801058c                __gnu_Unwind_Restore_WMMXD
                0x080105d0                __gnu_Unwind_Save_WMMXD
                0x08010614                __gnu_Unwind_Restore_WMMXC
                0x08010628                __gnu_Unwind_Save_WMMXC
                0x0801063c                ___Unwind_RaiseException
                0x0801063c                _Unwind_RaiseException
                0x08010668                _Unwind_Resume
                0x08010668                ___Unwind_Resume
                0x08010694                _Unwind_Resume_or_Rethrow
                0x08010694                ___Unwind_Resume_or_Rethrow
                0x080106c0                _Unwind_ForcedUnwind
                0x080106c0                ___Unwind_ForcedUnwind
                0x080106ec                ___Unwind_Backtrace
                0x080106ec                _Unwind_Backtrace
 .text.next_unwind_byte
                0x08010718       0x34 C:/devkitPro/devkitARM/bin/../lib/gcc/arm-none-eabi/16.1.0/thumb\libgcc.a(pr-support.o)
 .text._Unwind_GetGR.constprop.0
                0x0801074c       0x1c C:/devkitPro/devkitARM/bin/../lib/gcc/arm-none-eabi/16.1.0/thumb\libgcc.a(pr-support.o)
 .text.unwind_UCB_from_context
                0x08010768        0xc C:/devkitPro/devkitARM/bin/../lib/gcc/arm-none-eabi/16.1.0/thumb\libgcc.a(pr-support.o)
 .text.__gnu_unwind_execute
                0x08010774      0x304 C:/devkitPro/devkitARM/bin/../lib/gcc/arm-none-eabi/16.1.0/thumb\libgcc.a(pr-support.o)
                0x08010774                __gnu_unwind_execute
 .text.__gnu_unwind_frame
                0x08010a78       0x2c C:/devkitPro/devkitARM/bin/../lib/gcc/arm-none-eabi/16.1.0/thumb\libgcc.a(pr-support.o)
                0x08010a78                __gnu_unwind_frame
 .text._Unwind_GetRegionStart
                0x08010aa4       0x10 C:/devkitPro/devkitARM/bin/../lib/gcc/arm-none-eabi/16.1.0/thumb\libgcc.a(pr-support.o)
                0x08010aa4                _Unwind_GetRegionStart
 .text._Unwind_GetLanguageSpecificData
                0x08010ab4       0x18 C:/devkitPro/devkitARM/bin/../lib/gcc/arm-none-eabi/16.1.0/thumb\libgcc.a(pr-support.o)
                0x08010ab4                _Unwind_GetLanguageSpecificData
 .text.unlikely._Unwind_GetDataRelBase
                0x08010acc        0x6 C:/devkitPro/devkitARM/bin/../lib/gcc/arm-none-eabi/16.1.0/thumb\libgcc.a(pr-support.o)
                0x08010acc                _Unwind_GetDataRelBase
 .text.unlikely._Unwind_GetTextRelBase
                0x08010ad2        0x6 C:/devkitPro/devkitARM/bin/../lib/gcc/arm-none-eabi/16.1.0/thumb\libgcc.a(pr-support.o)
                0x08010ad2                _Unwind_GetTextRelBase
 .text.getenv   0x08010ad8       0x1c C:/devkitPro/devkitARM/bin/../lib/gcc/arm-none-eabi/16.1.0/../../../../arm-none-eabi/lib/thumb\libg.a(libc_a-getenv.o)
                0x08010ad8                getenv
 .text.memcpy   0x08010af4       0xac C:/devkitPro/devkitARM/bin/../lib/gcc/arm-none-eabi/16.1.0/../../../../arm-none-eabi/lib/thumb\libg.a(libc_a-memcpy-stub.o)
                0x08010af4                memcpy
 .text.strlen   0x08010ba0       0x60 C:/devkitPro/devkitARM/bin/../lib/gcc/arm-none-eabi/16.1.0/../../../../arm-none-eabi/lib/thumb\libg.a(libc_a-strlen.o)
                0x08010ba0                strlen
 .text.sulp     0x08010c00       0x34 C:/devkitPro/devkitARM/bin/../lib/gcc/arm-none-eabi/16.1.0/../../../../arm-none-eabi/lib/thumb\libg.a(libc_a-strtod.o)
 .text._strtod_l
                0x08010c34      0xf7c C:/devkitPro/devkitARM/bin/../lib/gcc/arm-none-eabi/16.1.0/../../../../arm-none-eabi/lib/thumb\libg.a(libc_a-strtod.o)
                0x08010c34                _strtod_l
 .text.strtod   0x08011bb0       0x30 C:/devkitPro/devkitARM/bin/../lib/gcc/arm-none-eabi/16.1.0/../../../../arm-none-eabi/lib/thumb\libg.a(libc_a-strtod.o)
                0x08011bb0                strtod
 .text.rshift   0x08011be0       0xac C:/devkitPro/devkitARM/bin/../lib/gcc/arm-none-eabi/16.1.0/../../../../arm-none-eabi/lib/thumb\libg.a(libc_a-gdtoa-gethex.o)
 .text.__gethex
                0x08011c8c      0x60c C:/devkitPro/devkitARM/bin/../lib/gcc/arm-none-eabi/16.1.0/../../../../arm-none-eabi/lib/thumb\libg.a(libc_a-gdtoa-gethex.o)
                0x08011c8c                __gethex
 .text._strtoul_l.isra.0
                0x08012298      0x150 C:/devkitPro/devkitARM/bin/../lib/gcc/arm-none-eabi/16.1.0/../../../../arm-none-eabi/lib/thumb\libg.a(libc_a-strtoul.o)
 .text.strtoul  0x080123e8       0x24 C:/devkitPro/devkitARM/bin/../lib/gcc/arm-none-eabi/16.1.0/../../../../arm-none-eabi/lib/thumb\libg.a(libc_a-strtoul.o)
                0x080123e8                strtoul
 .text.strchr   0x0801240c       0xbc C:/devkitPro/devkitARM/bin/../lib/gcc/arm-none-eabi/16.1.0/../../../../arm-none-eabi/lib/thumb\libg.a(libc_a-strchr.o)
                0x0801240c                strchr
 .text.memcmp   0x080124c8       0x48 C:/devkitPro/devkitARM/bin/../lib/gcc/arm-none-eabi/16.1.0/../../../../arm-none-eabi/lib/thumb\libg.a(libc_a-memcmp.o)
                0x080124c8                memcmp
 .text.__errno  0x08012510        0xc C:/devkitPro/devkitARM/bin/../lib/gcc/arm-none-eabi/16.1.0/../../../../arm-none-eabi/lib/thumb\libg.a(libc_a-errno.o)
                0x08012510                __errno
 .text.abort    0x0801251c       0x10 C:/devkitPro/devkitARM/bin/../lib/gcc/arm-none-eabi/16.1.0/../../../../arm-none-eabi/lib/thumb\libg.a(libc_a-abort.o)
                0x0801251c                abort
 .text.__locale_mb_cur_max
                0x0801252c       0x20 C:/devkitPro/devkitARM/bin/../lib/gcc/arm-none-eabi/16.1.0/../../../../arm-none-eabi/lib/thumb\libg.a(libc_a-locale.o)
                0x0801252c                __locale_mb_cur_max
 .text.memset   0x0801254c       0x8c C:/devkitPro/devkitARM/bin/../lib/gcc/arm-none-eabi/16.1.0/../../../../arm-none-eabi/lib/thumb\libg.a(libc_a-memset.o)
                0x0801254c                memset
 .text          0x080125d8      0x224 C:/devkitPro/devkitARM/bin/../lib/gcc/arm-none-eabi/16.1.0/../../../../arm-none-eabi/lib/thumb\libg.a(libc_a-strcmp.o)
                0x080125d8                strcmp
 .text.__libc_init_array
                0x080127fc       0x54 C:/devkitPro/devkitARM/bin/../lib/gcc/arm-none-eabi/16.1.0/../../../../arm-none-eabi/lib/thumb\libg.a(libc_a-init.o)
                0x080127fc                __libc_init_array
 .text.strncpy  0x08012850       0x68 C:/devkitPro/devkitARM/bin/../lib/gcc/arm-none-eabi/16.1.0/../../../../arm-none-eabi/lib/thumb\libg.a(libc_a-strncpy.o)
                0x08012850                strncpy
 .text.malloc   0x080128b8       0x28 C:/devkitPro/devkitARM/bin/../lib/gcc/arm-none-eabi/16.1.0/../../../../arm-none-eabi/lib/thumb\libg.a(libc_a-malloc.o)
                0x080128b8                malloc
 .text.free     0x080128e0       0x14 C:/devkitPro/devkitARM/bin/../lib/gcc/arm-none-eabi/16.1.0/../../../../arm-none-eabi/lib/thumb\libg.a(libc_a-malloc.o)
                0x080128e0                free
 .text.memchr   0x080128f4       0x74 C:/devkitPro/devkitARM/bin/../lib/gcc/arm-none-eabi/16.1.0/../../../../arm-none-eabi/lib/thumb\libg.a(libc_a-memchr-stub.o)
                0x080128f4                memchr
 .text._findenv_r
                0x08012968       0x94 C:/devkitPro/devkitARM/bin/../lib/gcc/arm-none-eabi/16.1.0/../../../../arm-none-eabi/lib/thumb\libg.a(libc_a-getenv_r.o)
                0x08012968                _findenv_r
 .text.memmove  0x080129fc      0x108 C:/devkitPro/devkitARM/bin/../lib/gcc/arm-none-eabi/16.1.0/../../../../arm-none-eabi/lib/thumb\libg.a(libc_a-memmove.o)
                0x080129fc                memmove
 .text.__utf8_wctomb
                0x08012b04       0xbc C:/devkitPro/devkitARM/bin/../lib/gcc/arm-none-eabi/16.1.0/../../../../arm-none-eabi/lib/thumb\libg.a(libc_a-wctomb_r.o)
                0x08012b04                __utf8_wctomb
 .text.strncmp  0x08012bc0       0x70 C:/devkitPro/devkitARM/bin/../lib/gcc/arm-none-eabi/16.1.0/../../../../arm-none-eabi/lib/thumb\libg.a(libc_a-strncmp.o)
                0x08012bc0                strncmp
 .text.__match  0x08012c30       0x38 C:/devkitPro/devkitARM/bin/../lib/gcc/arm-none-eabi/16.1.0/../../../../arm-none-eabi/lib/thumb\libg.a(libc_a-gdtoa-hexnan.o)
                0x08012c30                __match
 .text.__hexnan
                0x08012c68      0x1e8 C:/devkitPro/devkitARM/bin/../lib/gcc/arm-none-eabi/16.1.0/../../../../arm-none-eabi/lib/thumb\libg.a(libc_a-gdtoa-hexnan.o)
                0x08012c68                __hexnan
 .text.nan      0x08012e50        0xc C:/devkitPro/devkitARM/bin/../lib/gcc/arm-none-eabi/16.1.0/../../../../arm-none-eabi/lib/thumb\libg.a(libm_a-s_nan.o)
                0x08012e50                nan
 .text.__env_lock
                0x08012e5c       0x14 C:/devkitPro/devkitARM/bin/../lib/gcc/arm-none-eabi/16.1.0/../../../../arm-none-eabi/lib/thumb\libg.a(libc_a-envlock.o)
                0x08012e5c                __env_lock
 .text.__env_unlock
                0x08012e70       0x14 C:/devkitPro/devkitARM/bin/../lib/gcc/arm-none-eabi/16.1.0/../../../../arm-none-eabi/lib/thumb\libg.a(libc_a-envlock.o)
                0x08012e70                __env_unlock
 .text.__assert_func
                0x08012e84       0x40 C:/devkitPro/devkitARM/bin/../lib/gcc/arm-none-eabi/16.1.0/../../../../arm-none-eabi/lib/thumb\libg.a(libc_a-assert.o)
                0x08012e84                __assert_func
 .text._Balloc  0x08012ec4       0x5c C:/devkitPro/devkitARM/bin/../lib/gcc/arm-none-eabi/16.1.0/../../../../arm-none-eabi/lib/thumb\libg.a(libc_a-mprec.o)
                0x08012ec4                _Balloc
 .text._Bfree   0x08012f20       0x14 C:/devkitPro/devkitARM/bin/../lib/gcc/arm-none-eabi/16.1.0/../../../../arm-none-eabi/lib/thumb\libg.a(libc_a-mprec.o)
                0x08012f20                _Bfree
 .text.__multadd
                0x08012f34       0xa8 C:/devkitPro/devkitARM/bin/../lib/gcc/arm-none-eabi/16.1.0/../../../../arm-none-eabi/lib/thumb\libg.a(libc_a-mprec.o)
                0x08012f34                __multadd
 .text.__s2b    0x08012fdc       0xb4 C:/devkitPro/devkitARM/bin/../lib/gcc/arm-none-eabi/16.1.0/../../../../arm-none-eabi/lib/thumb\libg.a(libc_a-mprec.o)
                0x08012fdc                __s2b
 .text.__hi0bits
                0x08013090       0x60 C:/devkitPro/devkitARM/bin/../lib/gcc/arm-none-eabi/16.1.0/../../../../arm-none-eabi/lib/thumb\libg.a(libc_a-mprec.o)
                0x08013090                __hi0bits
 .text.__lo0bits
                0x080130f0       0x8c C:/devkitPro/devkitARM/bin/../lib/gcc/arm-none-eabi/16.1.0/../../../../arm-none-eabi/lib/thumb\libg.a(libc_a-mprec.o)
                0x080130f0                __lo0bits
 .text.__i2b    0x0801317c       0x64 C:/devkitPro/devkitARM/bin/../lib/gcc/arm-none-eabi/16.1.0/../../../../arm-none-eabi/lib/thumb\libg.a(libc_a-mprec.o)
                0x0801317c                __i2b
 .text.__multiply
                0x080131e0      0x1b4 C:/devkitPro/devkitARM/bin/../lib/gcc/arm-none-eabi/16.1.0/../../../../arm-none-eabi/lib/thumb\libg.a(libc_a-mprec.o)
                0x080131e0                __multiply
 .text.__pow5mult
                0x08013394       0xd8 C:/devkitPro/devkitARM/bin/../lib/gcc/arm-none-eabi/16.1.0/../../../../arm-none-eabi/lib/thumb\libg.a(libc_a-mprec.o)
                0x08013394                __pow5mult
 .text.__lshift
                0x0801346c       0xf8 C:/devkitPro/devkitARM/bin/../lib/gcc/arm-none-eabi/16.1.0/../../../../arm-none-eabi/lib/thumb\libg.a(libc_a-mprec.o)
                0x0801346c                __lshift
 .text.__mcmp   0x08013564       0x50 C:/devkitPro/devkitARM/bin/../lib/gcc/arm-none-eabi/16.1.0/../../../../arm-none-eabi/lib/thumb\libg.a(libc_a-mprec.o)
                0x08013564                __mcmp
 .text.__mdiff  0x080135b4      0x1a4 C:/devkitPro/devkitARM/bin/../lib/gcc/arm-none-eabi/16.1.0/../../../../arm-none-eabi/lib/thumb\libg.a(libc_a-mprec.o)
                0x080135b4                __mdiff
 .text.__ulp    0x08013758       0x40 C:/devkitPro/devkitARM/bin/../lib/gcc/arm-none-eabi/16.1.0/../../../../arm-none-eabi/lib/thumb\libg.a(libc_a-mprec.o)
                0x08013758                __ulp
 .text.__b2d    0x08013798       0xc8 C:/devkitPro/devkitARM/bin/../lib/gcc/arm-none-eabi/16.1.0/../../../../arm-none-eabi/lib/thumb\libg.a(libc_a-mprec.o)
                0x08013798                __b2d
 .text.__d2b    0x08013860       0xd4 C:/devkitPro/devkitARM/bin/../lib/gcc/arm-none-eabi/16.1.0/../../../../arm-none-eabi/lib/thumb\libg.a(libc_a-mprec.o)
                0x08013860                __d2b
 .text.__ratio  0x08013934       0x60 C:/devkitPro/devkitARM/bin/../lib/gcc/arm-none-eabi/16.1.0/../../../../arm-none-eabi/lib/thumb\libg.a(libc_a-mprec.o)
                0x08013934                __ratio
 .text.__copybits
                0x08013994       0x48 C:/devkitPro/devkitARM/bin/../lib/gcc/arm-none-eabi/16.1.0/../../../../arm-none-eabi/lib/thumb\libg.a(libc_a-mprec.o)
                0x08013994                __copybits
 .text.__any_on
                0x080139dc       0x54 C:/devkitPro/devkitARM/bin/../lib/gcc/arm-none-eabi/16.1.0/../../../../arm-none-eabi/lib/thumb\libg.a(libc_a-mprec.o)
                0x080139dc                __any_on
 .text.__utf8_mbtowc
                0x08013a30      0x24c C:/devkitPro/devkitARM/bin/../lib/gcc/arm-none-eabi/16.1.0/../../../../arm-none-eabi/lib/thumb\libg.a(libc_a-mbtowc_r.o)
                0x08013a30                __utf8_mbtowc
 .text.fiprintf
                0x08013c7c       0x28 C:/devkitPro/devkitARM/bin/../lib/gcc/arm-none-eabi/16.1.0/../../../../arm-none-eabi/lib/thumb\libg.a(libc_a-fiprintf.o)
                0x08013c7c                fiprintf
 .text._raise_r
                0x08013ca4       0x60 C:/devkitPro/devkitARM/bin/../lib/gcc/arm-none-eabi/16.1.0/../../../../arm-none-eabi/lib/thumb\libg.a(libc_a-signal.o)
                0x08013ca4                _raise_r
 .text.raise    0x08013d04       0x14 C:/devkitPro/devkitARM/bin/../lib/gcc/arm-none-eabi/16.1.0/../../../../arm-none-eabi/lib/thumb\libg.a(libc_a-signal.o)
                0x08013d04                raise
 .text._memalign_r
                0x08013d18      0x118 C:/devkitPro/devkitARM/bin/../lib/gcc/arm-none-eabi/16.1.0/../../../../arm-none-eabi/lib/thumb\libg.a(libc_a-malignr.o)
                0x08013d18                _memalign_r
 .text._calloc_r
                0x08013e30       0xcc C:/devkitPro/devkitARM/bin/../lib/gcc/arm-none-eabi/16.1.0/../../../../arm-none-eabi/lib/thumb\libg.a(libc_a-callocr.o)
                0x08013e30                _calloc_r
 .text._malloc_r
                0x08013efc      0x550 C:/devkitPro/devkitARM/bin/../lib/gcc/arm-none-eabi/16.1.0/../../../../arm-none-eabi/lib/thumb\libg.a(libc_a-mallocr.o)
                0x08013efc                _malloc_r
 .text._malloc_trim_r
                0x0801444c       0xac C:/devkitPro/devkitARM/bin/../lib/gcc/arm-none-eabi/16.1.0/../../../../arm-none-eabi/lib/thumb\libg.a(libc_a-freer.o)
                0x0801444c                _malloc_trim_r
 .text._free_r  0x080144f8      0x1d8 C:/devkitPro/devkitARM/bin/../lib/gcc/arm-none-eabi/16.1.0/../../../../arm-none-eabi/lib/thumb\libg.a(libc_a-freer.o)
                0x080144f8                _free_r
 .text.__malloc_lock
                0x080146d0       0x14 C:/devkitPro/devkitARM/bin/../lib/gcc/arm-none-eabi/16.1.0/../../../../arm-none-eabi/lib/thumb\libg.a(libc_a-mlock.o)
                0x080146d0                __malloc_lock
 .text.__malloc_unlock
                0x080146e4       0x14 C:/devkitPro/devkitARM/bin/../lib/gcc/arm-none-eabi/16.1.0/../../../../arm-none-eabi/lib/thumb\libg.a(libc_a-mlock.o)
                0x080146e4                __malloc_unlock
 .text.get_arg  0x080146f8      0x404 C:/devkitPro/devkitARM/bin/../lib/gcc/arm-none-eabi/16.1.0/../../../../arm-none-eabi/lib/thumb\libg.a(libc_a-vfiprintf.o)
 .text._vfiprintf_r
                0x08014afc     0x16d8 C:/devkitPro/devkitARM/bin/../lib/gcc/arm-none-eabi/16.1.0/../../../../arm-none-eabi/lib/thumb\libg.a(libc_a-vfiprintf.o)
                0x08014afc                _vfiprintf_r
 .text.__sbprintf
                0x080161d4       0x7c C:/devkitPro/devkitARM/bin/../lib/gcc/arm-none-eabi/16.1.0/../../../../arm-none-eabi/lib/thumb\libg.a(libc_a-vfiprintf.o)
 .text._wcrtomb_r
                0x08016250       0x88 C:/devkitPro/devkitARM/bin/../lib/gcc/arm-none-eabi/16.1.0/../../../../arm-none-eabi/lib/thumb\libg.a(libc_a-wcrtomb.o)
                0x08016250                _wcrtomb_r
 .text.__sflush_r
                0x080162d8      0x180 C:/devkitPro/devkitARM/bin/../lib/gcc/arm-none-eabi/16.1.0/../../../../arm-none-eabi/lib/thumb\libg.a(libc_a-fflush.o)
                0x080162d8                __sflush_r
 .text._fflush_r
                0x08016458       0x70 C:/devkitPro/devkitARM/bin/../lib/gcc/arm-none-eabi/16.1.0/../../../../arm-none-eabi/lib/thumb\libg.a(libc_a-fflush.o)
                0x08016458                _fflush_r
 .text.__sprint_r
                0x080164c8       0x24 C:/devkitPro/devkitARM/bin/../lib/gcc/arm-none-eabi/16.1.0/../../../../arm-none-eabi/lib/thumb\libg.a(libc_a-sprint_r.o)
                0x080164c8                __sprint_r
 .text.stdio_exit_handler
                0x080164ec       0x20 C:/devkitPro/devkitARM/bin/../lib/gcc/arm-none-eabi/16.1.0/../../../../arm-none-eabi/lib/thumb\libg.a(libc_a-findfp.o)
 .text.cleanup_stdio
                0x0801650c       0x40 C:/devkitPro/devkitARM/bin/../lib/gcc/arm-none-eabi/16.1.0/../../../../arm-none-eabi/lib/thumb\libg.a(libc_a-findfp.o)
 .text.global_stdio_init.part.0
                0x0801654c      0x120 C:/devkitPro/devkitARM/bin/../lib/gcc/arm-none-eabi/16.1.0/../../../../arm-none-eabi/lib/thumb\libg.a(libc_a-findfp.o)
 .text.__sinit  0x0801666c       0x3c C:/devkitPro/devkitARM/bin/../lib/gcc/arm-none-eabi/16.1.0/../../../../arm-none-eabi/lib/thumb\libg.a(libc_a-findfp.o)
                0x0801666c                __sinit
 .text.__sfp_lock_acquire
                0x080166a8       0x14 C:/devkitPro/devkitARM/bin/../lib/gcc/arm-none-eabi/16.1.0/../../../../arm-none-eabi/lib/thumb\libg.a(libc_a-findfp.o)
                0x080166a8                __sfp_lock_acquire
 .text.__sfp_lock_release
                0x080166bc       0x14 C:/devkitPro/devkitARM/bin/../lib/gcc/arm-none-eabi/16.1.0/../../../../arm-none-eabi/lib/thumb\libg.a(libc_a-findfp.o)
                0x080166bc                __sfp_lock_release
 .text._wcsrtombs_r
                0x080166d0       0x20 C:/devkitPro/devkitARM/bin/../lib/gcc/arm-none-eabi/16.1.0/../../../../arm-none-eabi/lib/thumb\libg.a(libc_a-wcsrtombs.o)
                0x080166d0                _wcsrtombs_r
 .text.__swsetup_r
                0x080166f0       0xd4 C:/devkitPro/devkitARM/bin/../lib/gcc/arm-none-eabi/16.1.0/../../../../arm-none-eabi/lib/thumb\libg.a(libc_a-wsetup.o)
                0x080166f0                __swsetup_r
 .text._localeconv_r
                0x080167c4       0x20 C:/devkitPro/devkitARM/bin/../lib/gcc/arm-none-eabi/16.1.0/../../../../arm-none-eabi/lib/thumb\libg.a(libc_a-localeconv.o)
                0x080167c4                _localeconv_r
 .text.__sread  0x080167e4       0x34 C:/devkitPro/devkitARM/bin/../lib/gcc/arm-none-eabi/16.1.0/../../../../arm-none-eabi/lib/thumb\libg.a(libc_a-stdio.o)
                0x080167e4                __sread
 .text.__swrite
                0x08016818       0x4c C:/devkitPro/devkitARM/bin/../lib/gcc/arm-none-eabi/16.1.0/../../../../arm-none-eabi/lib/thumb\libg.a(libc_a-stdio.o)
                0x08016818                __swrite
 .text.__sseek  0x08016864       0x3c C:/devkitPro/devkitARM/bin/../lib/gcc/arm-none-eabi/16.1.0/../../../../arm-none-eabi/lib/thumb\libg.a(libc_a-stdio.o)
                0x08016864                __sseek
 .text.__sclose
                0x080168a0       0x10 C:/devkitPro/devkitARM/bin/../lib/gcc/arm-none-eabi/16.1.0/../../../../arm-none-eabi/lib/thumb\libg.a(libc_a-stdio.o)
                0x080168a0                __sclose
 .text._fclose_r
                0x080168b0       0xe0 C:/devkitPro/devkitARM/bin/../lib/gcc/arm-none-eabi/16.1.0/../../../../arm-none-eabi/lib/thumb\libg.a(libc_a-fclose.o)
                0x080168b0                _fclose_r
 .text._wcsnrtombs_l
                0x08016990      0x120 C:/devkitPro/devkitARM/bin/../lib/gcc/arm-none-eabi/16.1.0/../../../../arm-none-eabi/lib/thumb\libg.a(libc_a-wcsnrtombs.o)
                0x08016990                _wcsnrtombs_l
 .text._wcsnrtombs_r
                0x08016ab0       0x40 C:/devkitPro/devkitARM/bin/../lib/gcc/arm-none-eabi/16.1.0/../../../../arm-none-eabi/lib/thumb\libg.a(libc_a-wcsnrtombs.o)
                0x08016ab0                _wcsnrtombs_r
 .text._fwalk_sglue
                0x08016af0       0x4c C:/devkitPro/devkitARM/bin/../lib/gcc/arm-none-eabi/16.1.0/../../../../arm-none-eabi/lib/thumb\libg.a(libc_a-fwalk.o)
                0x08016af0                _fwalk_sglue
 .text.__sfvwrite_r
                0x08016b3c      0x31c C:/devkitPro/devkitARM/bin/../lib/gcc/arm-none-eabi/16.1.0/../../../../arm-none-eabi/lib/thumb\libg.a(libc_a-fvwrite.o)
                0x08016b3c                __sfvwrite_r
 .text.__smakebuf_r
                0x08016e58       0xe0 C:/devkitPro/devkitARM/bin/../lib/gcc/arm-none-eabi/16.1.0/../../../../arm-none-eabi/lib/thumb\libg.a(libc_a-makebuf.o)
                0x08016e58                __smakebuf_r
 .text._realloc_r
                0x08016f38      0x344 C:/devkitPro/devkitARM/bin/../lib/gcc/arm-none-eabi/16.1.0/../../../../arm-none-eabi/lib/thumb\libg.a(libc_a-reallocr.o)
                0x08016f38                _realloc_r
 .text._exit    0x0801727c       0x14 C:/devkitPro/devkitARM/bin/../lib/gcc/arm-none-eabi/16.1.0/../../../../arm-none-eabi/lib/thumb\libsysbase.a(libsysbase_libsysbase_a-_exit.o)
                0x0801727c                _exit
 .text._fstat_r
                0x08017290       0x5c C:/devkitPro/devkitARM/bin/../lib/gcc/arm-none-eabi/16.1.0/../../../../arm-none-eabi/lib/thumb\libsysbase.a(libsysbase_libsysbase_a-fstat.o)
                0x08017290                _fstat_r
 .text._getpid_r
                0x080172ec        0xc C:/devkitPro/devkitARM/bin/../lib/gcc/arm-none-eabi/16.1.0/../../../../arm-none-eabi/lib/thumb\libsysbase.a(libsysbase_libsysbase_a-getpid.o)
                0x080172ec                _getpid_r
 .text.__getreent
                0x080172f8       0x20 C:/devkitPro/devkitARM/bin/../lib/gcc/arm-none-eabi/16.1.0/../../../../arm-none-eabi/lib/thumb\libsysbase.a(libsysbase_libsysbase_a-getreent.o)
                0x080172f8                __getreent
 .text.__get_handle
                0x08017318       0x34 C:/devkitPro/devkitARM/bin/../lib/gcc/arm-none-eabi/16.1.0/../../../../arm-none-eabi/lib/thumb\libsysbase.a(libsysbase_libsysbase_a-handle_manager.o)
                0x08017318                __get_handle
 .text._close_r
                0x0801734c       0xb0 C:/devkitPro/devkitARM/bin/../lib/gcc/arm-none-eabi/16.1.0/../../../../arm-none-eabi/lib/thumb\libsysbase.a(libsysbase_libsysbase_a-handle_manager.o)
                0x0801734c                _close_r
 .text.null_write
                0x080173fc        0x4 C:/devkitPro/devkitARM/bin/../lib/gcc/arm-none-eabi/16.1.0/../../../../arm-none-eabi/lib/thumb\libsysbase.a(libsysbase_libsysbase_a-iosupport.o)
 .text._isatty_r
                0x08017400        0x4 C:/devkitPro/devkitARM/bin/../lib/gcc/arm-none-eabi/16.1.0/../../../../arm-none-eabi/lib/thumb\libsysbase.a(libsysbase_libsysbase_a-isatty.o)
                0x08017400                _isatty_r
 .text._kill_r  0x08017404        0xc C:/devkitPro/devkitARM/bin/../lib/gcc/arm-none-eabi/16.1.0/../../../../arm-none-eabi/lib/thumb\libsysbase.a(libsysbase_libsysbase_a-kill.o)
                0x08017404                _kill_r
 .text._lseek_r
                0x08017410       0x64 C:/devkitPro/devkitARM/bin/../lib/gcc/arm-none-eabi/16.1.0/../../../../arm-none-eabi/lib/thumb\libsysbase.a(libsysbase_libsysbase_a-lseek.o)
                0x08017410                _lseek_r
 .text.pthread_mutex_lock
                0x08017474       0x38 C:/devkitPro/devkitARM/bin/../lib/gcc/arm-none-eabi/16.1.0/../../../../arm-none-eabi/lib/thumb\libsysbase.a(libsysbase_libsysbase_a-pthread.o)
                0x08017474                pthread_mutex_lock
 .text.pthread_mutex_unlock
                0x080174ac       0x38 C:/devkitPro/devkitARM/bin/../lib/gcc/arm-none-eabi/16.1.0/../../../../arm-none-eabi/lib/thumb\libsysbase.a(libsysbase_libsysbase_a-pthread.o)
                0x080174ac                pthread_mutex_unlock
 .text.pthread_cond_broadcast
                0x080174e4       0x18 C:/devkitPro/devkitARM/bin/../lib/gcc/arm-none-eabi/16.1.0/../../../../arm-none-eabi/lib/thumb\libsysbase.a(libsysbase_libsysbase_a-pthread.o)
                0x080174e4                pthread_cond_broadcast
 .text.pthread_cond_wait
                0x080174fc       0x48 C:/devkitPro/devkitARM/bin/../lib/gcc/arm-none-eabi/16.1.0/../../../../arm-none-eabi/lib/thumb\libsysbase.a(libsysbase_libsysbase_a-pthread.o)
                0x080174fc                pthread_cond_wait
 .text.pthread_once
                0x08017544       0x74 C:/devkitPro/devkitARM/bin/../lib/gcc/arm-none-eabi/16.1.0/../../../../arm-none-eabi/lib/thumb\libsysbase.a(libsysbase_libsysbase_a-pthread.o)
                0x08017544                pthread_once
 .text.pthread_key_create
                0x080175b8       0x24 C:/devkitPro/devkitARM/bin/../lib/gcc/arm-none-eabi/16.1.0/../../../../arm-none-eabi/lib/thumb\libsysbase.a(libsysbase_libsysbase_a-pthread.o)
                0x080175b8                pthread_key_create
 .text.pthread_setspecific
                0x080175dc       0x1c C:/devkitPro/devkitARM/bin/../lib/gcc/arm-none-eabi/16.1.0/../../../../arm-none-eabi/lib/thumb\libsysbase.a(libsysbase_libsysbase_a-pthread.o)
                0x080175dc                pthread_setspecific
 .text.pthread_getspecific
                0x080175f8       0x1c C:/devkitPro/devkitARM/bin/../lib/gcc/arm-none-eabi/16.1.0/../../../../arm-none-eabi/lib/thumb\libsysbase.a(libsysbase_libsysbase_a-pthread.o)
                0x080175f8                pthread_getspecific
 .text.pthread_key_delete
                0x08017614       0x1c C:/devkitPro/devkitARM/bin/../lib/gcc/arm-none-eabi/16.1.0/../../../../arm-none-eabi/lib/thumb\libsysbase.a(libsysbase_libsysbase_a-pthread.o)
                0x08017614                pthread_key_delete
 .text._read_r  0x08017630       0x5c C:/devkitPro/devkitARM/bin/../lib/gcc/arm-none-eabi/16.1.0/../../../../arm-none-eabi/lib/thumb\libsysbase.a(libsysbase_libsysbase_a-read.o)
                0x08017630                _read_r
 .text._sbrk_r  0x0801768c       0x50 C:/devkitPro/devkitARM/bin/../lib/gcc/arm-none-eabi/16.1.0/../../../../arm-none-eabi/lib/thumb\libsysbase.a(libsysbase_libsysbase_a-sbrk.o)
                0x0801768c                _sbrk_r
 .text.__libc_lock_acquire
                0x080176dc       0x18 C:/devkitPro/devkitARM/bin/../lib/gcc/arm-none-eabi/16.1.0/../../../../arm-none-eabi/lib/thumb\libsysbase.a(libsysbase_libsysbase_a-syscall_support.o)
                0x080176dc                __libc_lock_acquire
 .text.__libc_lock_release
                0x080176f4       0x18 C:/devkitPro/devkitARM/bin/../lib/gcc/arm-none-eabi/16.1.0/../../../../arm-none-eabi/lib/thumb\libsysbase.a(libsysbase_libsysbase_a-syscall_support.o)
                0x080176f4                __libc_lock_release
 .text.__libc_lock_acquire_recursive
                0x0801770c       0x18 C:/devkitPro/devkitARM/bin/../lib/gcc/arm-none-eabi/16.1.0/../../../../arm-none-eabi/lib/thumb\libsysbase.a(libsysbase_libsysbase_a-syscall_support.o)
                0x0801770c                __libc_lock_acquire_recursive
 .text.__libc_lock_release_recursive
                0x08017724       0x18 C:/devkitPro/devkitARM/bin/../lib/gcc/arm-none-eabi/16.1.0/../../../../arm-none-eabi/lib/thumb\libsysbase.a(libsysbase_libsysbase_a-syscall_support.o)
                0x08017724                __libc_lock_release_recursive
 .text.__libc_cond_broadcast
                0x0801773c       0x1c C:/devkitPro/devkitARM/bin/../lib/gcc/arm-none-eabi/16.1.0/../../../../arm-none-eabi/lib/thumb\libsysbase.a(libsysbase_libsysbase_a-syscall_support.o)
                0x0801773c                __libc_cond_broadcast
 .text.__libc_cond_wait
                0x08017758       0x20 C:/devkitPro/devkitARM/bin/../lib/gcc/arm-none-eabi/16.1.0/../../../../arm-none-eabi/lib/thumb\libsysbase.a(libsysbase_libsysbase_a-syscall_support.o)
                0x08017758                __libc_cond_wait
 .text.__libc_cond_wait_recursive
                0x08017778       0x20 C:/devkitPro/devkitARM/bin/../lib/gcc/arm-none-eabi/16.1.0/../../../../arm-none-eabi/lib/thumb\libsysbase.a(libsysbase_libsysbase_a-syscall_support.o)
                0x08017778                __libc_cond_wait_recursive
 .text._write_r
                0x08017798       0x5c C:/devkitPro/devkitARM/bin/../lib/gcc/arm-none-eabi/16.1.0/../../../../arm-none-eabi/lib/thumb\libsysbase.a(libsysbase_libsysbase_a-write.o)
                0x08017798                _write_r
 .text          0x080177f4       0x14 C:/devkitPro/devkitARM/bin/../lib/gcc/arm-none-eabi/16.1.0/thumb\libgcc.a(_thumb1_case_uqi.o)
                0x080177f4                __gnu_thumb1_case_uqi
 .text          0x08017808       0x14 C:/devkitPro/devkitARM/bin/../lib/gcc/arm-none-eabi/16.1.0/thumb\libgcc.a(_thumb1_case_uhi.o)
                0x08017808                __gnu_thumb1_case_uhi
 .text          0x0801781c      0x49c C:/devkitPro/devkitARM/bin/../lib/gcc/arm-none-eabi/16.1.0/thumb\libgcc.a(_arm_muldivdf3.o)
                0x0801781c                __aeabi_dmul
                0x0801781c                __muldf3
                0x08017aac                __divdf3
                0x08017aac                __aeabi_ddiv
 .text          0x08017cb8       0x54 C:/devkitPro/devkitARM/bin/../lib/gcc/arm-none-eabi/16.1.0/thumb\libgcc.a(_arm_fixunsdfsi.o)
                0x08017cb8                __aeabi_d2uiz
                0x08017cb8                __fixunsdfsi
 .text          0x08017d0c       0x3c C:/devkitPro/devkitARM/bin/../lib/gcc/arm-none-eabi/16.1.0/thumb\libgcc.a(_aeabi_uldivmod.o)
                0x08017d0c                __aeabi_uldivmod
 .text.__fixdfdi
                0x08017d48       0x3c C:/devkitPro/devkitARM/bin/../lib/gcc/arm-none-eabi/16.1.0/thumb\libgcc.a(_fixdfdi.o)
                0x08017d48                __fixdfdi
                0x08017d48                __aeabi_d2lz
 .text.__fixunsdfdi
                0x08017d84       0x40 C:/devkitPro/devkitARM/bin/../lib/gcc/arm-none-eabi/16.1.0/thumb\libgcc.a(_fixunsdfdi.o)
                0x08017d84                __fixunsdfdi
                0x08017d84                __aeabi_d2ulz
 .text.__udivmoddi4
                0x08017dc4      0x194 C:/devkitPro/devkitARM/bin/../lib/gcc/arm-none-eabi/16.1.0/thumb\libgcc.a(_udivmoddi4.o)
                0x08017dc4                __udivmoddi4
 .text          0x08017f58       0x28 C:/devkitPro/devkitARM/bin/../lib/gcc/arm-none-eabi/16.1.0/thumb\libgcc.a(_clzdi2.o)
                0x08017f58                __clzdi2
 .text.__stub   0x08017f80      0x13c linker stubs
 *(.gnu.linkonce.t.*)
 *(.text.*personality*)
 *(.gnu.warning)
 *(.glue_7t)
 .glue_7t       0x080180bc        0x0 linker stubs
 *(.glue_7)
 .glue_7        0x080180bc        0x0 linker stubs
 *(.vfp11_veneer)
 .vfp11_veneer  0x080180bc        0x0 linker stubs
                0x080180bc                        . = ALIGN (0x4)
                0x080180c8                        __text_end = .

.v4_bx          0x080180c8        0x0
 .v4_bx         0x080180c8        0x0 linker stubs

.iplt           0x080180c8        0x0
 .iplt          0x080180c8        0x0 C:/devkitPro/devkitARM/bin/../lib/gcc/arm-none-eabi/16.1.0/../../../../arm-none-eabi/lib/thumb/gba_crt0.o

.fini           0x080180c8        0xc
 *(.fini)
 .fini          0x080180c8        0x4 C:/devkitPro/devkitARM/bin/../lib/gcc/arm-none-eabi/16.1.0/thumb/crti.o
                0x080180c8                _fini
 .fini          0x080180cc        0x8 C:/devkitPro/devkitARM/bin/../lib/gcc/arm-none-eabi/16.1.0/thumb/crtn.o
                0x080180d4                        . = ALIGN (0x4)

.rodata         0x080180d8     0xe094
 *(.rodata)
 *all.rodata*(*)
 *(.roda)
 *(.rodata.*)
 .rodata.soundbank_bin
                0x080180d8     0xcd8a soundbank.bin.o
                0x080180d8                soundbank_bin
                0x08024e62                soundbank_bin_end
 *fill*         0x08024e62        0x2 ff
 .rodata._ZN12_GLOBAL__N_1L6renderEP14ps_gba_session.str1.4
                0x08024e64      0x544 main.o
                                 0x4b (size before relaxing)
 .rodata.main.str1.4
                0x080253a8        0x0 main.o
                                 0x69 (size before relaxing)
 .rodata._ZZN12_GLOBAL__N_1L17blitCompositeTileEiiiPKhE13kDownscaleMap
                0x080253a8       0x14 main.o
 .rodata._ZN12_GLOBAL__N_1L5kFontE
                0x080253bc       0xb4 main.o
 .rodata._ZN12_GLOBAL__N_1L14kSramSignatureE
                0x08025470        0xa main.o
 .rodata._ZN12_GLOBAL__N_1L20runRulesOnLevelStartEP14ps_gba_session.str1.4
                0x0802547a        0x0 core.o
                                 0x19 (size before relaxing)
 .rodata.ps_gba_session_init.str1.4
                0x0802547a        0x0 core.o
                                  0x7 (size before relaxing)
 .rodata.ps_gba_step.str1.4
                0x0802547a        0x0 core.o
                                 0x13 (size before relaxing)
 *fill*         0x0802547a        0x2 ff
 .rodata.CSWTCH.5
                0x0802547c       0x10 rule_runtime_stubs.o
 .rodata.str1.4
                0x0802548c        0x0 generated_game.o
                                 0xea (size before relaxing)
 *fill*         0x0802548c        0x4 ff
 .rodata.ps_gba_generated_game
                0x08025490       0x68 generated_game.o
                0x08025490                ps_gba_generated_game
 .rodata._ZN12_GLOBAL__N_1L7kSoundsE
                0x080254f8       0x78 generated_game.o
 .rodata._ZN12_GLOBAL__N_1L9kMetadataE
                0x08025570       0x20 generated_game.o
 .rodata._ZN12_GLOBAL__N_1L7kLevelsE
                0x08025590       0x10 generated_game.o
 .rodata._ZN12_GLOBAL__N_1L12kLevel0WordsE
                0x080255a0        0xc generated_game.o
 .rodata._ZN12_GLOBAL__N_1L8kObjectsE
                0x080255ac       0x40 generated_game.o
 .rodata._ZN12_GLOBAL__N_1L14kObject3PixelsE
                0x080255ec       0x19 generated_game.o
 *fill*         0x08025605        0x3 ff
 .rodata._ZN12_GLOBAL__N_1L14kObject2PixelsE
                0x08025608       0x19 generated_game.o
 *fill*         0x08025621        0x3 ff
 .rodata._ZN12_GLOBAL__N_1L14kObject1PixelsE
                0x08025624       0x19 generated_game.o
 *fill*         0x0802563d        0x3 ff
 .rodata._ZN12_GLOBAL__N_1L14kObject0PixelsE
                0x08025640       0x19 generated_game.o
 *fill*         0x08025659        0x3 ff
 .rodata._ZN12_GLOBAL__N_1L11kPlayerMaskE
                0x0802565c        0x4 generated_game.o
 .rodata._ZN12_GLOBAL__N_1L8kPaletteE
                0x08025660        0x8 generated_game.o
 .rodata._ZN12_GLOBAL__N_1L22compactTurnAppendAudioElPKcb.part.0.str1.4
                0x08025668        0x0 generated_rules.o
                                 0x11 (size before relaxing)
 .rodata._ZN12_GLOBAL__N_1L25compactTurnFlushMaskAudioEv.str1.4
                0x08025668        0x0 generated_rules.o
                                 0x10 (size before relaxing)
 .rodata._ZN12_GLOBAL__N_1L26ctr_0_e_0_0_queue_commandsERNS_21CompactTurnCommands_0E.str1.4
                0x08025668        0x0 generated_rules.o
                                  0x5 (size before relaxing)
 .rodata._ZN12_GLOBAL__N_1L22compactTurnOutputSoundEPKc.str1.4
                0x08025668        0x0 generated_rules.o
                                 0x38 (size before relaxing)
 .rodata._ZN12_GLOBAL__N_1L28compactTurnOutputSimpleSoundEPKc.str1.4
                0x08025668        0x0 generated_rules.o
                                  0x3 (size before relaxing)
 .rodata._ZN12_GLOBAL__N_1L45compact_turn_rebuild_movement_derived_state_0EN12puzzlescript15LevelDimensionsERNS0_7ScratchE.constprop.0.str1.4
                0x08025668        0x0 generated_rules.o
                                 0x31 (size before relaxing)
 .rodata._ZN12_GLOBAL__N_1L15ctg_0_e_2_applyEN12puzzlescript15LevelDimensionsERNS0_20PersistentLevelStateERNS0_7ScratchERNS_21CompactTurnCommands_0EPSt6vectorIbSaIbEE.constprop.0.str1.4
                0x08025668        0x0 generated_rules.o
                                 0x1a (size before relaxing)
 .rodata._ZN12_GLOBAL__N_1L30compact_turn_execute_program_0EN12puzzlescript15LevelDimensionsElRNS0_20PersistentLevelStateERNS0_7ScratchE8ps_inputNS0_11TurnOptionsEPbb.constprop.0.isra.0.str1.4
                0x08025668        0x0 generated_rules.o
                                 0x1d (size before relaxing)
 .rodata._ZN12_GLOBAL__N_1L30compact_turn_execute_program_0EN12puzzlescript15LevelDimensionsElRNS0_20PersistentLevelStateERNS0_7ScratchE8ps_inputNS0_11TurnOptionsEPbb.constprop.0.isra.0
                0x08025668       0x44 generated_rules.o
 .rodata.CSWTCH.1179
                0x080256ac        0xc generated_rules.o
 .rodata.CSWTCH.1154
                0x080256b8       0x14 generated_rules.o
 .rodata._ZN12_GLOBAL__N_1L7ctm_0_eE
                0x080256cc       0x3c generated_rules.o
 .rodata._ZN12_GLOBAL__N_1L27compact_turn_layer_mask_0_2E
                0x08025708        0x4 generated_rules.o
 .rodata._ZN12_GLOBAL__N_1L27compact_turn_layer_mask_0_1E
                0x0802570c        0x4 generated_rules.o
 .rodata._ZN12_GLOBAL__N_1L27compact_turn_layer_mask_0_0E
                0x08025710        0x4 generated_rules.o
 .rodata._ZNKSt9bad_alloc4whatEv.str1.4
                0x08025714        0x0 C:/devkitPro/devkitARM/bin/../lib/gcc/arm-none-eabi/16.1.0/../../../../arm-none-eabi/lib/thumb\libstdc++.a(bad_alloc.o)
                                  0xf (size before relaxing)
 .rodata._ZTSSt9bad_alloc
                0x08025714        0xd C:/devkitPro/devkitARM/bin/../lib/gcc/arm-none-eabi/16.1.0/../../../../arm-none-eabi/lib/thumb\libstdc++.a(bad_alloc.o)
                0x08025714                typeinfo name for std::bad_alloc
 *fill*         0x08025721        0x3 ff
 .rodata._ZTISt9bad_alloc
                0x08025724        0xc C:/devkitPro/devkitARM/bin/../lib/gcc/arm-none-eabi/16.1.0/../../../../arm-none-eabi/lib/thumb\libstdc++.a(bad_alloc.o)
                0x08025724                typeinfo for std::bad_alloc
 .rodata._ZTVSt9bad_alloc