Archive member included to satisfy reference by file (symbol)

C:/devkitPro/libtonc/lib\libtonc.a(tonc_bios.o)
                              main.o (CpuFastSet)
C:/devkitPro/libgba/lib\libgba.a(input.o)
                              main.o (scanKeys)
C:/devkitPro/libgba/lib\libgba.a(interrupt.o)
                              main.o (irqInit)
C:/devkitPro/libgba/lib\libgba.a(InterruptDispatcher.o)
                              C:/devkitPro/libgba/lib\libgba.a(interrupt.o) (IntrMain)
C:/devkitPro/devkitARM/bin/../lib/gcc/arm-none-eabi/16.1.0/../../../../arm-none-eabi/lib/thumb\libstdc++.a(del_ops.o)
                              generated_rules.o (operator delete(void*, unsigned int))
C:/devkitPro/devkitARM/bin/../lib/gcc/arm-none-eabi/16.1.0/../../../../arm-none-eabi/lib/thumb\libstdc++.a(new_op.o)
                              generated_rules.o (operator new(unsigned int))
C:/devkitPro/devkitARM/bin/../lib/gcc/arm-none-eabi/16.1.0/../../../../arm-none-eabi/lib/thumb\libstdc++.a(functexcept.o)
                              generated_rules.o (std::__throw_length_error(char const*))
C:/devkitPro/devkitARM/bin/../lib/gcc/arm-none-eabi/16.1.0/../../../../arm-none-eabi/lib/thumb\libstdc++.a(bad_alloc.o)
                              C:/devkitPro/devkitARM/bin/../lib/gcc/arm-none-eabi/16.1.0/../../../../arm-none-eabi/lib/thumb\libstdc++.a(new_op.o) (vtable for std::bad_alloc)
C:/devkitPro/devkitARM/bin/../lib/gcc/arm-none-eabi/16.1.0/../../../../arm-none-eabi/lib/thumb\libstdc++.a(bad_array_new.o)
                              C:/devkitPro/devkitARM/bin/../lib/gcc/arm-none-eabi/16.1.0/../../../../arm-none-eabi/lib/thumb\libstdc++.a(functexcept.o) (vtable for std::bad_array_new_length)
C:/devkitPro/devkitARM/bin/../lib/gcc/arm-none-eabi/16.1.0/../../../../arm-none-eabi/lib/thumb\libstdc++.a(bad_cast.o)
                              C:/devkitPro/devkitARM/bin/../lib/gcc/arm-none-eabi/16.1.0/../../../../arm-none-eabi/lib/thumb\libstdc++.a(functexcept.o) (vtable for std::bad_cast)
C:/devkitPro/devkitARM/bin/../lib/gcc/arm-none-eabi/16.1.0/../../../../arm-none-eabi/lib/thumb\libstdc++.a(bad_typeid.o)
                              C:/devkitPro/devkitARM/bin/../lib/gcc/arm-none-eabi/16.1.0/../../../../arm-none-eabi/lib/thumb\libstdc++.a(functexcept.o) (vtable for std::bad_typeid)
C:/devkitPro/devkitARM/bin/../lib/gcc/arm-none-eabi/16.1.0/../../../../arm-none-eabi/lib/thumb\libstdc++.a(del_op.o)
                              C:/devkitPro/devkitARM/bin/../lib/gcc/arm-none-eabi/16.1.0/../../../../arm-none-eabi/lib/thumb\libstdc++.a(del_ops.o) (operator delete(void*))
C:/devkitPro/devkitARM/bin/../lib/gcc/arm-none-eabi/16.1.0/../../../../arm-none-eabi/lib/thumb\libstdc++.a(eh_alloc.o)
                              C:/devkitPro/devkitARM/bin/../lib/gcc/arm-none-eabi/16.1.0/../../../../arm-none-eabi/lib/thumb\libstdc++.a(new_op.o) (__cxa_allocate_exception)
C:/devkitPro/devkitARM/bin/../lib/gcc/arm-none-eabi/16.1.0/../../../../arm-none-eabi/lib/thumb\libstdc++.a(eh_arm.o)
                              C:/devkitPro/devkitARM/bin/../lib/gcc/arm-none-eabi/16.1.0/../../../../arm-none-eabi/lib/thumb\libstdc++.a(functexcept.o) (__cxa_end_cleanup)
C:/devkitPro/devkitARM/bin/../lib/gcc/arm-none-eabi/16.1.0/../../../../arm-none-eabi/lib/thumb\libstdc++.a(eh_exception.o)
                              C:/devkitPro/devkitARM/bin/../lib/gcc/arm-none-eabi/16.1.0/../../../../arm-none-eabi/lib/thumb\libstdc++.a(bad_alloc.o) (std::exception::~exception())
C:/devkitPro/devkitARM/bin/../lib/gcc/arm-none-eabi/16.1.0/../../../../arm-none-eabi/lib/thumb\libstdc++.a(eh_globals.o)
                              C:/devkitPro/devkitARM/bin/../lib/gcc/arm-none-eabi/16.1.0/../../../../arm-none-eabi/lib/thumb\libstdc++.a(eh_arm.o) (__cxa_get_globals)
C:/devkitPro/devkitARM/bin/../lib/gcc/arm-none-eabi/16.1.0/../../../../arm-none-eabi/lib/thumb\libstdc++.a(eh_personality.o)
                              C:/devkitPro/devkitARM/bin/../lib/gcc/arm-none-eabi/16.1.0/../../../../arm-none-eabi/lib/thumb\libstdc++.a(functexcept.o) (__gxx_personality_v0)
C:/devkitPro/devkitARM/bin/../lib/gcc/arm-none-eabi/16.1.0/../../../../arm-none-eabi/lib/thumb\libstdc++.a(eh_terminate.o)
                              C:/devkitPro/devkitARM/bin/../lib/gcc/arm-none-eabi/16.1.0/../../../../arm-none-eabi/lib/thumb\libstdc++.a(eh_alloc.o) (std::terminate())
C:/devkitPro/devkitARM/bin/../lib/gcc/arm-none-eabi/16.1.0/../../../../arm-none-eabi/lib/thumb\libstdc++.a(eh_throw.o)
                              C:/devkitPro/devkitARM/bin/../lib/gcc/arm-none-eabi/16.1.0/../../../../arm-none-eabi/lib/thumb\libstdc++.a(new_op.o) (__cxa_throw)
C:/devkitPro/devkitARM/bin/../lib/gcc/arm-none-eabi/16.1.0/../../../../arm-none-eabi/lib/thumb\libstdc++.a(eh_unex_handler.o)
                              C:/devkitPro/devkitARM/bin/../lib/gcc/arm-none-eabi/16.1.0/../../../../arm-none-eabi/lib/thumb\libstdc++.a(eh_terminate.o) (__cxxabiv1::__unexpected_handler)
[...]
Memory Configuration

Name             Origin             Length             Attributes
rom              0x08000000         0x02000000
iwram            0x03000000         0x00008000
ewram            0x02000000         0x00040000
*default*        0x00000000         0xffffffff

Linker script and memory map

                0x08014bd4                        __sync_synchronize = __sync_synchronize_none
                0x08000000                        __text_start = ORIGIN (rom)
                0x02040000                        __eheap_end = (ORIGIN (ewram) + LENGTH (ewram))
                0x03000000                        __iwram_start = ORIGIN (iwram)
                0x03008000                        __iwram_top = (ORIGIN (iwram) + LENGTH (iwram))
                0x03007fa0                        __sp_irq = (__iwram_top - 0x60)
                0x03007f00                        __sp_usr = (__sp_irq - 0xa0)
                0x03007ff8                        __irq_flags = 0x3007ff8
                0x08000000                        . = __text_start

.crt0           0x08000000      0x210
 *(.crt0)
 .crt0          0x08000000      0x210 C:/devkitPro/devkitARM/bin/../lib/gcc/arm-none-eabi/16.1.0/../../../../arm-none-eabi/lib/thumb/gba_crt0.o
                0x08000000                _start
                0x080000c4                __boot_method
                0x080000c5                __slave_number
                0x080000e0                start_vector
                0x08000210                        . = ALIGN (0x4)

.init           0x08000210        0xc
 *(SORT_NONE(.init))
 .init          0x08000210        0x4 C:/devkitPro/devkitARM/bin/../lib/gcc/arm-none-eabi/16.1.0/thumb/crti.o
                0x08000210                _init
 .init          0x08000214        0x8 C:/devkitPro/devkitARM/bin/../lib/gcc/arm-none-eabi/16.1.0/thumb/crtn.o

.plt            0x0800021c        0x0
 *(.plt)
                0x0800021c                        . = ALIGN (0x4)

.text           0x08000220    0x1d088
 *(EXCLUDE_FILE(*.iwram*) .text*)
 .text.__do_global_dtors_aux
                0x08000220       0x2c C:/devkitPro/devkitARM/bin/../lib/gcc/arm-none-eabi/16.1.0/thumb/crtbegin.o
 .text.frame_dummy
                0x0800024c       0x24 C:/devkitPro/devkitARM/bin/../lib/gcc/arm-none-eabi/16.1.0/thumb/crtbegin.o
 .text._ZN12_GLOBAL__N_1L8drawCharEiich
                0x08000270      0x114 main.o
 .text._ZN12_GLOBAL__N_1L16drawCenteredLineEiPKch
                0x08000384       0x54 main.o
 .text._ZN12_GLOBAL__N_1L14intervalFramesEPKct
                0x080003d8       0xa8 main.o
 .text._ZN12_GLOBAL__N_1L6renderEP14ps_gba_session
                0x08000480      0x704 main.o
 .text.startup.main
                0x08000b84      0x618 main.o
                0x08000b84                main
 .text._ZN12_GLOBAL__N_1L9cellWordsEPK14ps_gba_sessionll
                0x0800119c       0x3c core.o
 .text._ZN12_GLOBAL__N_1L7seedRngEP16ps_gba_rng_statePKc
                0x080011d8       0x90 core.o
 .text._ZN12_GLOBAL__N_1L8pushUndoEP14ps_gba_session
                0x08001268       0x78 core.o
 .text._ZN12_GLOBAL__N_1L15copyKernelAudioEP14ps_gba_sessionRK20ps_gba_kernel_result.constprop.0
                0x080012e0       0xa8 core.o
 .text._ZN12_GLOBAL__N_1L20runRulesOnLevelStartEP14ps_gba_session
                0x08001388      0x118 core.o
 .text._ZN12_GLOBAL__N_1L17loadLevelInternalEP14ps_gba_sessiontPKcb
                0x080014a0       0xc8 core.o
 .text.ps_gba_session_required_bytes
                0x08001568       0x44 core.o
                0x08001568                ps_gba_session_required_bytes
 .text.ps_gba_session_init
                0x080015ac      0x114 core.o
                0x080015ac                ps_gba_session_init
 .text.ps_gba_load_level
                0x080016c0       0x14 core.o
                0x080016c0                ps_gba_load_level
 .text.ps_gba_step
                0x080016d4      0x560 core.o
                0x080016d4                ps_gba_step
 .text.ps_gba_undo
                0x08001c34       0x9c core.o
                0x08001c34                ps_gba_undo
 .text.ps_gba_restart
                0x08001cd0       0x6c core.o
                0x08001cd0                ps_gba_restart
 .text.ps_gba_status_get
                0x08001d3c       0x64 core.o
                0x08001d3c                ps_gba_status_get
 .text.ps_gba_first_player_position
                0x08001da0       0xbc core.o
                0x08001da0                ps_gba_first_player_position
 .text.ps_gba_board_words
                0x08001e5c       0x14 core.o
                0x08001e5c                ps_gba_board_words
 .text.ps_gba_game
                0x08001e70        0x8 core.o
                0x08001e70                ps_gba_game
 .text._ZN12puzzlescript22runtimeCountersEnabledEv
                0x08001e78        0x4 rule_runtime_stubs.o
                0x08001e78                puzzlescript::runtimeCountersEnabled()
 .text._ZN12puzzlescript19runtimeCounterNowNsEv
                0x08001e7c        0x8 rule_runtime_stubs.o
                0x08001e7c                puzzlescript::runtimeCounterNowNs()
 .text._ZN12puzzlescript17addRuntimeCounterENS_16RuntimeCounterIdEy
                0x08001e84        0x4 rule_runtime_stubs.o
                0x08001e84                puzzlescript::addRuntimeCounter(puzzlescript::RuntimeCounterId, unsigned long long)
 .text._ZN12puzzlescript39inputSpecializationMaskForDirectionMaskEl
                0x08001e88       0x14 rule_runtime_stubs.o
                0x08001e88                puzzlescript::inputSpecializationMaskForDirectionMask(long)
 .text._ZN12_GLOBAL__N_1L38compact_turn_line_has_required_masks_0EN12puzzlescript15LevelDimensionsERKNS0_20PersistentLevelStateERKNS0_7ScratchEblPKlS9_S9_S9_PKS9_jSB_j.constprop.0
                0x08001e9c       0x7c generated_rules.o
 .text._ZN12_GLOBAL__N_1L38compact_turn_line_has_required_masks_0EN12puzzlescript15LevelDimensionsERKNS0_20PersistentLevelStateERKNS0_7ScratchEblPKlS9_S9_S9_PKS9_jSB_j.constprop.1
                0x08001f18       0x28 generated_rules.o
 .text._ZN12_GLOBAL__N_1L39compact_turn_note_object_cell_written_0EN12puzzlescript15LevelDimensionsERNS0_7ScratchElPKlS5_.constprop.0
                0x08001f40      0x55c generated_rules.o
 .text._ZN12_GLOBAL__N_1L38compact_turn_refresh_any_masks_dirty_0ERN12puzzlescript7ScratchE.constprop.0
                0x0800249c      0x208 generated_rules.o
 .text._ZN12_GLOBAL__N_1L41compact_turn_note_movement_cell_written_0EN12puzzlescript15LevelDimensionsERNS0_7ScratchElPKlS5_.constprop.0
                0x080026a4      0x270 generated_rules.o
 .text._ZN12_GLOBAL__N_1L51compact_turn_note_replacement_object_cell_written_0EN12puzzlescript15LevelDimensionsERNS0_7ScratchElPKlS5_.constprop.0
                0x08002914       0x5c generated_rules.o
 .text._ZN12_GLOBAL__N_1L61compact_turn_simple_replacement_fast_path_objects_movements_0EN12puzzlescript15LevelDimensionsERNS0_20PersistentLevelStateERNS0_7ScratchElPKlS7_S7_S7_S7_.constprop.0
                0x08002970      0x114 generated_rules.o
 .text._ZNSt6vectorIlSaIlEEaSERKS1_.isra.0
                0x08002a84       0xc4 generated_rules.o
 .text._ZN12_GLOBAL__N_1L35compact_turn_clear_movement_masks_0ERN12puzzlescript7ScratchE.constprop.0
                0x08002b48      0x164 generated_rules.o
 .text._ZN12_GLOBAL__N_1L40compact_turn_prepare_object_cell_index_0EN12puzzlescript15LevelDimensionsERKNS0_20PersistentLevelStateERNS0_7ScratchE.constprop.0
                0x08002cac      0x194 generated_rules.o
 .text._ZN12_GLOBAL__N_1L30compact_turn_pattern_matches_0ERKN12puzzlescript20PersistentLevelStateERKNS0_7ScratchElPKlS8_S8_S8_PKS8_jSA_jPKNS_37CompactTurnLayerCoupledMovementTerm_0ES8_S8_j.constprop.0
                0x08002e40       0x18 generated_rules.o
 .text._ZNSt8_Rb_treeINSt7__cxx1112basic_stringIcSt11char_traitsIcESaIcEEESt4pairIKS5_St8optionalIN12puzzlescript15PropertyCaptureEEESt10_Select1stISC_ESt4lessIS5_ESaISC_EE8_M_eraseEPSt13_Rb_tree_nodeISC_E.isra.0
                0x08002e58      0x1c8 generated_rules.o
 .text._ZNSt8_Rb_treeINSt7__cxx1112basic_stringIcSt11char_traitsIcESaIcEEESt4pairIKS5_lESt10_Select1stIS8_ESt4lessIS5_ESaIS8_EE8_M_eraseEPSt13_Rb_tree_nodeIS8_E.isra.0
                0x08003020      0x1c8 generated_rules.o
 .text._ZSt16__introsort_loopIN9__gnu_cxx17__normal_iteratorIPlSt6vectorIlSaIlEEEEiZN12_GLOBAL__N_1L40compact_turn_sort_unique_start_matches_0EN12puzzlescript15LevelDimensionsEbRS5_EUlllE_EvT_SC_T0_T1_
                0x080031e8      0x610 generated_rules.o
 .text._ZN12_GLOBAL__N_1L40compact_turn_sort_unique_start_matches_0EN12puzzlescript15LevelDimensionsEbRSt6vectorIlSaIlEE
                0x080037f8      0x3a0 generated_rules.o
 .text._ZN12_GLOBAL__N_1L45compact_turn_rebuild_movement_derived_state_0EN12puzzlescript15LevelDimensionsERNS0_7ScratchE.constprop.0
                0x08003b98      0x470 generated_rules.o
 .text._ZN12_GLOBAL__N_1L51compact_turn_rebuild_dirty_movement_derived_state_0EN12puzzlescript15LevelDimensionsERNS0_7ScratchE.constprop.0.isra.0
                0x08004008      0x224 generated_rules.o
 .text._ZN12_GLOBAL__N_1L43compact_turn_rebuild_object_derived_state_0EN12puzzlescript15LevelDimensionsERKNS0_20PersistentLevelStateERNS0_7ScratchE.constprop.0
                0x0800422c      0x744 generated_rules.o
 .text._ZN12_GLOBAL__N_1L49compact_turn_rebuild_dirty_object_derived_state_0EN12puzzlescript15LevelDimensionsERKNS0_20PersistentLevelStateERNS0_7ScratchE.constprop.0.isra.0
                0x08004970      0x2b0 generated_rules.o
 .text._ZN12_GLOBAL__N_1L41compact_turn_rebuild_rule_derived_state_0EN12puzzlescript15LevelDimensionsERKNS0_20PersistentLevelStateERNS0_7ScratchEbb.constprop.1
                0x08004c20       0x98 generated_rules.o
 .text._ZN12_GLOBAL__N_1L16ctg_0_e_11_applyEN12puzzlescript15LevelDimensionsERNS0_20PersistentLevelStateERNS0_7ScratchERNS_21CompactTurnCommands_0EPSt6vectorIbSaIbEE.constprop.0
                0x08004cb8      0x480 generated_rules.o
 .text._ZN12_GLOBAL__N_1L18ctr_0_e_10_0_applyEN12puzzlescript15LevelDimensionsERNS0_20PersistentLevelStateERNS0_7ScratchERNS_21CompactTurnCommands_0E.constprop.0
                0x08005138      0x63c generated_rules.o
 .text._ZN12_GLOBAL__N_1L17ctr_0_e_9_0_applyEN12puzzlescript15LevelDimensionsERNS0_20PersistentLevelStateERNS0_7ScratchERNS_21CompactTurnCommands_0E.constprop.0
                0x08005774      0x63c generated_rules.o
 .text._ZN12_GLOBAL__N_1L15ctg_0_e_6_applyEN12puzzlescript15LevelDimensionsERNS0_20PersistentLevelStateERNS0_7ScratchERNS_21CompactTurnCommands_0EPSt6vectorIbSaIbEE.constprop.0
                0x08005db0     0x17bc generated_rules.o
 .text._ZN12_GLOBAL__N_1L17ctr_0_e_8_0_applyEN12puzzlescript15LevelDimensionsERNS0_20PersistentLevelStateERNS0_7ScratchERNS_21CompactTurnCommands_0E.constprop.0
                0x0800756c      0x664 generated_rules.o
 .text._ZN12_GLOBAL__N_1L17ctr_0_e_7_0_applyEN12puzzlescript15LevelDimensionsERNS0_20PersistentLevelStateERNS0_7ScratchERNS_21CompactTurnCommands_0E.constprop.0
                0x08007bd0      0x660 generated_rules.o
 .text._ZN12_GLOBAL__N_1L15ctg_0_e_0_applyEN12puzzlescript15LevelDimensionsERNS0_20PersistentLevelStateERNS0_7ScratchERNS_21CompactTurnCommands_0EPSt6vectorIbSaIbEE.constprop.0
                0x08008230     0x2388 generated_rules.o
 .text._ZNSt6vectorIlSaIlEE9push_backERKl
                0x0800a5b8       0x90 generated_rules.o
                0x0800a5b8                std::vector<long, std::allocator<long> >::push_back(long const&)
 .text._ZNSt6vectorIS_IlSaIlEESaIS1_EE6resizeEj
                0x0800a648      0x140 generated_rules.o
                0x0800a648                std::vector<std::vector<long, std::allocator<long> >, std::allocator<std::vector<long, std::allocator<long> > > >::resize(unsigned int)
 .text._ZN12_GLOBAL__N_1L17ctr_0_l_3_0_applyEN12puzzlescript15LevelDimensionsERNS0_20PersistentLevelStateERNS0_7ScratchERNS_21CompactTurnCommands_0E.constprop.0
                0x0800a788      0x8e4 generated_rules.o
 .text._ZN12_GLOBAL__N_1L17ctr_0_l_2_0_applyEN12puzzlescript15LevelDimensionsERNS0_20PersistentLevelStateERNS0_7ScratchERNS_21CompactTurnCommands_0E.constprop.0
                0x0800b06c      0x908 generated_rules.o
 .text._ZN12_GLOBAL__N_1L17ctr_0_l_1_0_applyEN12puzzlescript15LevelDimensionsERNS0_20PersistentLevelStateERNS0_7ScratchERNS_21CompactTurnCommands_0E.constprop.0
                0x0800b974      0x8cc generated_rules.o
 .text._ZN12_GLOBAL__N_1L15ctg_0_e_4_applyEN12puzzlescript15LevelDimensionsERNS0_20PersistentLevelStateERNS0_7ScratchERNS_21CompactTurnCommands_0EPSt6vectorIbSaIbEE.constprop.0
                0x0800c240      0xa60 generated_rules.o
 .text._ZN12_GLOBAL__N_1L15ctg_0_e_3_applyEN12puzzlescript15LevelDimensionsERNS0_20PersistentLevelStateERNS0_7ScratchERNS_21CompactTurnCommands_0EPSt6vectorIbSaIbEE.constprop.0
                0x0800cca0      0xa24 generated_rules.o
 .text._ZN12_GLOBAL__N_1L32compact_turn_apply_early_rules_0EN12puzzlescript15LevelDimensionsERNS0_20PersistentLevelStateERNS0_7ScratchERNS_21CompactTurnCommands_0EPSt6vectorIbSaIbEE.constprop.0
                0x0800d6c4     0x1f58 generated_rules.o
 .text._ZN12_GLOBAL__N_1L30compact_turn_execute_program_0EN12puzzlescript15LevelDimensionsElRNS0_20PersistentLevelStateERNS0_7ScratchE8ps_inputNS0_11TurnOptionsEPbb.constprop.0.isra.0
                0x0800f61c     0x1f70 generated_rules.o
 .text.ps_gba_generated_turn
                0x0801158c      0x78c generated_rules.o
                0x0801158c                ps_gba_generated_turn
 .text._ZN12puzzlescript7ScratchD2Ev
                0x08011d18      0x464 generated_rules.o
                0x08011d18                puzzlescript::Scratch::~Scratch()
                0x08011d18                puzzlescript::Scratch::~Scratch()
 .text.startup._GLOBAL__sub_I_ps_gba_generated_turn
                0x0801217c      0x278 generated_rules.o
 .text.exit._GLOBAL__sub_D_ps_gba_generated_turn
                0x080123f4       0x28 generated_rules.o
 .text          0x0801241c       0x8c C:/devkitPro/libtonc/lib\libtonc.a(tonc_bios.o)
                0x0801241c                SoftReset
                0x08012420                RegisterRamReset
                0x08012424                Halt
                0x08012428                Stop
                0x0801242c                IntrWait
                0x08012430                VBlankIntrWait
                0x08012434                Div
                0x08012438                DivArm
                0x0801243c                Sqrt
                0x08012440                ArcTan
                0x08012444                ArcTan2
                0x08012448                CpuSet
                0x0801244c                CpuFastSet
                0x08012450                BiosCheckSum
                0x08012454                BgAffineSet
                0x08012458                ObjAffineSet
                0x0801245c                BitUnPack
                0x08012460                LZ77UnCompWram
                0x08012464                LZ77UnCompVram
                0x08012468                HuffUnComp
                0x0801246c                RLUnCompWram
                0x08012470                RLUnCompVram
                0x08012474                Diff8bitUnFilterWram
                0x08012478                Diff8bitUnFilterVram
                0x0801247c                Diff16bitUnFilter
                0x08012480                SoundBias
                0x08012484                SoundDriverInit
                0x08012488                SoundDriverMode
                0x0801248c                SoundDriverMain
                0x08012490                SoundDriverVSync
                0x08012494                SoundChannelClear
                0x08012498                MidiKey2Freq
                0x0801249c                MultiBoot
                0x080124a0                SoundDriverVSyncOff
                0x080124a4                SoundDriverVSyncOn
 .text          0x080124a8       0xc0 C:/devkitPro/libgba/lib\libgba.a(input.o)
                0x080124a8                setRepeat
                0x080124b4                scanKeys
                0x0801252c                keysDownRepeat
                0x0801253c                keysDown
                0x0801254c                keysUp
                0x0801255c                keysHeld
 .text          0x08012568      0x3c4 C:/devkitPro/libgba/lib\libgba.a(interrupt.o)
                0x08012568                dummy
                0x0801256c                InitInterrupt
                0x080125c8                irqInit
                0x08012624                SetInterrupt
                0x0801270c                irqSet
                0x080127f4                EnableInterrupt
                0x08012840                irqEnable
                0x08012894                DisableInterrupt
                0x080128e0                irqDisable
 .text._ZdlPvj  0x0801292c        0xc C:/devkitPro/devkitARM/bin/../lib/gcc/arm-none-eabi/16.1.0/../../../../arm-none-eabi/lib/thumb\libstdc++.a(del_ops.o)
                0x0801292c                operator delete(void*, unsigned int)
 .text._Znwj    0x08012938       0x48 C:/devkitPro/devkitARM/bin/../lib/gcc/arm-none-eabi/16.1.0/../../../../arm-none-eabi/lib/thumb\libstdc++.a(new_op.o)
                0x08012938                operator new(unsigned int)
 .text.unlikely._ZSt19__throw_logic_errorPKc
                0x08012980       0x30 C:/devkitPro/devkitARM/bin/../lib/gcc/arm-none-eabi/16.1.0/../../../../arm-none-eabi/lib/thumb\libstdc++.a(functexcept.o)
                0x08012980                std::__throw_logic_error(char const*)
 .text.unlikely._ZSt20__throw_length_errorPKc
                0x080129b0       0x30 C:/devkitPro/devkitARM/bin/../lib/gcc/arm-none-eabi/16.1.0/../../../../arm-none-eabi/lib/thumb\libstdc++.a(functexcept.o)
                0x080129b0                std::__throw_length_error(char const*)
 .text._ZNKSt9bad_alloc4whatEv
                0x080129e0        0x8 C:/devkitPro/devkitARM/bin/../lib/gcc/arm-none-eabi/16.1.0/../../../../arm-none-eabi/lib/thumb\libstdc++.a(bad_alloc.o)
                0x080129e0                std::bad_alloc::what() const
 .text._ZNSt9bad_allocD2Ev
                0x080129e8       0x18 C:/devkitPro/devkitARM/bin/../lib/gcc/arm-none-eabi/16.1.0/../../../../arm-none-eabi/lib/thumb\libstdc++.a(bad_alloc.o)
                0x080129e8                std::bad_alloc::~bad_alloc()
                0x080129e8                std::bad_alloc::~bad_alloc()
 .text._ZNSt9bad_allocD0Ev
                0x08012a00       0x20 C:/devkitPro/devkitARM/bin/../lib/gcc/arm-none-eabi/16.1.0/../../../../arm-none-eabi/lib/thumb\libstdc++.a(bad_alloc.o)
                0x08012a00                std::bad_alloc::~bad_alloc()
 .text._ZdlPv   0x08012a20        0xc C:/devkitPro/devkitARM/bin/../lib/gcc/arm-none-eabi/16.1.0/../../../../arm-none-eabi/lib/thumb\libstdc++.a(del_op.o)
                0x08012a20                operator delete(void*)
 .text._ZNK9__gnu_cxx24__concurrence_lock_error4whatEv
                0x08012a2c        0x8 C:/devkitPro/devkitARM/bin/../lib/gcc/arm-none-eabi/16.1.0/../../../../arm-none-eabi/lib/thumb\libstdc++.a(eh_alloc.o)
                0x08012a2c                __gnu_cxx::__concurrence_lock_error::what() const
 .text._ZNK9__gnu_cxx26__concurrence_unlock_error4whatEv
                0x08012a34        0x8 C:/devkitPro/devkitARM/bin/../lib/gcc/arm-none-eabi/16.1.0/../../../../arm-none-eabi/lib/thumb\libstdc++.a(eh_alloc.o)
                0x08012a34                __gnu_cxx::__concurrence_unlock_error::what() const
 .text._ZN9__gnu_cxx24__concurrence_lock_errorD2Ev
                0x08012a3c       0x18 C:/devkitPro/devkitARM/bin/../lib/gcc/arm-none-eabi/16.1.0/../../../../arm-none-eabi/lib/thumb\libstdc++.a(eh_alloc.o)
                0x08012a3c                __gnu_cxx::__concurrence_lock_error::~__concurrence_lock_error()
                0x08012a3c                __gnu_cxx::__concurrence_lock_error::~__concurrence_lock_error()
 .text._ZN9__gnu_cxx24__concurrence_lock_errorD0Ev
                0x08012a54       0x20 C:/devkitPro/devkitARM/bin/../lib/gcc/arm-none-eabi/16.1.0/../../../../arm-none-eabi/lib/thumb\libstdc++.a(eh_alloc.o)
                0x08012a54                __gnu_cxx::__concurrence_lock_error::~__concurrence_lock_error()
 .text._ZN9__gnu_cxx26__concurrence_unlock_errorD2Ev
                0x08012a74       0x18 C:/devkitPro/devkitARM/bin/../lib/gcc/arm-none-eabi/16.1.0/../../../../arm-none-eabi/lib/thumb\libstdc++.a(eh_alloc.o)
                0x08012a74                __gnu_cxx::__concurrence_unlock_error::~__concurrence_unlock_error()
                0x08012a74                __gnu_cxx::__concurrence_unlock_error::~__concurrence_unlock_error()
 .text._ZN9__gnu_cxx26__concurrence_unlock_errorD0Ev
                0x08012a8c       0x20 C:/devkitPro/devkitARM/bin/../lib/gcc/arm-none-eabi/16.1.0/../../../../arm-none-eabi/lib/thumb\libstdc++.a(eh_alloc.o)
                0x08012a8c                __gnu_cxx::__concurrence_unlock_error::~__concurrence_unlock_error()
 .text.unlikely._ZN9__gnu_cxx30__throw_concurrence_lock_errorEv
                0x08012aac       0x20 C:/devkitPro/devkitARM/bin/../lib/gcc/arm-none-eabi/16.1.0/../../../../arm-none-eabi/lib/thumb\libstdc++.a(eh_alloc.o)
                0x08012aac                __gnu_cxx::__throw_concurrence_lock_error()
 .text.unlikely._ZN9__gnu_cxx32__throw_concurrence_unlock_errorEv
                0x08012acc       0x20 C:/devkitPro/devkitARM/bin/../lib/gcc/arm-none-eabi/16.1.0/../../../../arm-none-eabi/lib/thumb\libstdc++.a(eh_alloc.o)
                0x08012acc                __gnu_cxx::__throw_concurrence_unlock_error()
 .text._ZN12_GLOBAL__N_14pool4freeEPv.constprop.0
                0x08012aec       0xa0 C:/devkitPro/devkitARM/bin/../lib/gcc/arm-none-eabi/16.1.0/../../../../arm-none-eabi/lib/thumb\libstdc++.a(eh_alloc.o)
 .text._ZN12_GLOBAL__N_14pool8allocateEj.constprop.0
                0x08012b8c       0x74 C:/devkitPro/devkitARM/bin/../lib/gcc/arm-none-eabi/16.1.0/../../../../arm-none-eabi/lib/thumb\libstdc++.a(eh_alloc.o)
 .text.__cxa_allocate_exception
                0x08012c00       0x30 C:/devkitPro/devkitARM/bin/../lib/gcc/arm-none-eabi/16.1.0/../../../../arm-none-eabi/lib/thumb\libstdc++.a(eh_alloc.o)
                0x08012c00                __cxa_allocate_exception
 .text.__cxa_free_exception
                0x08012c30       0x28 C:/devkitPro/devkitARM/bin/../lib/gcc/arm-none-eabi/16.1.0/../../../../arm-none-eabi/lib/thumb\libstdc++.a(eh_alloc.o)
                0x08012c30                __cxa_free_exception
 .text.startup._GLOBAL__sub_I__ZN9__gnu_cxx9__freeresEv
                0x08012c58      0x114 C:/devkitPro/devkitARM/bin/../lib/gcc/arm-none-eabi/16.1.0/../../../../arm-none-eabi/lib/thumb\libstdc++.a(eh_alloc.o)
 .text.exit._GLOBAL__sub_D__ZN9__gnu_cxx9__freeresEv
                0x08012d6c       0x18 C:/devkitPro/devkitARM/bin/../lib/gcc/arm-none-eabi/16.1.0/../../../../arm-none-eabi/lib/thumb\libstdc++.a(eh_alloc.o)
 .text.__cxa_end_cleanup
                0x08012d84        0xc C:/devkitPro/devkitARM/bin/../lib/gcc/arm-none-eabi/16.1.0/../../../../arm-none-eabi/lib/thumb\libstdc++.a(eh_arm.o)
                0x08012d84                __cxa_end_cleanup
 .text.__cxa_type_match
                0x08012d90       0xc8 C:/devkitPro/devkitARM/bin/../lib/gcc/arm-none-eabi/16.1.0/../../../../arm-none-eabi/lib/thumb\libstdc++.a(eh_arm.o)
                0x08012d90                __cxa_type_match
 .text.__cxa_begin_cleanup
                0x08012e58       0x64 C:/devkitPro/devkitARM/bin/../lib/gcc/arm-none-eabi/16.1.0/../../../../arm-none-eabi/lib/thumb\libstdc++.a(eh_arm.o)
                0x08012e58                __cxa_begin_cleanup
 .text.__gnu_end_cleanup
                0x08012ebc       0x74 C:/devkitPro/devkitARM/bin/../lib/gcc/arm-none-eabi/16.1.0/../../../../arm-none-eabi/lib/thumb\libstdc++.a(eh_arm.o)
                0x08012ebc                __gnu_end_cleanup
 .text._ZNSt9exceptionD2Ev
                0x08012f30        0x4 C:/devkitPro/devkitARM/bin/../lib/gcc/arm-none-eabi/16.1.0/../../../../arm-none-eabi/lib/thumb\libstdc++.a(eh_exception.o)
                0x08012f30                std::exception::~exception()
                0x08012f30                std::exception::~exception()
 .text._ZNSt13bad_exceptionD2Ev
                0x08012f34        0x4 C:/devkitPro/devkitARM/bin/../lib/gcc/arm-none-eabi/16.1.0/../../../../arm-none-eabi/lib/thumb\libstdc++.a(eh_exception.o)
                0x08012f34                std::bad_exception::~bad_exception()
                0x08012f34                std::bad_exception::~bad_exception()
 .text._ZNKSt13bad_exception4whatEv
                0x08012f38        0x8 C:/devkitPro/devkitARM/bin/../lib/gcc/arm-none-eabi/16.1.0/../../../../arm-none-eabi/lib/thumb\libstdc++.a(eh_exception.o)
                0x08012f38                std::bad_exception::what() const
                0x08012f38                transaction clone for std::bad_exception::what() const
 .text._ZNSt13bad_exceptionD0Ev
                0x08012f40       0x14 C:/devkitPro/devkitARM/bin/../lib/gcc/arm-none-eabi/16.1.0/../../../../arm-none-eabi/lib/thumb\libstdc++.a(eh_exception.o)
                0x08012f40                std::bad_exception::~bad_exception()
 .text._ZL15eh_globals_dtorPv
                0x08012f54       0x28 C:/devkitPro/devkitARM/bin/../lib/gcc/arm-none-eabi/16.1.0/../../../../arm-none-eabi/lib/thumb\libstdc++.a(eh_globals.o)
 .text.__cxa_get_globals_fast
                0x08012f7c       0x28 C:/devkitPro/devkitARM/bin/../lib/gcc/arm-none-eabi/16.1.0/../../../../arm-none-eabi/lib/thumb\libstdc++.a(eh_globals.o)
                0x08012f7c                __cxa_get_globals_fast
 .text.__cxa_get_globals
                0x08012fa4       0x50 C:/devkitPro/devkitARM/bin/../lib/gcc/arm-none-eabi/16.1.0/../../../../arm-none-eabi/lib/thumb\libstdc++.a(eh_globals.o)
                0x08012fa4                __cxa_get_globals
 .text.startup._GLOBAL__sub_I__ZN17__eh_globals_init7_S_initE
                0x08012ff4       0x24 C:/devkitPro/devkitARM/bin/../lib/gcc/arm-none-eabi/16.1.0/../../../../arm-none-eabi/lib/thumb\libstdc++.a(eh_globals.o)
 .text.exit._GLOBAL__sub_D__ZN17__eh_globals_init7_S_initE
                0x08013018       0x28 C:/devkitPro/devkitARM/bin/../lib/gcc/arm-none-eabi/16.1.0/../../../../arm-none-eabi/lib/thumb\libstdc++.a(eh_globals.o)
 .text._ZL28read_encoded_value_with_basehjPKhPj
                0x08013040       0xec C:/devkitPro/devkitARM/bin/../lib/gcc/arm-none-eabi/16.1.0/../../../../arm-none-eabi/lib/thumb\libstdc++.a(eh_personality.o)
 .text._ZL21base_of_encoded_valuehP15_Unwind_Context
                0x0801312c       0x40 C:/devkitPro/devkitARM/bin/../lib/gcc/arm-none-eabi/16.1.0/../../../../arm-none-eabi/lib/thumb\libstdc++.a(eh_personality.o)
 .text._ZL17parse_lsda_headerP15_Unwind_ContextPKhP16lsda_header_info
                0x0801316c       0x90 C:/devkitPro/devkitARM/bin/../lib/gcc/arm-none-eabi/16.1.0/../../../../arm-none-eabi/lib/thumb\libstdc++.a(eh_personality.o)
 .text.__gxx_personality_v0
                0x080131fc      0x4bc C:/devkitPro/devkitARM/bin/../lib/gcc/arm-none-eabi/16.1.0/../../../../arm-none-eabi/lib/thumb\libstdc++.a(eh_personality.o)
                0x080131fc                __gxx_personality_v0
 .text._ZN10__cxxabiv111__terminateEPFvvE
                0x080136b8       0x14 C:/devkitPro/devkitARM/bin/../lib/gcc/arm-none-eabi/16.1.0/../../../../arm-none-eabi/lib/thumb\libstdc++.a(eh_terminate.o)
                0x080136b8                __cxxabiv1::__terminate(void (*)())
 .text._ZSt13get_terminatev
                0x080136cc       0x34 C:/devkitPro/devkitARM/bin/../lib/gcc/arm-none-eabi/16.1.0/../../../../arm-none-eabi/lib/thumb\libstdc++.a(eh_terminate.o)
                0x080136cc                std::get_terminate()
 .text.unlikely._ZSt9terminatev
                0x08013700        0xa C:/devkitPro/devkitARM/bin/../lib/gcc/arm-none-eabi/16.1.0/../../../../arm-none-eabi/lib/thumb\libstdc++.a(eh_terminate.o)
                0x08013700                std::terminate()
 *fill*         0x0801370a        0x2 ff
 .text._ZN10__cxxabiv112__unexpectedEPFvvE
                0x0801370c        0xc C:/devkitPro/devkitARM/bin/../lib/gcc/arm-none-eabi/16.1.0/../../../../arm-none-eabi/lib/thumb\libstdc++.a(eh_terminate.o)
                0x0801370c                __cxxabiv1::__unexpected(void (*)())
 .text._ZSt14get_unexpectedv
                0x08013718       0x34 C:/devkitPro/devkitARM/bin/../lib/gcc/arm-none-eabi/16.1.0/../../../../arm-none-eabi/lib/thumb\libstdc++.a(eh_terminate.o)
                0x08013718                std::get_unexpected()
 .text.unlikely._ZSt10unexpectedv
                0x0801374c        0xa C:/devkitPro/devkitARM/bin/../lib/gcc/arm-none-eabi/16.1.0/../../../../arm-none-eabi/lib/thumb\libstdc++.a(eh_terminate.o)
                0x0801374c                std::unexpected()
 *fill*         0x08013756        0x2 ff
 .text.startup._GLOBAL__sub_I__ZN10__cxxabiv111__terminateEPFvvE
                0x08013758       0x10 C:/devkitPro/devkitARM/bin/../lib/gcc/arm-none-eabi/16.1.0/../../../../arm-none-eabi/lib/thumb\libstdc++.a(eh_terminate.o)
 .text._ZL23__gxx_exception_cleanup19_Unwind_Reason_CodeP21_Unwind_Control_Block
                0x08013768       0x40 C:/devkitPro/devkitARM/bin/../lib/gcc/arm-none-eabi/16.1.0/../../../../arm-none-eabi/lib/thumb\libstdc++.a(eh_throw.o)
 .text.__cxa_throw
                0x080137a8       0x74 C:/devkitPro/devkitARM/bin/../lib/gcc/arm-none-eabi/16.1.0/../../../../arm-none-eabi/lib/thumb\libstdc++.a(eh_throw.o)
                0x080137a8                __cxa_throw
 .text.__cxa_rethrow
                0x0801381c       0x70 C:/devkitPro/devkitARM/bin/../lib/gcc/arm-none-eabi/16.1.0/../../../../arm-none-eabi/lib/thumb\libstdc++.a(eh_throw.o)
                0x0801381c                __cxa_rethrow
 .text._ZSt15get_new_handlerv
                0x0801388c       0x34 C:/devkitPro/devkitARM/bin/../lib/gcc/arm-none-eabi/16.1.0/../../../../arm-none-eabi/lib/thumb\libstdc++.a(new_handler.o)
                0x0801388c                std::get_new_handler()
 .text.startup._GLOBAL__sub_I__ZSt7nothrow
                0x080138c0       0x10 C:/devkitPro/devkitARM/bin/../lib/gcc/arm-none-eabi/16.1.0/../../../../arm-none-eabi/lib/thumb\libstdc++.a(new_handler.o)
 .text._ZN10__cxxabiv120__si_class_type_infoD2Ev
                0x080138d0       0x18 C:/devkitPro/devkitARM/bin/../lib/gcc/arm-none-eabi/16.1.0/../../../../arm-none-eabi/lib/thumb\libstdc++.a(si_class_type_info.o)
                0x080138d0                __cxxabiv1::__si_class_type_info::~__si_class_type_info()
                0x080138d0                __cxxabiv1::__si_class_type_info::~__si_class_type_info()
 .text._ZN10__cxxabiv120__si_class_type_infoD0Ev
                0x080138e8       0x20 C:/devkitPro/devkitARM/bin/../lib/gcc/arm-none-eabi/16.1.0/../../../../arm-none-eabi/lib/thumb\libstdc++.a(si_class_type_info.o)
                0x080138e8                __cxxabiv1::__si_class_type_info::~__si_class_type_info()
 .text._ZNK10__cxxabiv120__si_class_type_info20__do_find_public_srcEiPKvPKNS_17__class_type_infoES2_
                0x08013908       0x40 C:/devkitPro/devkitARM/bin/../lib/gcc/arm-none-eabi/16.1.0/../../../../arm-none-eabi/lib/thumb\libstdc++.a(si_class_type_info.o)
                0x08013908                __cxxabiv1::__si_class_type_info::__do_find_public_src(int, void const*, __cxxabiv1::__class_type_info const*, void const*) const
 .text._ZNK10__cxxabiv120__si_class_type_info12__do_dyncastEiNS_17__class_type_info10__sub_kindEPKS1_PKvS4_S6_RNS1_16__dyncast_resultE
                0x08013948       0xa0 C:/devkitPro/devkitARM/bin/../lib/gcc/arm-none-eabi/16.1.0/../../../../arm-none-eabi/lib/thumb\libstdc++.a(si_class_type_info.o)
                0x08013948                __cxxabiv1::__si_class_type_info::__do_dyncast(int, __cxxabiv1::__class_type_info::__sub_kind, __cxxabiv1::__class_type_info const*, void const*, __cxxabiv1::__class_type_info const*, void const*, __cxxabiv1::__class_type_info::__dyncast_result&) const
 .text._ZNK10__cxxabiv120__si_class_type_info11__do_upcastEPKNS_17__class_type_infoEPKvRNS1_15__upcast_resultE
                0x080139e8       0x2c C:/devkitPro/devkitARM/bin/../lib/gcc/arm-none-eabi/16.1.0/../../../../arm-none-eabi/lib/thumb\libstdc++.a(si_class_type_info.o)
                0x080139e8                __cxxabiv1::__si_class_type_info::__do_upcast(__cxxabiv1::__class_type_info const*, void const*, __cxxabiv1::__class_type_info::__upcast_result&) const
 .text._ZNSt9type_infoD2Ev
                0x08013a14        0x4 C:/devkitPro/devkitARM/bin/../lib/gcc/arm-none-eabi/16.1.0/../../../../arm-none-eabi/lib/thumb\libstdc++.a(tinfo.o)
                0x08013a14                std::type_info::~type_info()
                0x08013a14                std::type_info::~type_info()
 .text._ZNKSt9type_info14__is_pointer_pEv
                0x08013a18        0x4 C:/devkitPro/devkitARM/bin/../lib/gcc/arm-none-eabi/16.1.0/../../../../arm-none-eabi/lib/thumb\libstdc++.a(tinfo.o)
                0x08013a18                std::type_info::__is_pointer_p() const
                0x08013a18                std::type_info::__is_function_p() const
 .text._ZNKSt9type_infoeqERKS_
                0x08013a1c       0x30 C:/devkitPro/devkitARM/bin/../lib/gcc/arm-none-eabi/16.1.0/../../../../arm-none-eabi/lib/thumb\libstdc++.a(tinfo.o)
                0x08013a1c                std::type_info::operator==(std::type_info const&) const
                0x08013a1c                std::type_info::__equal(std::type_info const&) const
 .text._ZNKSt11logic_error4whatEv
                0x08013a4c        0x4 C:/devkitPro/devkitARM/bin/../lib/gcc/arm-none-eabi/16.1.0/../../../../arm-none-eabi/lib/thumb\libstdc++.a(stdexcept.o)
                0x08013a4c                std::logic_error::what() const
                0x08013a4c                std::runtime_error::what() const
 .text._ZNSt11logic_errorD2Ev
                0x08013a50       0x48 C:/devkitPro/devkitARM/bin/../lib/gcc/arm-none-eabi/16.1.0/../../../../arm-none-eabi/lib/thumb\libstdc++.a(stdexcept.o)
                0x08013a50                std::logic_error::~logic_error()
                0x08013a50                std::logic_error::~logic_error()
 .text._ZNSt12length_errorD2Ev
                0x08013a98       0x48 C:/devkitPro/devkitARM/bin/../lib/gcc/arm-none-eabi/16.1.0/../../../../arm-none-eabi/lib/thumb\libstdc++.a(stdexcept.o)
                0x08013a98                std::length_error::~length_error()
                0x08013a98                std::length_error::~length_error()
 .text._ZNSt11logic_errorD0Ev
                0x08013ae0       0x4c C:/devkitPro/devkitARM/bin/../lib/gcc/arm-none-eabi/16.1.0/../../../../arm-none-eabi/lib/thumb\libstdc++.a(stdexcept.o)
                0x08013ae0                std::logic_error::~logic_error()
 .text._ZNSt12length_errorD0Ev
                0x08013b2c       0x4c C:/devkitPro/devkitARM/bin/../lib/gcc/arm-none-eabi/16.1.0/../../../../arm-none-eabi/lib/thumb\libstdc++.a(stdexcept.o)
                0x08013b2c                std::length_error::~length_error()
 .text._ZNSt11logic_errorC2EPKc
                0x08013b78       0x8c C:/devkitPro/devkitARM/bin/../lib/gcc/arm-none-eabi/16.1.0/../../../../arm-none-eabi/lib/thumb\libstdc++.a(cow-stdexcept.o)
                0x08013b78                std::logic_error::logic_error(char const*)
                0x08013b78                std::logic_error::logic_error(char const*)
 .text._ZNSt12length_errorC2EPKc
                0x08013c04       0x18 C:/devkitPro/devkitARM/bin/../lib/gcc/arm-none-eabi/16.1.0/../../../../arm-none-eabi/lib/thumb\libstdc++.a(cow-stdexcept.o)
                0x08013c04                std::length_error::length_error(char const*)
                0x08013c04                std::length_error::length_error(char const*)
 .text._ZNSs4_Rep9_S_createEjjRKSaIcE
                0x08013c1c       0x60 C:/devkitPro/devkitARM/bin/../lib/gcc/arm-none-eabi/16.1.0/../../../../arm-none-eabi/lib/thumb\libstdc++.a(cow-string-inst.o)
                0x08013c1c                std::string::_Rep::_S_create(unsigned int, unsigned int, std::allocator<char> const&)
 .text._ZNSs4_Rep10_M_destroyERKSaIcE
                0x08013c7c        0xc C:/devkitPro/devkitARM/bin/../lib/gcc/arm-none-eabi/16.1.0/../../../../arm-none-eabi/lib/thumb\libstdc++.a(cow-string-inst.o)
                0x08013c7c                std::string::_Rep::_M_destroy(std::allocator<char> const&)
 .text._ZN9__gnu_cxx18__exchange_and_addEPVii
                0x08013c88       0x88 C:/devkitPro/devkitARM/bin/../lib/gcc/arm-none-eabi/16.1.0/../../../../arm-none-eabi/lib/thumb\libstdc++.a(atomicity.o)
                0x08013c88                __gnu_cxx::__exchange_and_add(int volatile*, int)
 .text._ZNK10__cxxabiv117__class_type_info20__do_find_public_srcEiPKvPKS0_S2_
                0x08013d10       0x14 C:/devkitPro/devkitARM/bin/../lib/gcc/arm-none-eabi/16.1.0/../../../../arm-none-eabi/lib/thumb\libstdc++.a(class_type_info.o)
                0x08013d10                __cxxabiv1::__class_type_info::__do_find_public_src(int, void const*, __cxxabiv1::__class_type_info const*, void const*) const
 .text._ZN10__cxxabiv117__class_type_infoD2Ev
                0x08013d24       0x18 C:/devkitPro/devkitARM/bin/../lib/gcc/arm-none-eabi/16.1.0/../../../../arm-none-eabi/lib/thumb\libstdc++.a(class_type_info.o)
                0x08013d24                __cxxabiv1::__class_type_info::~__class_type_info()
                0x08013d24                __cxxabiv1::__class_type_info::~__class_type_info()
 .text._ZN10__cxxabiv117__class_type_infoD0Ev
                0x08013d3c       0x20 C:/devkitPro/devkitARM/bin/../lib/gcc/arm-none-eabi/16.1.0/../../../../arm-none-eabi/lib/thumb\libstdc++.a(class_type_info.o)
                0x08013d3c                __cxxabiv1::__class_type_info::~__class_type_info()
 .text._ZNK10__cxxabiv117__class_type_info12__do_dyncastEiNS0_10__sub_kindEPKS0_PKvS3_S5_RNS0_16__dyncast_resultE
                0x08013d5c       0x44 C:/devkitPro/devkitARM/bin/../lib/gcc/arm-none-eabi/16.1.0/../../../../arm-none-eabi/lib/thumb\libstdc++.a(class_type_info.o)
                0x08013d5c                __cxxabiv1::__class_type_info::__do_dyncast(int, __cxxabiv1::__class_type_info::__sub_kind, __cxxabiv1::__class_type_info const*, void const*, __cxxabiv1::__class_type_info const*, void const*, __cxxabiv1::__class_type_info::__dyncast_result&) const
 .text._ZNK10__cxxabiv117__class_type_info11__do_upcastEPKS0_PKvRNS0_15__upcast_resultE
                0x08013da0       0x20 C:/devkitPro/devkitARM/bin/../lib/gcc/arm-none-eabi/16.1.0/../../../../arm-none-eabi/lib/thumb\libstdc++.a(class_type_info.o)
                0x08013da0                __cxxabiv1::__class_type_info::__do_upcast(__cxxabiv1::__class_type_info const*, void const*, __cxxabiv1::__class_type_info::__upcast_result&) const
 .text._ZNK10__cxxabiv117__class_type_info11__do_upcastEPKS0_PPv
                0x08013dc0       0x58 C:/devkitPro/devkitARM/bin/../lib/gcc/arm-none-eabi/16.1.0/../../../../arm-none-eabi/lib/thumb\libstdc++.a(class_type_info.o)
                0x08013dc0                __cxxabiv1::__class_type_info::__do_upcast(__cxxabiv1::__class_type_info const*, void**) const
 .text._ZNK10__cxxabiv117__class_type_info10__do_catchEPKSt9type_infoPPvj
                0x08013e18       0x44 C:/devkitPro/devkitARM/bin/../lib/gcc/arm-none-eabi/16.1.0/../../../../arm-none-eabi/lib/thumb\libstdc++.a(class_type_info.o)
                0x08013e18                __cxxabiv1::__class_type_info::__do_catch(std::type_info const*, void**, unsigned int) const
 .text.unlikely._ZN10__cxxabiv1L24__is_gxx_exception_classEPc
                0x08013e5c       0x3a C:/devkitPro/devkitARM/bin/../lib/gcc/arm-none-eabi/16.1.0/../../../../arm-none-eabi/lib/thumb\libstdc++.a(eh_call.o)
 .text.unlikely.__cxa_call_terminate
                0x08013e96       0x20 C:/devkitPro/devkitARM/bin/../lib/gcc/arm-none-eabi/16.1.0/../../../../arm-none-eabi/lib/thumb\libstdc++.a(eh_call.o)
                0x08013e96                __cxa_call_terminate
 *fill*         0x08013eb6        0x2 ff
 .text.unlikely.__cxa_call_unexpected
                0x08013eb8      0x108 C:/devkitPro/devkitARM/bin/../lib/gcc/arm-none-eabi/16.1.0/../../../../arm-none-eabi/lib/thumb\libstdc++.a(eh_call.o)
                0x08013eb8                __cxa_call_unexpected
 .text.__cxa_begin_catch
                0x08013fc0       0x78 C:/devkitPro/devkitARM/bin/../lib/gcc/arm-none-eabi/16.1.0/../../../../arm-none-eabi/lib/thumb\libstdc++.a(eh_catch.o)
                0x08013fc0                __cxa_begin_catch
 .text.__cxa_end_catch
                0x08014038       0x94 C:/devkitPro/devkitARM/bin/../lib/gcc/arm-none-eabi/16.1.0/../../../../arm-none-eabi/lib/thumb\libstdc++.a(eh_catch.o)
                0x08014038                __cxa_end_catch
 .text._ZNK9__gnu_cxx29__concurrence_broadcast_error4whatEv
                0x080140cc        0x8 C:/devkitPro/devkitARM/bin/../lib/gcc/arm-none-eabi/16.1.0/../../../../arm-none-eabi/lib/thumb\libstdc++.a(guard.o)
                0x080140cc                __gnu_cxx::__concurrence_broadcast_error::what() const
 .text._ZNK9__gnu_cxx24__concurrence_wait_error4whatEv
                0x080140d4        0x8 C:/devkitPro/devkitARM/bin/../lib/gcc/arm-none-eabi/16.1.0/../../../../arm-none-eabi/lib/thumb\libstdc++.a(guard.o)
                0x080140d4                __gnu_cxx::__concurrence_wait_error::what() const
 .text._ZN12_GLOBAL__N_1L4initEv
                0x080140dc       0x20 C:/devkitPro/devkitARM/bin/../lib/gcc/arm-none-eabi/16.1.0/../../../../arm-none-eabi/lib/thumb\libstdc++.a(guard.o)
 .text._ZN12_GLOBAL__N_1L16init_static_condEv
                0x080140fc       0x18 C:/devkitPro/devkitARM/bin/../lib/gcc/arm-none-eabi/16.1.0/../../../../arm-none-eabi/lib/thumb\libstdc++.a(guard.o)
 .text._ZN9__gnu_cxx24__concurrence_wait_errorD2Ev
                0x08014114       0x18 C:/devkitPro/devkitARM/bin/../lib/gcc/arm-none-eabi/16.1.0/../../../../arm-none-eabi/lib/thumb\libstdc++.a(guard.o)
                0x08014114                __gnu_cxx::__concurrence_wait_error::~__concurrence_wait_error()
                0x08014114                __gnu_cxx::__concurrence_wait_error::~__concurrence_wait_error()
 .text._ZN9__gnu_cxx24__concurrence_wait_errorD0Ev
                0x0801412c       0x20 C:/devkitPro/devkitARM/bin/../lib/gcc/arm-none-eabi/16.1.0/../../../../arm-none-eabi/lib/thumb\libstdc++.a(guard.o)
                0x0801412c                __gnu_cxx::__concurrence_wait_error::~__concurrence_wait_error()
 .text._ZN9__gnu_cxx29__concurrence_broadcast_errorD2Ev
                0x0801414c       0x18 C:/devkitPro/devkitARM/bin/../lib/gcc/arm-none-eabi/16.1.0/../../../../arm-none-eabi/lib/thumb\libstdc++.a(guard.o)
                0x0801414c                __gnu_cxx::__concurrence_broadcast_error::~__concurrence_broadcast_error()
                0x0801414c                __gnu_cxx::__concurrence_broadcast_error::~__concurrence_broadcast_error()
 .text._ZN9__gnu_cxx29__concurrence_broadcast_errorD0Ev
                0x08014164       0x20 C:/devkitPro/devkitARM/bin/../lib/gcc/arm-none-eabi/16.1.0/../../../../arm-none-eabi/lib/thumb\libstdc++.a(guard.o)
                0x08014164                __gnu_cxx::__concurrence_broadcast_error::~__concurrence_broadcast_error()
 .text.unlikely._ZN9__gnu_cxx35__throw_concurrence_broadcast_errorEv
                0x08014184       0x20 C:/devkitPro/devkitARM/bin/../lib/gcc/arm-none-eabi/16.1.0/../../../../arm-none-eabi/lib/thumb\libstdc++.a(guard.o)
                0x08014184                __gnu_cxx::__throw_concurrence_broadcast_error()
 .text.__cxa_guard_acquire
                0x080141a4       0xf8 C:/devkitPro/devkitARM/bin/../lib/gcc/arm-none-eabi/16.1.0/../../../../arm-none-eabi/lib/thumb\libstdc++.a(guard.o)
                0x080141a4                __cxa_guard_acquire
 .text.__cxa_guard_release
                0x0801429c       0x6c C:/devkitPro/devkitARM/bin/../lib/gcc/arm-none-eabi/16.1.0/../../../../arm-none-eabi/lib/thumb\libstdc++.a(guard.o)
                0x0801429c                __cxa_guard_release
 .text          0x08014308      0x11c C:/devkitPro/devkitARM/bin/../lib/gcc/arm-none-eabi/16.1.0/thumb\libgcc.a(_udivsi3.o)
                0x08014308                __aeabi_uidiv
                0x08014308                __udivsi3
                0x08014404                __aeabi_uidivmod
 .text          0x08014424      0x150 C:/devkitPro/devkitARM/bin/../lib/gcc/arm-none-eabi/16.1.0/thumb\libgcc.a(_divsi3.o)
                0x08014424                __divsi3
                0x08014424                __aeabi_idiv
                0x08014554                __aeabi_idivmod
 .text          0x08014574        0x4 C:/devkitPro/devkitARM/bin/../lib/gcc/arm-none-eabi/16.1.0/thumb\libgcc.a(_dvmd_tls.o)
                0x08014574                __aeabi_idiv0
                0x08014574                __aeabi_ldiv0
 .text          0x08014578      0x424 C:/devkitPro/devkitARM/bin/../lib/gcc/arm-none-eabi/16.1.0/thumb\libgcc.a(_arm_addsubdf3.o)
                0x08014578                __aeabi_drsub
                0x08014580                __aeabi_dsub
                0x08014580                __subdf3
                0x08014584                __aeabi_dadd
                0x08014584                __adddf3
                0x08014894                __floatunsidf
                0x08014894                __aeabi_ui2d
                0x080148b8                __floatsidf
                0x080148b8                __aeabi_i2d
                0x080148e0                __aeabi_f2d
                0x080148e0                __extendsfdf2
                0x08014928                __floatundidf
                0x08014928                __aeabi_ul2d
                0x0801493c                __floatdidf
                0x0801493c                __aeabi_l2d
 .text          0x0801499c      0x144 C:/devkitPro/devkitARM/bin/../lib/gcc/arm-none-eabi/16.1.0/thumb\libgcc.a(_arm_cmpdf2.o)
                0x0801499c                __gtdf2
                0x0801499c                __gedf2
                0x080149a4                __ltdf2
                0x080149a4                __ledf2
                0x080149ac                __nedf2
                0x080149ac                __eqdf2
                0x080149ac                __cmpdf2
                0x08014a34                __aeabi_cdrcmple
                0x08014a50                __aeabi_cdcmpeq
                0x08014a50                __aeabi_cdcmple
                0x08014a68                __aeabi_dcmpeq
                0x08014a80                __aeabi_dcmplt
                0x08014a98                __aeabi_dcmple
                0x08014ab0                __aeabi_dcmpge
                0x08014ac8                __aeabi_dcmpgt
 .text          0x08014ae0       0x5c C:/devkitPro/devkitARM/bin/../lib/gcc/arm-none-eabi/16.1.0/thumb\libgcc.a(_arm_fixdfsi.o)
                0x08014ae0                __aeabi_d2iz
                0x08014ae0                __fixdfsi
 .text          0x08014b3c       0x48 C:/devkitPro/devkitARM/bin/../lib/gcc/arm-none-eabi/16.1.0/thumb\libgcc.a(_clzsi2.o)
                0x08014b3c                __clzsi2
 .text          0x08014b84       0x50 C:/devkitPro/devkitARM/bin/../lib/gcc/arm-none-eabi/16.1.0/thumb\libgcc.a(_ctzsi2.o)
                0x08014b84                __ctzsi2
 .text          0x08014bd4        0x4 C:/devkitPro/devkitARM/bin/../lib/gcc/arm-none-eabi/16.1.0/thumb\libgcc.a(_sync_none.o)
                0x08014bd4                __sync_synchronize_none
 .text.__muldi3
                0x08014bd8       0x58 C:/devkitPro/devkitARM/bin/../lib/gcc/arm-none-eabi/16.1.0/thumb\libgcc.a(_muldi3.o)
                0x08014bd8                __muldi3
                0x08014bd8                __aeabi_lmul
 .text.selfrel_offset31
                0x08014c30       0x18 C:/devkitPro/devkitARM/bin/../lib/gcc/arm-none-eabi/16.1.0/thumb\libgcc.a(unwind-arm.o)
 .text.search_EIT_table
                0x08014c48       0x74 C:/devkitPro/devkitARM/bin/../lib/gcc/arm-none-eabi/16.1.0/thumb\libgcc.a(unwind-arm.o)
 .text.__gnu_unwind_get_pr_addr
                0x08014cbc       0x28 C:/devkitPro/devkitARM/bin/../lib/gcc/arm-none-eabi/16.1.0/thumb\libgcc.a(unwind-arm.o)
 .text.get_eit_entry
                0x08014ce4       0x98 C:/devkitPro/devkitARM/bin/../lib/gcc/arm-none-eabi/16.1.0/thumb\libgcc.a(unwind-arm.o)
 .text.restore_non_core_regs
                0x08014d7c       0x5c C:/devkitPro/devkitARM/bin/../lib/gcc/arm-none-eabi/16.1.0/thumb\libgcc.a(unwind-arm.o)
 .text._Unwind_decode_typeinfo_ptr.constprop.0
                0x08014dd8        0xc C:/devkitPro/devkitARM/bin/../lib/gcc/arm-none-eabi/16.1.0/thumb\libgcc.a(unwind-arm.o)
 .text._Unwind_DebugHook
                0x08014de4        0x4 C:/devkitPro/devkitARM/bin/../lib/gcc/arm-none-eabi/16.1.0/thumb\libgcc.a(unwind-arm.o)
 .text.unwind_phase2
                0x08014de8       0x40 C:/devkitPro/devkitARM/bin/../lib/gcc/arm-none-eabi/16.1.0/thumb\libgcc.a(unwind-arm.o)
 .text.unwind_phase2_forced
                0x08014e28       0xe0 C:/devkitPro/devkitARM/bin/../lib/gcc/arm-none-eabi/16.1.0/thumb\libgcc.a(unwind-arm.o)
 .text.__gnu_Unwind_RaiseException
                0x08014f08       0x58 C:/devkitPro/devkitARM/bin/../lib/gcc/arm-none-eabi/16.1.0/thumb\libgcc.a(unwind-arm.o)
                0x08014f08                __gnu_Unwind_RaiseException
 .text.__gnu_Unwind_ForcedUnwind
                0x08014f60       0x18 C:/devkitPro/devkitARM/bin/../lib/gcc/arm-none-eabi/16.1.0/thumb\libgcc.a(unwind-arm.o)
                0x08014f60                __gnu_Unwind_ForcedUnwind
 .text.__gnu_Unwind_Resume
                0x08014f78       0x4c C:/devkitPro/devkitARM/bin/../lib/gcc/arm-none-eabi/16.1.0/thumb\libgcc.a(unwind-arm.o)
                0x08014f78                __gnu_Unwind_Resume
 .text.__gnu_Unwind_Resume_or_Rethrow
                0x08014fc4       0x20 C:/devkitPro/devkitARM/bin/../lib/gcc/arm-none-eabi/16.1.0/thumb\libgcc.a(unwind-arm.o)
                0x08014fc4                __gnu_Unwind_Resume_or_Rethrow
 .text._Unwind_Complete
                0x08014fe4        0x4 C:/devkitPro/devkitARM/bin/../lib/gcc/arm-none-eabi/16.1.0/thumb\libgcc.a(unwind-arm.o)
                0x08014fe4                _Unwind_Complete
 .text._Unwind_DeleteException
                0x08014fe8       0x18 C:/devkitPro/devkitARM/bin/../lib/gcc/arm-none-eabi/16.1.0/thumb\libgcc.a(unwind-arm.o)
                0x08014fe8                _Unwind_DeleteException
 .text._Unwind_VRS_Get
                0x08015000       0x44 C:/devkitPro/devkitARM/bin/../lib/gcc/arm-none-eabi/16.1.0/thumb\libgcc.a(unwind-arm.o)
                0x08015000                _Unwind_VRS_Get
 .text._Unwind_GetGR
                0x08015044       0x1c C:/devkitPro/devkitARM/bin/../lib/gcc/arm-none-eabi/16.1.0/thumb\libgcc.a(unwind-arm.o)
 .text._Unwind_VRS_Set
                0x08015060       0x44 C:/devkitPro/devkitARM/bin/../lib/gcc/arm-none-eabi/16.1.0/thumb\libgcc.a(unwind-arm.o)
                0x08015060                _Unwind_VRS_Set
 .text._Unwind_SetGR
                0x080150a4       0x1c C:/devkitPro/devkitARM/bin/../lib/gcc/arm-none-eabi/16.1.0/thumb\libgcc.a(unwind-arm.o)
 .text.__gnu_Unwind_Backtrace
                0x080150c0       0x78 C:/devkitPro/devkitARM/bin/../lib/gcc/arm-none-eabi/16.1.0/thumb\libgcc.a(unwind-arm.o)
                0x080150c0                __gnu_Unwind_Backtrace
 .text.__gnu_unwind_pr_common
                0x08015138      0x2d0 C:/devkitPro/devkitARM/bin/../lib/gcc/arm-none-eabi/16.1.0/thumb\libgcc.a(unwind-arm.o)
 .text.__aeabi_unwind_cpp_pr0
                0x08015408       0x10 C:/devkitPro/devkitARM/bin/../lib/gcc/arm-none-eabi/16.1.0/thumb\libgcc.a(unwind-arm.o)
                0x08015408                __aeabi_unwind_cpp_pr0
 .text.__aeabi_unwind_cpp_pr1
                0x08015418       0x10 C:/devkitPro/devkitARM/bin/../lib/gcc/arm-none-eabi/16.1.0/thumb\libgcc.a(unwind-arm.o)
                0x08015418                __aeabi_unwind_cpp_pr1
 .text.__aeabi_unwind_cpp_pr2
                0x08015428       0x10 C:/devkitPro/devkitARM/bin/../lib/gcc/arm-none-eabi/16.1.0/thumb\libgcc.a(unwind-arm.o)
                0x08015428                __aeabi_unwind_cpp_pr2
 .text._Unwind_VRS_Pop
                0x08015438      0x2e4 C:/devkitPro/devkitARM/bin/../lib/gcc/arm-none-eabi/16.1.0/thumb\libgcc.a(unwind-arm.o)
                0x08015438                _Unwind_VRS_Pop
 .text          0x0801571c      0x1d8 C:/devkitPro/devkitARM/bin/../lib/gcc/arm-none-eabi/16.1.0/thumb\libgcc.a(libunwind.o)
                0x0801571c                __restore_core_regs
                0x0801571c                restore_core_regs
                0x08015738                __gnu_Unwind_Restore_VFP
                0x08015740                __gnu_Unwind_Save_VFP
                0x08015748                __gnu_Unwind_Restore_VFP_D
                0x08015750                __gnu_Unwind_Save_VFP_D
                0x08015758                __gnu_Unwind_Restore_VFP_D_16_to_31
                0x08015760                __gnu_Unwind_Save_VFP_D_16_to_31
                0x08015768                __gnu_Unwind_Restore_WMMXD
                0x080157ac                __gnu_Unwind_Save_WMMXD
                0x080157f0                __gnu_Unwind_Restore_WMMXC
                0x08015804                __gnu_Unwind_Save_WMMXC
                0x08015818                ___Unwind_RaiseException
                0x08015818                _Unwind_RaiseException
                0x08015844                _Unwind_Resume
                0x08015844                ___Unwind_Resume
                0x08015870                _Unwind_Resume_or_Rethrow
                0x08015870                ___Unwind_Resume_or_Rethrow
                0x0801589c                _Unwind_ForcedUnwind
                0x0801589c                ___Unwind_ForcedUnwind
                0x080158c8                ___Unwind_Backtrace
                0x080158c8                _Unwind_Backtrace
 .text.next_unwind_byte
                0x080158f4       0x34 C:/devkitPro/devkitARM/bin/../lib/gcc/arm-none-eabi/16.1.0/thumb\libgcc.a(pr-support.o)
 .text._Unwind_GetGR.constprop.0
                0x08015928       0x1c C:/devkitPro/devkitARM/bin/../lib/gcc/arm-none-eabi/16.1.0/thumb\libgcc.a(pr-support.o)
 .text.unwind_UCB_from_context
                0x08015944        0xc C:/devkitPro/devkitARM/bin/../lib/gcc/arm-none-eabi/16.1.0/thumb\libgcc.a(pr-support.o)
 .text.__gnu_unwind_execute
                0x08015950      0x304 C:/devkitPro/devkitARM/bin/../lib/gcc/arm-none-eabi/16.1.0/thumb\libgcc.a(pr-support.o)
                0x08015950                __gnu_unwind_execute
 .text.__gnu_unwind_frame
                0x08015c54       0x2c C:/devkitPro/devkitARM/bin/../lib/gcc/arm-none-eabi/16.1.0/thumb\libgcc.a(pr-support.o)
                0x08015c54                __gnu_unwind_frame
 .text._Unwind_GetRegionStart
                0x08015c80       0x10 C:/devkitPro/devkitARM/bin/../lib/gcc/arm-none-eabi/16.1.0/thumb\libgcc.a(pr-support.o)
                0x08015c80                _Unwind_GetRegionStart
 .text._Unwind_GetLanguageSpecificData
                0x08015c90       0x18 C:/devkitPro/devkitARM/bin/../lib/gcc/arm-none-eabi/16.1.0/thumb\libgcc.a(pr-support.o)
                0x08015c90                _Unwind_GetLanguageSpecificData
 .text.unlikely._Unwind_GetDataRelBase
                0x08015ca8        0x6 C:/devkitPro/devkitARM/bin/../lib/gcc/arm-none-eabi/16.1.0/thumb\libgcc.a(pr-support.o)
                0x08015ca8                _Unwind_GetDataRelBase
 .text.unlikely._Unwind_GetTextRelBase
                0x08015cae        0x6 C:/devkitPro/devkitARM/bin/../lib/gcc/arm-none-eabi/16.1.0/thumb\libgcc.a(pr-support.o)
                0x08015cae                _Unwind_GetTextRelBase
 .text.getenv   0x08015cb4       0x1c C:/devkitPro/devkitARM/bin/../lib/gcc/arm-none-eabi/16.1.0/../../../../arm-none-eabi/lib/thumb\libg.a(libc_a-getenv.o)
                0x08015cb4                getenv
 .text.memcpy   0x08015cd0       0xac C:/devkitPro/devkitARM/bin/../lib/gcc/arm-none-eabi/16.1.0/../../../../arm-none-eabi/lib/thumb\libg.a(libc_a-memcpy-stub.o)
                0x08015cd0                memcpy
 .text.strlen   0x08015d7c       0x60 C:/devkitPro/devkitARM/bin/../lib/gcc/arm-none-eabi/16.1.0/../../../../arm-none-eabi/lib/thumb\libg.a(libc_a-strlen.o)
                0x08015d7c                strlen
 .text.sulp     0x08015ddc       0x34 C:/devkitPro/devkitARM/bin/../lib/gcc/arm-none-eabi/16.1.0/../../../../arm-none-eabi/lib/thumb\libg.a(libc_a-strtod.o)
 .text._strtod_l
                0x08015e10      0xf7c C:/devkitPro/devkitARM/bin/../lib/gcc/arm-none-eabi/16.1.0/../../../../arm-none-eabi/lib/thumb\libg.a(libc_a-strtod.o)
                0x08015e10                _strtod_l
 .text.strtod   0x08016d8c       0x30 C:/devkitPro/devkitARM/bin/../lib/gcc/arm-none-eabi/16.1.0/../../../../arm-none-eabi/lib/thumb\libg.a(libc_a-strtod.o)
                0x08016d8c                strtod
 .text.rshift   0x08016dbc       0xac C:/devkitPro/devkitARM/bin/../lib/gcc/arm-none-eabi/16.1.0/../../../../arm-none-eabi/lib/thumb\libg.a(libc_a-gdtoa-gethex.o)
 .text.__gethex
                0x08016e68      0x60c C:/devkitPro/devkitARM/bin/../lib/gcc/arm-none-eabi/16.1.0/../../../../arm-none-eabi/lib/thumb\libg.a(libc_a-gdtoa-gethex.o)
                0x08016e68                __gethex
 .text._strtoul_l.isra.0
                0x08017474      0x150 C:/devkitPro/devkitARM/bin/../lib/gcc/arm-none-eabi/16.1.0/../../../../arm-none-eabi/lib/thumb\libg.a(libc_a-strtoul.o)
 .text.strtoul  0x080175c4       0x24 C:/devkitPro/devkitARM/bin/../lib/gcc/arm-none-eabi/16.1.0/../../../../arm-none-eabi/lib/thumb\libg.a(libc_a-strtoul.o)
                0x080175c4                strtoul
 .text.strchr   0x080175e8       0xbc C:/devkitPro/devkitARM/bin/../lib/gcc/arm-none-eabi/16.1.0/../../../../arm-none-eabi/lib/thumb\libg.a(libc_a-strchr.o)
                0x080175e8                strchr
 .text.memcmp   0x080176a4       0x48 C:/devkitPro/devkitARM/bin/../lib/gcc/arm-none-eabi/16.1.0/../../../../arm-none-eabi/lib/thumb\libg.a(libc_a-memcmp.o)
                0x080176a4                memcmp
 .text.__errno  0x080176ec        0xc C:/devkitPro/devkitARM/bin/../lib/gcc/arm-none-eabi/16.1.0/../../../../arm-none-eabi/lib/thumb\libg.a(libc_a-errno.o)
                0x080176ec                __errno
 .text.abort    0x080176f8       0x10 C:/devkitPro/devkitARM/bin/../lib/gcc/arm-none-eabi/16.1.0/../../../../arm-none-eabi/lib/thumb\libg.a(libc_a-abort.o)
                0x080176f8                abort
 .text.__locale_mb_cur_max
                0x08017708       0x20 C:/devkitPro/devkitARM/bin/../lib/gcc/arm-none-eabi/16.1.0/../../../../arm-none-eabi/lib/thumb\libg.a(libc_a-locale.o)
                0x08017708                __locale_mb_cur_max
 .text.memset   0x08017728       0x8c C:/devkitPro/devkitARM/bin/../lib/gcc/arm-none-eabi/16.1.0/../../../../arm-none-eabi/lib/thumb\libg.a(libc_a-memset.o)
                0x08017728                memset
 .text          0x080177b4      0x224 C:/devkitPro/devkitARM/bin/../lib/gcc/arm-none-eabi/16.1.0/../../../../arm-none-eabi/lib/thumb\libg.a(libc_a-strcmp.o)
                0x080177b4                strcmp
 .text.__libc_init_array
                0x080179d8       0x54 C:/devkitPro/devkitARM/bin/../lib/gcc/arm-none-eabi/16.1.0/../../../../arm-none-eabi/lib/thumb\libg.a(libc_a-init.o)
                0x080179d8                __libc_init_array
 .text.strncpy  0x08017a2c       0x68 C:/devkitPro/devkitARM/bin/../lib/gcc/arm-none-eabi/16.1.0/../../../../arm-none-eabi/lib/thumb\libg.a(libc_a-strncpy.o)
                0x08017a2c                strncpy
 .text.malloc   0x08017a94       0x28 C:/devkitPro/devkitARM/bin/../lib/gcc/arm-none-eabi/16.1.0/../../../../arm-none-eabi/lib/thumb\libg.a(libc_a-malloc.o)
                0x08017a94                malloc
 .text.free     0x08017abc       0x14 C:/devkitPro/devkitARM/bin/../lib/gcc/arm-none-eabi/16.1.0/../../../../arm-none-eabi/lib/thumb\libg.a(libc_a-malloc.o)
                0x08017abc                free
 .text.memchr   0x08017ad0       0x74 C:/devkitPro/devkitARM/bin/../lib/gcc/arm-none-eabi/16.1.0/../../../../arm-none-eabi/lib/thumb\libg.a(libc_a-memchr-stub.o)
                0x08017ad0                memchr
 .text._findenv_r
                0x08017b44       0x94 C:/devkitPro/devkitARM/bin/../lib/gcc/arm-none-eabi/16.1.0/../../../../arm-none-eabi/lib/thumb\libg.a(libc_a-getenv_r.o)
                0x08017b44                _findenv_r
 .text.memmove  0x08017bd8      0x108 C:/devkitPro/devkitARM/bin/../lib/gcc/arm-none-eabi/16.1.0/../../../../arm-none-eabi/lib/thumb\libg.a(libc_a-memmove.o)
                0x08017bd8                memmove
 .text.__utf8_wctomb
                0x08017ce0       0xbc C:/devkitPro/devkitARM/bin/../lib/gcc/arm-none-eabi/16.1.0/../../../../arm-none-eabi/lib/thumb\libg.a(libc_a-wctomb_r.o)
                0x08017ce0                __utf8_wctomb
 .text.strncmp  0x08017d9c       0x70 C:/devkitPro/devkitARM/bin/../lib/gcc/arm-none-eabi/16.1.0/../../../../arm-none-eabi/lib/thumb\libg.a(libc_a-strncmp.o)
                0x08017d9c                strncmp
 .text.__match  0x08017e0c       0x38 C:/devkitPro/devkitARM/bin/../lib/gcc/arm-none-eabi/16.1.0/../../../../arm-none-eabi/lib/thumb\libg.a(libc_a-gdtoa-hexnan.o)
                0x08017e0c                __match
 .text.__hexnan
                0x08017e44      0x1e8 C:/devkitPro/devkitARM/bin/../lib/gcc/arm-none-eabi/16.1.0/../../../../arm-none-eabi/lib/thumb\libg.a(libc_a-gdtoa-hexnan.o)
                0x08017e44                __hexnan
 .text.nan      0x0801802c        0xc C:/devkitPro/devkitARM/bin/../lib/gcc/arm-none-eabi/16.1.0/../../../../arm-none-eabi/lib/thumb\libg.a(libm_a-s_nan.o)
                0x0801802c                nan
 .text.__env_lock
                0x08018038       0x14 C:/devkitPro/devkitARM/bin/../lib/gcc/arm-none-eabi/16.1.0/../../../../arm-none-eabi/lib/thumb\libg.a(libc_a-envlock.o)
                0x08018038                __env_lock
 .text.__env_unlock
                0x0801804c       0x14 C:/devkitPro/devkitARM/bin/../lib/gcc/arm-none-eabi/16.1.0/../../../../arm-none-eabi/lib/thumb\libg.a(libc_a-envlock.o)
                0x0801804c                __env_unlock
 .text.__assert_func
                0x08018060       0x40 C:/devkitPro/devkitARM/bin/../lib/gcc/arm-none-eabi/16.1.0/../../../../arm-none-eabi/lib/thumb\libg.a(libc_a-assert.o)
                0x08018060                __assert_func
 .text._Balloc  0x080180a0       0x5c C:/devkitPro/devkitARM/bin/../lib/gcc/arm-none-eabi/16.1.0/../../../../arm-none-eabi/lib/thumb\libg.a(libc_a-mprec.o)
                0x080180a0                _Balloc
 .text._Bfree   0x080180fc       0x14 C:/devkitPro/devkitARM/bin/../lib/gcc/arm-none-eabi/16.1.0/../../../../arm-none-eabi/lib/thumb\libg.a(libc_a-mprec.o)
                0x080180fc                _Bfree
 .text.__multadd
                0x08018110       0xa8 C:/devkitPro/devkitARM/bin/../lib/gcc/arm-none-eabi/16.1.0/../../../../arm-none-eabi/lib/thumb\libg.a(libc_a-mprec.o)
                0x08018110                __multadd
 .text.__s2b    0x080181b8       0xb4 C:/devkitPro/devkitARM/bin/../lib/gcc/arm-none-eabi/16.1.0/../../../../arm-none-eabi/lib/thumb\libg.a(libc_a-mprec.o)
                0x080181b8                __s2b
 .text.__hi0bits
                0x0801826c       0x60 C:/devkitPro/devkitARM/bin/../lib/gcc/arm-none-eabi/16.1.0/../../../../arm-none-eabi/lib/thumb\libg.a(libc_a-mprec.o)
                0x0801826c                __hi0bits
 .text.__lo0bits
                0x080182cc       0x8c C:/devkitPro/devkitARM/bin/../lib/gcc/arm-none-eabi/16.1.0/../../../../arm-none-eabi/lib/thumb\libg.a(libc_a-mprec.o)
                0x080182cc                __lo0bits
 .text.__i2b    0x08018358       0x64 C:/devkitPro/devkitARM/bin/../lib/gcc/arm-none-eabi/16.1.0/../../../../arm-none-eabi/lib/thumb\libg.a(libc_a-mprec.o)
                0x08018358                __i2b
 .text.__multiply
                0x080183bc      0x1b4 C:/devkitPro/devkitARM/bin/../lib/gcc/arm-none-eabi/16.1.0/../../../../arm-none-eabi/lib/thumb\libg.a(libc_a-mprec.o)
                0x080183bc                __multiply
 .text.__pow5mult
                0x08018570       0xd8 C:/devkitPro/devkitARM/bin/../lib/gcc/arm-none-eabi/16.1.0/../../../../arm-none-eabi/lib/thumb\libg.a(libc_a-mprec.o)
                0x08018570                __pow5mult
 .text.__lshift
                0x08018648       0xf8 C:/devkitPro/devkitARM/bin/../lib/gcc/arm-none-eabi/16.1.0/../../../../arm-none-eabi/lib/thumb\libg.a(libc_a-mprec.o)
                0x08018648                __lshift
 .text.__mcmp   0x08018740       0x50 C:/devkitPro/devkitARM/bin/../lib/gcc/arm-none-eabi/16.1.0/../../../../arm-none-eabi/lib/thumb\libg.a(libc_a-mprec.o)
                0x08018740                __mcmp
 .text.__mdiff  0x08018790      0x1a4 C:/devkitPro/devkitARM/bin/../lib/gcc/arm-none-eabi/16.1.0/../../../../arm-none-eabi/lib/thumb\libg.a(libc_a-mprec.o)
                0x08018790                __mdiff
 .text.__ulp    0x08018934       0x40 C:/devkitPro/devkitARM/bin/../lib/gcc/arm-none-eabi/16.1.0/../../../../arm-none-eabi/lib/thumb\libg.a(libc_a-mprec.o)
                0x08018934                __ulp
 .text.__b2d    0x08018974       0xc8 C:/devkitPro/devkitARM/bin/../lib/gcc/arm-none-eabi/16.1.0/../../../../arm-none-eabi/lib/thumb\libg.a(libc_a-mprec.o)
                0x08018974                __b2d
 .text.__d2b    0x08018a3c       0xd4 C:/devkitPro/devkitARM/bin/../lib/gcc/arm-none-eabi/16.1.0/../../../../arm-none-eabi/lib/thumb\libg.a(libc_a-mprec.o)
                0x08018a3c                __d2b
 .text.__ratio  0x08018b10       0x60 C:/devkitPro/devkitARM/bin/../lib/gcc/arm-none-eabi/16.1.0/../../../../arm-none-eabi/lib/thumb\libg.a(libc_a-mprec.o)
                0x08018b10                __ratio
 .text.__copybits
                0x08018b70       0x48 C:/devkitPro/devkitARM/bin/../lib/gcc/arm-none-eabi/16.1.0/../../../../arm-none-eabi/lib/thumb\libg.a(libc_a-mprec.o)
                0x08018b70                __copybits
 .text.__any_on
                0x08018bb8       0x54 C:/devkitPro/devkitARM/bin/../lib/gcc/arm-none-eabi/16.1.0/../../../../arm-none-eabi/lib/thumb\libg.a(libc_a-mprec.o)
                0x08018bb8                __any_on
 .text.__utf8_mbtowc
                0x08018c0c      0x24c C:/devkitPro/devkitARM/bin/../lib/gcc/arm-none-eabi/16.1.0/../../../../arm-none-eabi/lib/thumb\libg.a(libc_a-mbtowc_r.o)
                0x08018c0c                __utf8_mbtowc
 .text.fiprintf
                0x08018e58       0x28 C:/devkitPro/devkitARM/bin/../lib/gcc/arm-none-eabi/16.1.0/../../../../arm-none-eabi/lib/thumb\libg.a(libc_a-fiprintf.o)
                0x08018e58                fiprintf
 .text._raise_r
                0x08018e80       0x60 C:/devkitPro/devkitARM/bin/../lib/gcc/arm-none-eabi/16.1.0/../../../../arm-none-eabi/lib/thumb\libg.a(libc_a-signal.o)
                0x08018e80                _raise_r
 .text.raise    0x08018ee0       0x14 C:/devkitPro/devkitARM/bin/../lib/gcc/arm-none-eabi/16.1.0/../../../../arm-none-eabi/lib/thumb\libg.a(libc_a-signal.o)
                0x08018ee0                raise
 .text._memalign_r
                0x08018ef4      0x118 C:/devkitPro/devkitARM/bin/../lib/gcc/arm-none-eabi/16.1.0/../../../../arm-none-eabi/lib/thumb\libg.a(libc_a-malignr.o)
                0x08018ef4                _memalign_r
 .text._calloc_r
                0x0801900c       0xcc C:/devkitPro/devkitARM/bin/../lib/gcc/arm-none-eabi/16.1.0/../../../../arm-none-eabi/lib/thumb\libg.a(libc_a-callocr.o)
                0x0801900c                _calloc_r
 .text._malloc_r
                0x080190d8      0x550 C:/devkitPro/devkitARM/bin/../lib/gcc/arm-none-eabi/16.1.0/../../../../arm-none-eabi/lib/thumb\libg.a(libc_a-mallocr.o)
                0x080190d8                _malloc_r
 .text._malloc_trim_r
                0x08019628       0xac C:/devkitPro/devkitARM/bin/../lib/gcc/arm-none-eabi/16.1.0/../../../../arm-none-eabi/lib/thumb\libg.a(libc_a-freer.o)
                0x08019628                _malloc_trim_r
 .text._free_r  0x080196d4      0x1d8 C:/devkitPro/devkitARM/bin/../lib/gcc/arm-none-eabi/16.1.0/../../../../arm-none-eabi/lib/thumb\libg.a(libc_a-freer.o)
                0x080196d4                _free_r
 .text.__malloc_lock
                0x080198ac       0x14 C:/devkitPro/devkitARM/bin/../lib/gcc/arm-none-eabi/16.1.0/../../../../arm-none-eabi/lib/thumb\libg.a(libc_a-mlock.o)
                0x080198ac                __malloc_lock
 .text.__malloc_unlock
                0x080198c0       0x14 C:/devkitPro/devkitARM/bin/../lib/gcc/arm-none-eabi/16.1.0/../../../../arm-none-eabi/lib/thumb\libg.a(libc_a-mlock.o)
                0x080198c0                __malloc_unlock
 .text.get_arg  0x080198d4      0x404 C:/devkitPro/devkitARM/bin/../lib/gcc/arm-none-eabi/16.1.0/../../../../arm-none-eabi/lib/thumb\libg.a(libc_a-vfiprintf.o)
 .text._vfiprintf_r
                0x08019cd8     0x16d8 C:/devkitPro/devkitARM/bin/../lib/gcc/arm-none-eabi/16.1.0/../../../../arm-none-eabi/lib/thumb\libg.a(libc_a-vfiprintf.o)
                0x08019cd8                _vfiprintf_r
 .text.__sbprintf
                0x0801b3b0       0x7c C:/devkitPro/devkitARM/bin/../lib/gcc/arm-none-eabi/16.1.0/../../../../arm-none-eabi/lib/thumb\libg.a(libc_a-vfiprintf.o)
 .text._wcrtomb_r
                0x0801b42c       0x88 C:/devkitPro/devkitARM/bin/../lib/gcc/arm-none-eabi/16.1.0/../../../../arm-none-eabi/lib/thumb\libg.a(libc_a-wcrtomb.o)
                0x0801b42c                _wcrtomb_r
 .text.__sflush_r
                0x0801b4b4      0x180 C:/devkitPro/devkitARM/bin/../lib/gcc/arm-none-eabi/16.1.0/../../../../arm-none-eabi/lib/thumb\libg.a(libc_a-fflush.o)
                0x0801b4b4                __sflush_r
 .text._fflush_r
                0x0801b634       0x70 C:/devkitPro/devkitARM/bin/../lib/gcc/arm-none-eabi/16.1.0/../../../../arm-none-eabi/lib/thumb\libg.a(libc_a-fflush.o)
                0x0801b634                _fflush_r
 .text.__sprint_r
                0x0801b6a4       0x24 C:/devkitPro/devkitARM/bin/../lib/gcc/arm-none-eabi/16.1.0/../../../../arm-none-eabi/lib/thumb\libg.a(libc_a-sprint_r.o)
                0x0801b6a4                __sprint_r
 .text.stdio_exit_handler
                0x0801b6c8       0x20 C:/devkitPro/devkitARM/bin/../lib/gcc/arm-none-eabi/16.1.0/../../../../arm-none-eabi/lib/thumb\libg.a(libc_a-findfp.o)
 .text.cleanup_stdio
                0x0801b6e8       0x40 C:/devkitPro/devkitARM/bin/../lib/gcc/arm-none-eabi/16.1.0/../../../../arm-none-eabi/lib/thumb\libg.a(libc_a-findfp.o)
 .text.global_stdio_init.part.0
                0x0801b728      0x120 C:/devkitPro/devkitARM/bin/../lib/gcc/arm-none-eabi/16.1.0/../../../../arm-none-eabi/lib/thumb\libg.a(libc_a-findfp.o)
 .text.__sinit  0x0801b848       0x3c C:/devkitPro/devkitARM/bin/../lib/gcc/arm-none-eabi/16.1.0/../../../../arm-none-eabi/lib/thumb\libg.a(libc_a-findfp.o)
                0x0801b848                __sinit
 .text.__sfp_lock_acquire
                0x0801b884       0x14 C:/devkitPro/devkitARM/bin/../lib/gcc/arm-none-eabi/16.1.0/../../../../arm-none-eabi/lib/thumb\libg.a(libc_a-findfp.o)
                0x0801b884                __sfp_lock_acquire
 .text.__sfp_lock_release
                0x0801b898       0x14 C:/devkitPro/devkitARM/bin/../lib/gcc/arm-none-eabi/16.1.0/../../../../arm-none-eabi/lib/thumb\libg.a(libc_a-findfp.o)
                0x0801b898                __sfp_lock_release
 .text._wcsrtombs_r
                0x0801b8ac       0x20 C:/devkitPro/devkitARM/bin/../lib/gcc/arm-none-eabi/16.1.0/../../../../arm-none-eabi/lib/thumb\libg.a(libc_a-wcsrtombs.o)
                0x0801b8ac                _wcsrtombs_r
 .text.__swsetup_r
                0x0801b8cc       0xd4 C:/devkitPro/devkitARM/bin/../lib/gcc/arm-none-eabi/16.1.0/../../../../arm-none-eabi/lib/thumb\libg.a(libc_a-wsetup.o)
                0x0801b8cc                __swsetup_r
 .text._localeconv_r
                0x0801b9a0       0x20 C:/devkitPro/devkitARM/bin/../lib/gcc/arm-none-eabi/16.1.0/../../../../arm-none-eabi/lib/thumb\libg.a(libc_a-localeconv.o)
                0x0801b9a0                _localeconv_r
 .text.__sread  0x0801b9c0       0x34 C:/devkitPro/devkitARM/bin/../lib/gcc/arm-none-eabi/16.1.0/../../../../arm-none-eabi/lib/thumb\libg.a(libc_a-stdio.o)
                0x0801b9c0                __sread
 .text.__swrite
                0x0801b9f4       0x4c C:/devkitPro/devkitARM/bin/../lib/gcc/arm-none-eabi/16.1.0/../../../../arm-none-eabi/lib/thumb\libg.a(libc_a-stdio.o)
                0x0801b9f4                __swrite
 .text.__sseek  0x0801ba40       0x3c C:/devkitPro/devkitARM/bin/../lib/gcc/arm-none-eabi/16.1.0/../../../../arm-none-eabi/lib/thumb\libg.a(libc_a-stdio.o)
                0x0801ba40                __sseek
 .text.__sclose
                0x0801ba7c       0x10 C:/devkitPro/devkitARM/bin/../lib/gcc/arm-none-eabi/16.1.0/../../../../arm-none-eabi/lib/thumb\libg.a(libc_a-stdio.o)
                0x0801ba7c                __sclose
 .text._fclose_r
                0x0801ba8c       0xe0 C:/devkitPro/devkitARM/bin/../lib/gcc/arm-none-eabi/16.1.0/../../../../arm-none-eabi/lib/thumb\libg.a(libc_a-fclose.o)
                0x0801ba8c                _fclose_r
 .text._wcsnrtombs_l
                0x0801bb6c      0x120 C:/devkitPro/devkitARM/bin/../lib/gcc/arm-none-eabi/16.1.0/../../../../arm-none-eabi/lib/thumb\libg.a(libc_a-wcsnrtombs.o)
                0x0801bb6c                _wcsnrtombs_l
 .text._wcsnrtombs_r
                0x0801bc8c       0x40 C:/devkitPro/devkitARM/bin/../lib/gcc/arm-none-eabi/16.1.0/../../../../arm-none-eabi/lib/thumb\libg.a(libc_a-wcsnrtombs.o)
                0x0801bc8c                _wcsnrtombs_r
 .text._fwalk_sglue
                0x0801bccc       0x4c C:/devkitPro/devkitARM/bin/../lib/gcc/arm-none-eabi/16.1.0/../../../../arm-none-eabi/lib/thumb\libg.a(libc_a-fwalk.o)
                0x0801bccc                _fwalk_sglue
 .text.__sfvwrite_r
                0x0801bd18      0x31c C:/devkitPro/devkitARM/bin/../lib/gcc/arm-none-eabi/16.1.0/../../../../arm-none-eabi/lib/thumb\libg.a(libc_a-fvwrite.o)
                0x0801bd18                __sfvwrite_r
 .text.__smakebuf_r
                0x0801c034       0xe0 C:/devkitPro/devkitARM/bin/../lib/gcc/arm-none-eabi/16.1.0/../../../../arm-none-eabi/lib/thumb\libg.a(libc_a-makebuf.o)
                0x0801c034                __smakebuf_r
 .text._realloc_r
                0x0801c114      0x344 C:/devkitPro/devkitARM/bin/../lib/gcc/arm-none-eabi/16.1.0/../../../../arm-none-eabi/lib/thumb\libg.a(libc_a-reallocr.o)
                0x0801c114                _realloc_r
 .text._exit    0x0801c458       0x14 C:/devkitPro/devkitARM/bin/../lib/gcc/arm-none-eabi/16.1.0/../../../../arm-none-eabi/lib/thumb\libsysbase.a(libsysbase_libsysbase_a-_exit.o)
                0x0801c458                _exit
 .text._fstat_r
                0x0801c46c       0x5c C:/devkitPro/devkitARM/bin/../lib/gcc/arm-none-eabi/16.1.0/../../../../arm-none-eabi/lib/thumb\libsysbase.a(libsysbase_libsysbase_a-fstat.o)
                0x0801c46c                _fstat_r
 .text._getpid_r
                0x0801c4c8        0xc C:/devkitPro/devkitARM/bin/../lib/gcc/arm-none-eabi/16.1.0/../../../../arm-none-eabi/lib/thumb\libsysbase.a(libsysbase_libsysbase_a-getpid.o)
                0x0801c4c8                _getpid_r
 .text.__getreent
                0x0801c4d4       0x20 C:/devkitPro/devkitARM/bin/../lib/gcc/arm-none-eabi/16.1.0/../../../../arm-none-eabi/lib/thumb\libsysbase.a(libsysbase_libsysbase_a-getreent.o)
                0x0801c4d4                __getreent
 .text.__get_handle
                0x0801c4f4       0x34 C:/devkitPro/devkitARM/bin/../lib/gcc/arm-none-eabi/16.1.0/../../../../arm-none-eabi/lib/thumb\libsysbase.a(libsysbase_libsysbase_a-handle_manager.o)
                0x0801c4f4                __get_handle
 .text._close_r
                0x0801c528       0xb0 C:/devkitPro/devkitARM/bin/../lib/gcc/arm-none-eabi/16.1.0/../../../../arm-none-eabi/lib/thumb\libsysbase.a(libsysbase_libsysbase_a-handle_manager.o)
                0x0801c528                _close_r
 .text.null_write
                0x0801c5d8        0x4 C:/devkitPro/devkitARM/bin/../lib/gcc/arm-none-eabi/16.1.0/../../../../arm-none-eabi/lib/thumb\libsysbase.a(libsysbase_libsysbase_a-iosupport.o)
 .text._isatty_r
                0x0801c5dc        0x4 C:/devkitPro/devkitARM/bin/../lib/gcc/arm-none-eabi/16.1.0/../../../../arm-none-eabi/lib/thumb\libsysbase.a(libsysbase_libsysbase_a-isatty.o)
                0x0801c5dc                _isatty_r
 .text._kill_r  0x0801c5e0        0xc C:/devkitPro/devkitARM/bin/../lib/gcc/arm-none-eabi/16.1.0/../../../../arm-none-eabi/lib/thumb\libsysbase.a(libsysbase_libsysbase_a-kill.o)
                0x0801c5e0                _kill_r
 .text._lseek_r
                0x0801c5ec       0x64 C:/devkitPro/devkitARM/bin/../lib/gcc/arm-none-eabi/16.1.0/../../../../arm-none-eabi/lib/thumb\libsysbase.a(libsysbase_libsysbase_a-lseek.o)
                0x0801c5ec                _lseek_r
 .text.pthread_mutex_lock
                0x0801c650       0x38 C:/devkitPro/devkitARM/bin/../lib/gcc/arm-none-eabi/16.1.0/../../../../arm-none-eabi/lib/thumb\libsysbase.a(libsysbase_libsysbase_a-pthread.o)
                0x0801c650                pthread_mutex_lock
 .text.pthread_mutex_unlock
                0x0801c688       0x38 C:/devkitPro/devkitARM/bin/../lib/gcc/arm-none-eabi/16.1.0/../../../../arm-none-eabi/lib/thumb\libsysbase.a(libsysbase_libsysbase_a-pthread.o)
                0x0801c688                pthread_mutex_unlock
 .text.pthread_cond_broadcast
                0x0801c6c0       0x18 C:/devkitPro/devkitARM/bin/../lib/gcc/arm-none-eabi/16.1.0/../../../../arm-none-eabi/lib/thumb\libsysbase.a(libsysbase_libsysbase_a-pthread.o)
                0x0801c6c0                pthread_cond_broadcast
 .text.pthread_cond_wait
                0x0801c6d8       0x48 C:/devkitPro/devkitARM/bin/../lib/gcc/arm-none-eabi/16.1.0/../../../../arm-none-eabi/lib/thumb\libsysbase.a(libsysbase_libsysbase_a-pthread.o)
                0x0801c6d8                pthread_cond_wait
 .text.pthread_once
                0x0801c720       0x74 C:/devkitPro/devkitARM/bin/../lib/gcc/arm-none-eabi/16.1.0/../../../../arm-none-eabi/lib/thumb\libsysbase.a(libsysbase_libsysbase_a-pthread.o)
                0x0801c720                pthread_once
 .text.pthread_key_create
                0x0801c794       0x24 C:/devkitPro/devkitARM/bin/../lib/gcc/arm-none-eabi/16.1.0/../../../../arm-none-eabi/lib/thumb\libsysbase.a(libsysbase_libsysbase_a-pthread.o)
                0x0801c794                pthread_key_create
 .text.pthread_setspecific
                0x0801c7b8       0x1c C:/devkitPro/devkitARM/bin/../lib/gcc/arm-none-eabi/16.1.0/../../../../arm-none-eabi/lib/thumb\libsysbase.a(libsysbase_libsysbase_a-pthread.o)
                0x0801c7b8                pthread_setspecific
 .text.pthread_getspecific
                0x0801c7d4       0x1c C:/devkitPro/devkitARM/bin/../lib/gcc/arm-none-eabi/16.1.0/../../../../arm-none-eabi/lib/thumb\libsysbase.a(libsysbase_libsysbase_a-pthread.o)
                0x0801c7d4                pthread_getspecific
 .text.pthread_key_delete
                0x0801c7f0       0x1c C:/devkitPro/devkitARM/bin/../lib/gcc/arm-none-eabi/16.1.0/../../../../arm-none-eabi/lib/thumb\libsysbase.a(libsysbase_libsysbase_a-pthread.o)
                0x0801c7f0                pthread_key_delete
 .text._read_r  0x0801c80c       0x5c C:/devkitPro/devkitARM/bin/../lib/gcc/arm-none-eabi/16.1.0/../../../../arm-none-eabi/lib/thumb\libsysbase.a(libsysbase_libsysbase_a-read.o)
                0x0801c80c                _read_r
 .text._sbrk_r  0x0801c868       0x50 C:/devkitPro/devkitARM/bin/../lib/gcc/arm-none-eabi/16.1.0/../../../../arm-none-eabi/lib/thumb\libsysbase.a(libsysbase_libsysbase_a-sbrk.o)
                0x0801c868                _sbrk_r
 .text.__libc_lock_acquire
                0x0801c8b8       0x18 C:/devkitPro/devkitARM/bin/../lib/gcc/arm-none-eabi/16.1.0/../../../../arm-none-eabi/lib/thumb\libsysbase.a(libsysbase_libsysbase_a-syscall_support.o)
                0x0801c8b8                __libc_lock_acquire
 .text.__libc_lock_release
                0x0801c8d0       0x18 C:/devkitPro/devkitARM/bin/../lib/gcc/arm-none-eabi/16.1.0/../../../../arm-none-eabi/lib/thumb\libsysbase.a(libsysbase_libsysbase_a-syscall_support.o)
                0x0801c8d0                __libc_lock_release
 .text.__libc_lock_acquire_recursive
                0x0801c8e8       0x18 C:/devkitPro/devkitARM/bin/../lib/gcc/arm-none-eabi/16.1.0/../../../../arm-none-eabi/lib/thumb\libsysbase.a(libsysbase_libsysbase_a-syscall_support.o)
                0x0801c8e8                __libc_lock_acquire_recursive
 .text.__libc_lock_release_recursive
                0x0801c900       0x18 C:/devkitPro/devkitARM/bin/../lib/gcc/arm-none-eabi/16.1.0/../../../../arm-none-eabi/lib/thumb\libsysbase.a(libsysbase_libsysbase_a-syscall_support.o)
                0x0801c900                __libc_lock_release_recursive
 .text.__libc_cond_broadcast
                0x0801c918       0x1c C:/devkitPro/devkitARM/bin/../lib/gcc/arm-none-eabi/16.1.0/../../../../arm-none-eabi/lib/thumb\libsysbase.a(libsysbase_libsysbase_a-syscall_support.o)
                0x0801c918                __libc_cond_broadcast
 .text.__libc_cond_wait
                0x0801c934       0x20 C:/devkitPro/devkitARM/bin/../lib/gcc/arm-none-eabi/16.1.0/../../../../arm-none-eabi/lib/thumb\libsysbase.a(libsysbase_libsysbase_a-syscall_support.o)
                0x0801c934                __libc_cond_wait
 .text.__libc_cond_wait_recursive
                0x0801c954       0x20 C:/devkitPro/devkitARM/bin/../lib/gcc/arm-none-eabi/16.1.0/../../../../arm-none-eabi/lib/thumb\libsysbase.a(libsysbase_libsysbase_a-syscall_support.o)
                0x0801c954                __libc_cond_wait_recursive
 .text._write_r
                0x0801c974       0x5c C:/devkitPro/devkitARM/bin/../lib/gcc/arm-none-eabi/16.1.0/../../../../arm-none-eabi/lib/thumb\libsysbase.a(libsysbase_libsysbase_a-write.o)
                0x0801c974                _write_r
 .text          0x0801c9d0       0x14 C:/devkitPro/devkitARM/bin/../lib/gcc/arm-none-eabi/16.1.0/thumb\libgcc.a(_thumb1_case_uqi.o)
                0x0801c9d0                __gnu_thumb1_case_uqi
 .text          0x0801c9e4       0x14 C:/devkitPro/devkitARM/bin/../lib/gcc/arm-none-eabi/16.1.0/thumb\libgcc.a(_thumb1_case_uhi.o)
                0x0801c9e4                __gnu_thumb1_case_uhi
 .text          0x0801c9f8      0x49c C:/devkitPro/devkitARM/bin/../lib/gcc/arm-none-eabi/16.1.0/thumb\libgcc.a(_arm_muldivdf3.o)
                0x0801c9f8                __aeabi_dmul
                0x0801c9f8                __muldf3
                0x0801cc88                __divdf3
                0x0801cc88                __aeabi_ddiv
 .text          0x0801ce94       0x54 C:/devkitPro/devkitARM/bin/../lib/gcc/arm-none-eabi/16.1.0/thumb\libgcc.a(_arm_fixunsdfsi.o)
                0x0801ce94                __aeabi_d2uiz
                0x0801ce94                __fixunsdfsi
 .text          0x0801cee8       0x3c C:/devkitPro/devkitARM/bin/../lib/gcc/arm-none-eabi/16.1.0/thumb\libgcc.a(_aeabi_uldivmod.o)
                0x0801cee8                __aeabi_uldivmod
 .text.__fixdfdi
                0x0801cf24       0x3c C:/devkitPro/devkitARM/bin/../lib/gcc/arm-none-eabi/16.1.0/thumb\libgcc.a(_fixdfdi.o)
                0x0801cf24                __fixdfdi
                0x0801cf24                __aeabi_d2lz
 .text.__fixunsdfdi
                0x0801cf60       0x40 C:/devkitPro/devkitARM/bin/../lib/gcc/arm-none-eabi/16.1.0/thumb\libgcc.a(_fixunsdfdi.o)
                0x0801cf60                __fixunsdfdi
                0x0801cf60                __aeabi_d2ulz
 .text.__udivmoddi4
                0x0801cfa0      0x194 C:/devkitPro/devkitARM/bin/../lib/gcc/arm-none-eabi/16.1.0/thumb\libgcc.a(_udivmoddi4.o)
                0x0801cfa0                __udivmoddi4
 .text          0x0801d134       0x28 C:/devkitPro/devkitARM/bin/../lib/gcc/arm-none-eabi/16.1.0/thumb\libgcc.a(_clzdi2.o)
                0x0801d134                __clzdi2
 *fill*         0x0801d15c        0x4 ff
 .text.__stub   0x0801d160      0x13c linker stubs
 *(.gnu.linkonce.t.*)
 *(.text.*personality*)
 *(.gnu.warning)
 *(.glue_7t)
 .glue_7t       0x0801d29c        0x0 linker stubs
 *(.glue_7)
 .glue_7        0x0801d29c        0x0 linker stubs
 *(.vfp11_veneer)
 .vfp11_veneer  0x0801d29c        0x0 linker stubs
                0x0801d29c                        . = ALIGN (0x4)
                0x0801d2a8                        __text_end = .

.v4_bx          0x0801d2a8        0x0
 .v4_bx         0x0801d2a8        0x0 linker stubs

.iplt           0x0801d2a8        0x0
 .iplt          0x0801d2a8        0x0 C:/devkitPro/devkitARM/bin/../lib/gcc/arm-none-eabi/16.1.0/../../../../arm-none-eabi/lib/thumb/gba_crt0.o

.fini           0x0801d2a8        0xc
 *(.fini)
 .fini          0x0801d2a8        0x4 C:/devkitPro/devkitARM/bin/../lib/gcc/arm-none-eabi/16.1.0/thumb/crti.o
                0x0801d2a8                _fini
 .fini          0x0801d2ac        0x8 C:/devkitPro/devkitARM/bin/../lib/gcc/arm-none-eabi/16.1.0/thumb/crtn.o
                0x0801d2b4                        . = ALIGN (0x4)

.rodata         0x0801d2b8     0x1774
 *(.rodata)
 .rodata        0x0801d2b8       0x10 generated_rules.o
 *all.rodata*(*)
 *(.roda)
 *(.rodata.*)
 .rodata._ZN12_GLOBAL__N_1L6renderEP14ps_gba_session.str1.4
                0x0801d2c8      0x520 main.o
                                 0x4b (size before relaxing)
 .rodata.main.str1.4
                0x0801d7e8        0x0 main.o
                                 0x36 (size before relaxing)
 .rodata._ZZN12_GLOBAL__N_1L17blitCompositeTileEiiiPKhE13kDownscaleMap
                0x0801d7e8       0x14 main.o
 .rodata._ZN12_GLOBAL__N_1L5kFontE
                0x0801d7fc       0xb4 main.o
 .rodata._ZN12_GLOBAL__N_1L14kSramSignatureE
                0x0801d8b0        0xa main.o
 .rodata._ZN12_GLOBAL__N_1L20runRulesOnLevelStartEP14ps_gba_session.str1.4
                0x0801d8ba        0x0 core.o
                                 0x19 (size before relaxing)
 .rodata.ps_gba_session_init.str1.4
                0x0801d8ba        0x0 core.o
                                  0x7 (size before relaxing)
 .rodata.ps_gba_step.str1.4
                0x0801d8ba        0x0 core.o
                                 0x13 (size before relaxing)
 *fill*         0x0801d8ba        0x2 ff
 .rodata.CSWTCH.5
                0x0801d8bc       0x10 rule_runtime_stubs.o
 .rodata.str1.4
                0x0801d8cc        0x0 generated_game.o
                                 0xe7 (size before relaxing)
 *fill*         0x0801d8cc        0x4 ff
 .rodata.ps_gba_generated_game
                0x0801d8d0       0x68 generated_game.o
                0x0801d8d0                ps_gba_generated_game
 .rodata._ZN12_GLOBAL__N_1L9kMetadataE
                0x0801d938       0x30 generated_game.o
 .rodata._ZN12_GLOBAL__N_1L7kLevelsE
                0x0801d968       0x10 generated_game.o
 .rodata._ZN12_GLOBAL__N_1L12kLevel0WordsE
                0x0801d978      0x30c generated_game.o
 .rodata._ZN12_GLOBAL__N_1L8kObjectsE
                0x0801dc84       0xb0 generated_game.o
 .rodata._ZN12_GLOBAL__N_1L15kObject10PixelsE
                0x0801dd34       0x19 generated_game.o
 *fill*         0x0801dd4d        0x3 ff
 .rodata._ZN12_GLOBAL__N_1L14kObject9PixelsE
                0x0801dd50       0x19 generated_game.o
 *fill*         0x0801dd69        0x3 ff
 .rodata._ZN12_GLOBAL__N_1L14kObject8PixelsE
                0x0801dd6c       0x19 generated_game.o
 *fill*         0x0801dd85        0x3 ff
 .rodata._ZN12_GLOBAL__N_1L14kObject7PixelsE
                0x0801dd88       0x19 generated_game.o
 *fill*         0x0801dda1        0x3 ff
 .rodata._ZN12_GLOBAL__N_1L14kObject6PixelsE
                0x0801dda4       0x19 generated_game.o
 *fill*         0x0801ddbd        0x3 ff
 .rodata._ZN12_GLOBAL__N_1L14kObject5PixelsE
                0x0801ddc0       0x19 generated_game.o
 *fill*         0x0801ddd9        0x3 ff
 .rodata._ZN12_GLOBAL__N_1L14kObject4PixelsE
                0x0801dddc       0x19 generated_game.o
 *fill*         0x0801ddf5        0x3 ff
 .rodata._ZN12_GLOBAL__N_1L14kObject3PixelsE
                0x0801ddf8       0x19 generated_game.o
 *fill*         0x0801de11        0x3 ff
 .rodata._ZN12_GLOBAL__N_1L14kObject2PixelsE
                0x0801de14       0x19 generated_game.o
 *fill*         0x0801de2d        0x3 ff
 .rodata._ZN12_GLOBAL__N_1L14kObject1PixelsE
                0x0801de30       0x19 generated_game.o
 *fill*         0x0801de49        0x3 ff
 .rodata._ZN12_GLOBAL__N_1L14kObject0PixelsE
                0x0801de4c       0x19 generated_game.o
 *fill*         0x0801de65        0x3 ff
 .rodata._ZN12_GLOBAL__N_1L11kPlayerMaskE
                0x0801de68        0x4 generated_game.o
 .rodata._ZN12_GLOBAL__N_1L8kPaletteE
                0x0801de6c       0x12 generated_game.o
 .rodata._ZN12_GLOBAL__N_1L45compact_turn_rebuild_movement_derived_state_0EN12puzzlescript15LevelDimensionsERNS0_7ScratchE.constprop.0.str1.4
                0x0801de7e        0x0 generated_rules.o
                                 0x31 (size before relaxing)
 .rodata._ZN12_GLOBAL__N_1L16ctg_0_e_11_applyEN12puzzlescript15LevelDimensionsERNS0_20PersistentLevelStateERNS0_7ScratchERNS_21CompactTurnCommands_0EPSt6vectorIbSaIbEE.constprop.0.str1.4
                0x0801de7e        0x0 generated_rules.o
                                 0x1a (size before relaxing)
 .rodata._ZNSt6vectorIS_IlSaIlEESaIS1_EE6resizeEj.str1.4
                0x0801de7e        0x0 generated_rules.o
                                 0x1a (size before relaxing)
 *fill*         0x0801de7e        0x2 ff
 .rodata._ZN12_GLOBAL__N_1L32compact_turn_apply_early_rules_0EN12puzzlescript15LevelDimensionsERNS0_20PersistentLevelStateERNS0_7ScratchERNS_21CompactTurnCommands_0EPSt6vectorIbSaIbEE.constprop.0
                0x0801de80       0x30 generated_rules.o
 .rodata._ZN12_GLOBAL__N_1L30compact_turn_execute_program_0EN12puzzlescript15LevelDimensionsElRNS0_20PersistentLevelStateERNS0_7ScratchE8ps_inputNS0_11TurnOptionsEPbb.constprop.0.isra.0.str1.4
                0x0801deb0        0x0 generated_rules.o
                                 0x20 (size before relaxing)
 .rodata._ZN12_GLOBAL__N_1L30compact_turn_execute_program_0EN12puzzlescript15LevelDimensionsElRNS0_20PersistentLevelStateERNS0_7ScratchE8ps_inputNS0_11TurnOptionsEPbb.constprop.0.isra.0
                0x0801deb0       0x44 generated_rules.o
 .rodata.ps_gba_generated_turn.str1.4
                0x0801def4        0x0 generated_rules.o
                                 0x24 (size before relaxing)
 .rodata.CSWTCH.2122
                0x0801def4       0x14 generated_rules.o
 .rodata.CSWTCH.2097
                0x0801df08       0x14 generated_rules.o
 .rodata._ZN12_GLOBAL__N_1L7ctm_0_lE
                0x0801df1c       0x38 generated_rules.o
 .rodata._ZN12_GLOBAL__N_1L7ctm_0_eE
                0x0801df54       0x70 generated_rules.o
 .rodata._ZN12_GLOBAL__N_1L27compact_turn_layer_mask_0_4E
                0x0801dfc4        0x4 generated_rules.o
 .rodata._ZN12_GLOBAL__N_1L27compact_turn_layer_mask_0_3E
                0x0801dfc8        0x4 generated_rules.o
 .rodata._ZN12_GLOBAL__N_1L27compact_turn_layer_mask_0_2E
                0x0801dfcc        0x4 generated_rules.o
 .rodata._ZN12_GLOBAL__N_1L27compact_turn_layer_mask_0_1E
                0x0801dfd0        0x4 generated_rules.o
 .rodata._ZN12_GLOBAL__N_1L27compact_turn_layer_mask_0_0E
                0x0801dfd4        0x4 generated_rules.o
 .rodata._ZNKSt9bad_alloc4whatEv.str1.4
                0x0801dfd8        0x0 C:/devkitPro/devkitARM/bin/../lib/gcc/arm-none-eabi/16.1.0/../../../../arm-none-eabi/lib/thumb\libstdc++.a(bad_alloc.o)
                                  0xf (size before relaxing)
 .rodata._ZTSSt9bad_alloc
                0x0801dfd8        0xd C:/devkitPro/devkitARM/bin/../lib/gcc/arm-none-eabi/16.1.0/../../../../arm-none-eabi/lib/thumb\libstdc++.a(bad_alloc.o)
                0x0801dfd8                typeinfo name for std::bad_alloc
 *fill*         0x0801dfe5        0x3 ff
 .rodata._ZTISt9bad_alloc
                0x0801dfe8        0xc C:/devkitPro/devkitARM/bin/../lib/gcc/arm-none-eabi/16.1.0/../../../../arm-none-eabi/lib/thumb\libstdc++.a(bad_alloc.o)
                0x0801dfe8                typeinfo for std::bad_alloc
 .rodata._ZTVSt9bad_alloc
                0x0801dff4       0x14 C:/devkitPro/devkitARM/bin/../lib/gcc/arm-none-eabi/16.1.0/../../../../arm-none-eabi/lib/thumb\libstdc++.a(bad_alloc.o)
                0x0801dff4                vtable for std::bad_alloc
 .rodata._ZNK9__gnu_cxx24__concurrence_lock_error4whatEv.str1.4
                0x0801e008        0x0 C:/devkitPro/devkitARM/bin/../lib/gcc/arm-none-eabi/16.1.0/../../../../arm-none-eabi/lib/thumb\libstdc++.a(eh_alloc.o)
                                 0x24 (size before relaxing)
 .rodata._ZNK9__gnu_cxx26__concurrence_unlock_error4whatEv.str1.4
                0x0801e008        0x0 C:/devkitPro/devkitARM/bin/../lib/gcc/arm-none-eabi/16.1.0/../../../../arm-none-eabi/lib/thumb\libstdc++.a(eh_alloc.o)
                                 0x26 (size before relaxing)
 .rodata._GLOBAL__sub_I__ZN9__gnu_cxx9__freeresEv.str1.4
                0x0801e008        0x0 C:/devkitPro/devkitARM/bin/../lib/gcc/arm-none-eabi/16.1.0/../../../../arm-none-eabi/lib/thumb\libstdc++.a(eh_alloc.o)
                                 0x3c (size before relaxing)
 .rodata._ZTSN9__gnu_cxx24__concurrence_lock_errorE
                0x0801e008       0x27 C:/devkitPro/devkitARM/bin/../lib/gcc/arm-none-eabi/16.1.0/../../../../arm-none-eabi/lib/thumb\libstdc++.a(eh_alloc.o)
                0x0801e008                typeinfo name for __gnu_cxx::__concurrence_lock_error
 *fill*         0x0801e02f        0x1 ff
 .rodata._ZTIN9__gnu_cxx24__concurrence_lock_errorE
                0x0801e030        0xc C:/devkitPro/devkitARM/bin/../lib/gcc/arm-none-eabi/16.1.0/../../../../arm-none-eabi/lib/thumb\libstdc++.a(eh_alloc.o)
                0x0801e030                typeinfo for __gnu_cxx::__concurrence_lock_error