** Drc report for pocket_card_controller.kicad_pcb **
** Created on 2026-07-31T16:10:00 **
** Report includes: Errors, Warnings **

** Found 57 DRC violations **
[clearance]: Freiraum-Verstoß ( Freiraum 0.2000 mm; tatsächlich 0.0750 mm)
    Local override; error
    @(22.3250 mm, 58.9500 mm): Pad 1 [<no net>] von SW_UP auf F.Cu
    @(23.0150 mm, 57.3500 mm): Pad 27 [<no net>] von U1 auf F.Cu
[clearance]: Freiraum-Verstoß ( Freiraum 0.2000 mm; tatsächlich 0.0000 mm)
    Local override; error
    @(25.5550 mm, 66.6500 mm): Pad 4 [<no net>] von U1 auf F.Cu
    @(26.0750 mm, 67.9500 mm): Pad 1 [<no net>] von SW_RIGHT auf F.Cu
[clearance]: Freiraum-Verstoß ( Freiraum 0.2000 mm; tatsächlich 0.0750 mm)
    Local override; error
    @(22.3250 mm, 58.9500 mm): Pad 1 [<no net>] von SW_UP auf F.Cu
    @(21.7450 mm, 57.3500 mm): Pad 28 [<no net>] von U1 auf F.Cu
[clearance]: Freiraum-Verstoß ( Freiraum 0.2000 mm; tatsächlich 0.0000 mm)
    Local override; error
    @(26.8250 mm, 66.6500 mm): Pad 5 [<no net>] von U1 auf F.Cu
    @(26.0750 mm, 67.9500 mm): Pad 1 [<no net>] von SW_RIGHT auf F.Cu
[clearance]: Freiraum-Verstoß ( Freiraum 0.2000 mm; tatsächlich 0.0000 mm)
    Local override; error
    @(30.6350 mm, 66.6500 mm): Pad 8 [<no net>] von U1 auf F.Cu
    @(31.3250 mm, 67.9500 mm): Pad 1 [<no net>] von SW_RIGHT auf F.Cu
[clearance]: Freiraum-Verstoß ( Freiraum 0.2000 mm; tatsächlich 0.0000 mm)
    Local override; error
    @(31.9050 mm, 66.6500 mm): Pad 9 [<no net>] von U1 auf F.Cu
    @(31.3250 mm, 67.9500 mm): Pad 1 [<no net>] von SW_RIGHT auf F.Cu
[clearance]: Freiraum-Verstoß ( Freiraum 0.2000 mm; tatsächlich 0.0000 mm)
    Local override; error
    @(30.6350 mm, 57.3500 mm): Pad 21 [<no net>] von U1 auf F.Cu
    @(30.6250 mm, 56.3500 mm): Pad 1 [<no net>] von J_SPK auf F.Cu
[clearance]: Freiraum-Verstoß ( Freiraum 0.2000 mm; tatsächlich 0.0000 mm)
    Local override; error
    @(29.3650 mm, 57.3500 mm): Pad 22 [<no net>] von U1 auf F.Cu
    @(29.3750 mm, 56.3500 mm): Pad 2 [<no net>] von J_SPK auf F.Cu
[courtyards_overlap]: Courtyards overlap
    Rule: Einschränkungen aus Platinenkonfiguration zur Abstandsfläche; error
    @(28.7000 mm, 68.8000 mm): Footprint SW_RIGHT
    @(30.0000 mm, 62.0000 mm): Footprint U1
[courtyards_overlap]: Courtyards overlap
    Rule: Einschränkungen aus Platinenkonfiguration zur Abstandsfläche; error
    @(66.0000 mm, 88.5000 mm): Footprint SW_MUTE
    @(72.5000 mm, 88.0000 mm): Footprint H2
[courtyards_overlap]: Courtyards overlap
    Rule: Einschränkungen aus Platinenkonfiguration zur Abstandsfläche; error
    @(14.0000 mm, 54.5000 mm): Footprint J_I2C
    @(19.7000 mm, 59.8000 mm): Footprint SW_UP
[courtyards_overlap]: Courtyards overlap
    Rule: Einschränkungen aus Platinenkonfiguration zur Abstandsfläche; error
    @(67.0000 mm, 58.5000 mm): Footprint TP_GND
    @(65.0000 mm, 56.0000 mm): Footprint H1
[courtyards_overlap]: Courtyards overlap
    Rule: Einschränkungen aus Platinenkonfiguration zur Abstandsfläche; error
    @(77.1000 mm, 61.1000 mm): Footprint SW_ACTION
    @(76.0000 mm, 58.5000 mm): Footprint TP_INT
[courtyards_overlap]: Courtyards overlap
    Rule: Einschränkungen aus Platinenkonfiguration zur Abstandsfläche; error
    @(77.1000 mm, 61.1000 mm): Footprint SW_ACTION
    @(73.0000 mm, 58.5000 mm): Footprint TP_SCL
[courtyards_overlap]: Courtyards overlap
    Rule: Einschränkungen aus Platinenkonfiguration zur Abstandsfläche; error
    @(19.7000 mm, 59.8000 mm): Footprint SW_UP
    @(30.0000 mm, 62.0000 mm): Footprint U1
[courtyards_overlap]: Courtyards overlap
    Rule: Einschränkungen aus Platinenkonfiguration zur Abstandsfläche; error
    @(30.0000 mm, 62.0000 mm): Footprint U1
    @(30.0000 mm, 54.5000 mm): Footprint J_SPK
[courtyards_overlap]: Courtyards overlap
    Rule: Einschränkungen aus Platinenkonfiguration zur Abstandsfläche; error
    @(64.0000 mm, 58.5000 mm): Footprint TP_3V3
    @(65.0000 mm, 56.0000 mm): Footprint H1
[copper_edge_clearance]: Platinenkanten-Freiraum-Verstoß (Einschränkungen aus Platinenkonfiguration zum Rand Freiraum 0.5000 mm; tatsächlich 0.0000 mm)
    Rule: Einschränkungen aus Platinenkonfiguration zum Rand; error
    @(83.0000 mm, 90.0000 mm): Abschnitt auf Edge.Cuts
    @(62.3500 mm, 89.9300 mm): Pad [<no net>] auf SW_MUTE von F.Cu
[copper_edge_clearance]: Platinenkanten-Freiraum-Verstoß (Einschränkungen aus Platinenkonfiguration zum Rand Freiraum 0.5000 mm; tatsächlich 0.0000 mm)
    Rule: Einschränkungen aus Platinenkonfiguration zum Rand; error
    @(83.0000 mm, 90.0000 mm): Abschnitt auf Edge.Cuts
    @(69.6500 mm, 89.9300 mm): Pad [<no net>] auf SW_MUTE von F.Cu
[copper_edge_clearance]: Platinenkanten-Freiraum-Verstoß (Einschränkungen aus Platinenkonfiguration zum Rand Freiraum 0.5000 mm; tatsächlich 0.0000 mm)
    Rule: Einschränkungen aus Platinenkonfiguration zum Rand; error
    @(8.0000 mm, 53.0000 mm): Abschnitt auf Edge.Cuts
    @(17.7250 mm, 53.1500 mm): Pad MP [<no net>] von J_I2C auf F.Cu
[copper_edge_clearance]: Platinenkanten-Freiraum-Verstoß (Einschränkungen aus Platinenkonfiguration zum Rand Freiraum 0.5000 mm; tatsächlich 0.0000 mm)
    Rule: Einschränkungen aus Platinenkonfiguration zum Rand; error
    @(8.0000 mm, 53.0000 mm): Abschnitt auf Edge.Cuts
    @(10.2750 mm, 53.1500 mm): Pad MP [<no net>] von J_I2C auf F.Cu
[copper_edge_clearance]: Platinenkanten-Freiraum-Verstoß (Einschränkungen aus Platinenkonfiguration zum Rand Freiraum 0.5000 mm; tatsächlich 0.0000 mm)
    Rule: Einschränkungen aus Platinenkonfiguration zum Rand; error
    @(8.0000 mm, 53.0000 mm): Abschnitt auf Edge.Cuts
    @(46.4750 mm, 53.1500 mm): Pad MP [<no net>] von J_BAT auf F.Cu
[copper_edge_clearance]: Platinenkanten-Freiraum-Verstoß (Einschränkungen aus Platinenkonfiguration zum Rand Freiraum 0.5000 mm; tatsächlich 0.0000 mm)
    Rule: Einschränkungen aus Platinenkonfiguration zum Rand; error
    @(8.0000 mm, 53.0000 mm): Abschnitt auf Edge.Cuts
    @(41.5250 mm, 53.1500 mm): Pad MP [<no net>] von J_BAT auf F.Cu
[copper_edge_clearance]: Platinenkanten-Freiraum-Verstoß (Einschränkungen aus Platinenkonfiguration zum Rand Freiraum 0.5000 mm; tatsächlich 0.0000 mm)
    Rule: Einschränkungen aus Platinenkonfiguration zum Rand; error
    @(8.0000 mm, 53.0000 mm): Abschnitt auf Edge.Cuts
    @(32.4750 mm, 53.1500 mm): Pad MP [<no net>] von J_SPK auf F.Cu
[copper_edge_clearance]: Platinenkanten-Freiraum-Verstoß (Einschränkungen aus Platinenkonfiguration zum Rand Freiraum 0.5000 mm; tatsächlich 0.0000 mm)
    Rule: Einschränkungen aus Platinenkonfiguration zum Rand; error
    @(8.0000 mm, 53.0000 mm): Abschnitt auf Edge.Cuts
    @(27.5250 mm, 53.1500 mm): Pad MP [<no net>] von J_SPK auf F.Cu
[copper_edge_clearance]: Platinenkanten-Freiraum-Verstoß (Einschränkungen aus Platinenkonfiguration zum Rand Freiraum 0.5000 mm; tatsächlich 0.0000 mm)
    Rule: Einschränkungen aus Platinenkonfiguration zum Rand; error
    @(83.0000 mm, 90.0000 mm): Abschnitt auf Edge.Cuts
    @(16.3500 mm, 89.9300 mm): Pad [<no net>] auf SW_PWR von F.Cu
[copper_edge_clearance]: Platinenkanten-Freiraum-Verstoß (Einschränkungen aus Platinenkonfiguration zum Rand Freiraum 0.5000 mm; tatsächlich 0.0000 mm)
    Rule: Einschränkungen aus Platinenkonfiguration zum Rand; error
    @(83.0000 mm, 90.0000 mm): Abschnitt auf Edge.Cuts
    @(23.6500 mm, 89.9300 mm): Pad [<no net>] auf SW_PWR von F.Cu
[copper_edge_clearance]: Platinenkanten-Freiraum-Verstoß (Einschränkungen aus Platinenkonfiguration zum Rand Freiraum 0.5000 mm; tatsächlich 0.0000 mm)
    Rule: Einschränkungen aus Platinenkonfiguration zum Rand; error
    @(8.0000 mm, 90.0000 mm): Abschnitt auf Edge.Cuts
    @(8.0750 mm, 67.9500 mm): Pad 1 [<no net>] von SW_LEFT auf F.Cu
[copper_edge_clearance]: Platinenkanten-Freiraum-Verstoß (Einschränkungen aus Platinenkonfiguration zum Rand Freiraum 0.5000 mm; tatsächlich 0.0000 mm)
    Rule: Einschränkungen aus Platinenkonfiguration zum Rand; error
    @(8.0000 mm, 90.0000 mm): Abschnitt auf Edge.Cuts
    @(8.0750 mm, 69.6500 mm): Pad 2 [<no net>] von SW_LEFT auf F.Cu
[solder_mask_bridge]: Vorderseitige Lötstoppöffnung über Elementen mit verschiedenen Netzen
    Rule: Mindestbreite der Lötstoppmaske aus Platinenkonfiguration; error
    @(26.0750 mm, 67.9500 mm): Pad 1 [<no net>] von SW_RIGHT auf F.Cu
    @(25.5550 mm, 66.6500 mm): Pad 4 [<no net>] von U1 auf F.Cu
[solder_mask_bridge]: Vorderseitige Lötstoppöffnung über Elementen mit verschiedenen Netzen
    Rule: Mindestbreite der Lötstoppmaske aus Platinenkonfiguration; error
    @(29.3750 mm, 56.3500 mm): Pad 2 [<no net>] von J_SPK auf F.Cu
    @(29.3650 mm, 57.3500 mm): Pad 22 [<no net>] von U1 auf F.Cu
[solder_mask_bridge]: Vorderseitige Lötstoppöffnung über Elementen mit verschiedenen Netzen
    Rule: Mindestbreite der Lötstoppmaske aus Platinenkonfiguration; error
    @(30.6350 mm, 57.3500 mm): Pad 21 [<no net>] von U1 auf F.Cu
    @(30.6250 mm, 56.3500 mm): Pad 1 [<no net>] von J_SPK auf F.Cu
[solder_mask_bridge]: Vorderseitige Lötstoppöffnung über Elementen mit verschiedenen Netzen
    Rule: Mindestbreite der Lötstoppmaske aus Platinenkonfiguration; error
    @(26.8250 mm, 66.6500 mm): Pad 5 [<no net>] von U1 auf F.Cu
    @(26.0750 mm, 67.9500 mm): Pad 1 [<no net>] von SW_RIGHT auf F.Cu
[solder_mask_bridge]: Vorderseitige Lötstoppöffnung über Elementen mit verschiedenen Netzen
    Rule: Mindestbreite der Lötstoppmaske aus Platinenkonfiguration; error
    @(31.3250 mm, 67.9500 mm): Pad 1 [<no net>] von SW_RIGHT auf F.Cu
    @(30.6350 mm, 66.6500 mm): Pad 8 [<no net>] von U1 auf F.Cu
[solder_mask_bridge]: Vorderseitige Lötstoppöffnung über Elementen mit verschiedenen Netzen
    Rule: Mindestbreite der Lötstoppmaske aus Platinenkonfiguration; error
    @(31.9050 mm, 66.6500 mm): Pad 9 [<no net>] von U1 auf F.Cu
    @(31.3250 mm, 67.9500 mm): Pad 1 [<no net>] von SW_RIGHT auf F.Cu
[silk_edge_clearance]: Silkscreen clipped by board edge
    Rule: Einschränkungen aus Platinenkonfiguration zum Bestückungsdruck; warning
    @(71.2877 mm, 83.9655 mm): Abschnitt auf Edge.Cuts
    @(72.5000 mm, 84.8500 mm): Referenzfeld von H2
[silk_edge_clearance]: Silkscreen clipped by board edge
    Rule: Einschränkungen aus Platinenkonfiguration zum Bestückungsdruck; warning
    @(8.0000 mm, 53.0000 mm): Abschnitt auf Edge.Cuts
    @(65.0000 mm, 52.8500 mm): Referenzfeld von H1
[silk_edge_clearance]: Silkscreen clipped by board edge
    Rule: Einschränkungen aus Platinenkonfiguration zum Bestückungsdruck; warning
    @(8.0000 mm, 90.0000 mm): Abschnitt auf Edge.Cuts
    @(10.7000 mm, 64.3000 mm): Referenzfeld von SW_LEFT
[silk_overlap]: Silkscreen clearance
    Rule: Einschränkungen aus Platinenkonfiguration zum Bestückungsdruck; warning
    @(64.0000 mm, 56.8520 mm): Referenzfeld von TP_3V3
    @(67.0000 mm, 56.8520 mm): Referenzfeld von TP_GND
[silk_overlap]: Silkscreen clearance
    Rule: Einschränkungen aus Platinenkonfiguration zum Bestückungsdruck; warning
    @(67.0000 mm, 56.8520 mm): Referenzfeld von TP_GND
    @(70.0000 mm, 56.8520 mm): Referenzfeld von TP_SDA
[silk_overlap]: Silkscreen clearance
    Rule: Einschränkungen aus Platinenkonfiguration zum Bestückungsdruck; warning
    @(18.2350 mm, 54.7600 mm): Abschnitt von J_I2C auf F.Silkscreen
    @(19.7000 mm, 55.3000 mm): Referenzfeld von SW_UP
[silk_overlap]: Silkscreen clearance
    Rule: Einschränkungen aus Platinenkonfiguration zum Bestückungsdruck; warning
    @(22.0500 mm, 61.6500 mm): Abschnitt von SW_UP auf F.Silkscreen
    @(20.1000 mm, 62.0000 mm): Referenzfeld von U1
[silk_overlap]: Silkscreen clearance
    Rule: Einschränkungen aus Platinenkonfiguration zum Bestückungsdruck; warning
    @(22.0500 mm, 61.6500 mm): Abschnitt von SW_UP auf F.Silkscreen
    @(20.9400 mm, 65.8600 mm): Abschnitt von U1 auf F.Silkscreen
[silk_overlap]: Silkscreen clearance
    Rule: Einschränkungen aus Platinenkonfiguration zum Bestückungsdruck; warning
    @(76.0000 mm, 56.8520 mm): Referenzfeld von TP_INT
    @(77.1000 mm, 56.6000 mm): Referenzfeld von SW_ACTION
[silk_overlap]: Silkscreen clearance
    Rule: Einschränkungen aus Platinenkonfiguration zum Bestückungsdruck; warning
    @(76.0000 mm, 56.8520 mm): Referenzfeld von TP_INT
    @(73.0000 mm, 56.8520 mm): Referenzfeld von TP_SCL
[silk_overlap]: Silkscreen clearance
    Rule: Einschränkungen aus Platinenkonfiguration zum Bestückungsdruck; warning
    @(73.0000 mm, 56.8520 mm): Referenzfeld von TP_SCL
    @(77.1000 mm, 56.6000 mm): Referenzfeld von SW_ACTION
[silk_overlap]: Silkscreen clearance
    Rule: Einschränkungen aus Platinenkonfiguration zum Bestückungsdruck; warning
    @(70.0000 mm, 56.8520 mm): Referenzfeld von TP_SDA
    @(73.0000 mm, 56.8520 mm): Referenzfeld von TP_SCL
[silk_overlap]: Silkscreen clearance
    Rule: Einschränkungen aus Platinenkonfiguration zum Bestückungsdruck; warning
    @(76.0000 mm, 58.5000 mm): Kreis von TP_INT auf F.Silkscreen
    @(75.6750 mm, 59.2500 mm): Abschnitt von SW_ACTION auf F.Silkscreen
[silk_over_copper]: Silkscreen clipped by solder mask
    Local override; warning
    @(30.0000 mm, 58.4000 mm): Referenzfeld von J_SPK
    @(31.9050 mm, 57.3500 mm): Pad 20 [<no net>] von U1 auf F.Cu
[silk_over_copper]: Silkscreen clipped by solder mask
    Local override; warning
    @(30.0000 mm, 58.4000 mm): Referenzfeld von J_SPK
    @(30.6350 mm, 57.3500 mm): Pad 21 [<no net>] von U1 auf F.Cu
[silk_over_copper]: Silkscreen clipped by solder mask
    Local override; warning
    @(31.0500 mm, 66.9500 mm): Abschnitt von SW_RIGHT auf F.Silkscreen
    @(30.6350 mm, 66.6500 mm): Pad 8 [<no net>] von U1 auf F.Cu
[silk_over_copper]: Silkscreen clipped by solder mask
    Local override; warning
    @(30.0000 mm, 58.4000 mm): Referenzfeld von J_SPK
    @(28.0950 mm, 57.3500 mm): Pad 23 [<no net>] von U1 auf F.Cu
[silk_over_copper]: Silkscreen clipped by solder mask
    Local override; warning
    @(30.0000 mm, 58.4000 mm): Referenzfeld von J_SPK
    @(29.3650 mm, 57.3500 mm): Pad 22 [<no net>] von U1 auf F.Cu
[silk_over_copper]: Silkscreen clipped by solder mask
    Local override; warning
    @(67.0000 mm, 56.8520 mm): Referenzfeld von TP_GND
    @(65.0000 mm, 56.0000 mm): NPTH-Pad von H1
[silk_over_copper]: Silkscreen clipped by solder mask
    Local override; warning
    @(64.0000 mm, 56.8520 mm): Referenzfeld von TP_3V3
    @(65.0000 mm, 56.0000 mm): NPTH-Pad von H1
[silk_over_copper]: Silkscreen clipped by solder mask
    Local override; warning
    @(27.2750 mm, 66.9500 mm): Abschnitt von SW_RIGHT auf F.Silkscreen
    @(26.8250 mm, 66.6500 mm): Pad 5 [<no net>] von U1 auf F.Cu
[silk_over_copper]: Silkscreen clipped by solder mask
    Local override; warning
    @(22.0500 mm, 57.9500 mm): Abschnitt von SW_UP auf F.Silkscreen
    @(21.7450 mm, 57.3500 mm): Pad 28 [<no net>] von U1 auf F.Cu

** Found 0 unconnected pads **

** Found 0 Footprint errors **

** Ignored checks **
    - Footprint has no courtyard defined
    - Track endpoint not centered on via
    - Tuning profile track geometries
    - Footprint doesn't match symbol's footprint filters
    - Footprint component type doesn't match footprint pads

** End of Report **
