Archive member included to satisfy reference by file (symbol)

C:/devkitPro/libgba/lib\libmm.a(mm_effect.o)
                              main.o (mmEffect)
C:/devkitPro/libgba/lib\libmm.a(mm_mas_arm.o)
                              C:/devkitPro/libgba/lib\libmm.a(mm_effect.o) (mmAllocChannel)
C:/devkitPro/libgba/lib\libmm.a(mm_mixer_gba.o)
                              main.o (mmVBlank)
C:/devkitPro/libgba/lib\libmm.a(mm_init_default.o)
                              main.o (mmInitDefault)
C:/devkitPro/libgba/lib\libmm.a(mm_main_gba.o)
                              C:/devkitPro/libgba/lib\libmm.a(mm_mixer_gba.o) (mm_vblank_function)
C:/devkitPro/libgba/lib\libmm.a(mm_mas.o)
                              C:/devkitPro/libgba/lib\libmm.a(mm_main_gba.o) (mmLayerMain)
C:/devkitPro/libgba/lib\libmm.a(mm_main.o)
                              C:/devkitPro/libgba/lib\libmm.a(mm_mas.o) (mmCallback)
C:/devkitPro/libtonc/lib\libtonc.a(tonc_bios.o)
                              main.o (CpuFastSet)
C:/devkitPro/libgba/lib\libgba.a(input.o)
                              main.o (scanKeys)
C:/devkitPro/libgba/lib\libgba.a(interrupt.o)
                              main.o (irqInit)
C:/devkitPro/libgba/lib\libgba.a(InterruptDispatcher.o)
                              C:/devkitPro/libgba/lib\libgba.a(interrupt.o) (IntrMain)
C:/devkitPro/devkitARM/bin/../lib/gcc/arm-none-eabi/16.1.0/../../../../arm-none-eabi/lib/thumb\libstdc++.a(del_ops.o)
                              generated_rules.o (operator delete(void*, unsigned int))
C:/devkitPro/devkitARM/bin/../lib/gcc/arm-none-eabi/16.1.0/../../../../arm-none-eabi/lib/thumb\libstdc++.a(new_op.o)
                              generated_rules.o (operator new(unsigned int))
C:/devkitPro/devkitARM/bin/../lib/gcc/arm-none-eabi/16.1.0/../../../../arm-none-eabi/lib/thumb\libstdc++.a(functexcept.o)
                              generated_rules.o (std::__throw_length_error(char const*))
C:/devkitPro/devkitARM/bin/../lib/gcc/arm-none-eabi/16.1.0/../../../../arm-none-eabi/lib/thumb\libstdc++.a(bad_alloc.o)
                              C:/devkitPro/devkitARM/bin/../lib/gcc/arm-none-eabi/16.1.0/../../../../arm-none-eabi/lib/thumb\libstdc++.a(new_op.o) (vtable for std::bad_alloc)
C:/devkitPro/devkitARM/bin/../lib/gcc/arm-none-eabi/16.1.0/../../../../arm-none-eabi/lib/thumb\libstdc++.a(bad_array_new.o)
                              C:/devkitPro/devkitARM/bin/../lib/gcc/arm-none-eabi/16.1.0/../../../../arm-none-eabi/lib/thumb\libstdc++.a(functexcept.o) (vtable for std::bad_array_new_length)
C:/devkitPro/devkitARM/bin/../lib/gcc/arm-none-eabi/16.1.0/../../../../arm-none-eabi/lib/thumb\libstdc++.a(bad_cast.o)
                              C:/devkitPro/devkitARM/bin/../lib/gcc/arm-none-eabi/16.1.0/../../../../arm-none-eabi/lib/thumb\libstdc++.a(functexcept.o) (vtable for std::bad_cast)
C:/devkitPro/devkitARM/bin/../lib/gcc/arm-none-eabi/16.1.0/../../../../arm-none-eabi/lib/thumb\libstdc++.a(bad_typeid.o)
                              C:/devkitPro/devkitARM/bin/../lib/gcc/arm-none-eabi/16.1.0/../../../../arm-none-eabi/lib/thumb\libstdc++.a(functexcept.o) (vtable for std::bad_typeid)
C:/devkitPro/devkitARM/bin/../lib/gcc/arm-none-eabi/16.1.0/../../../../arm-none-eabi/lib/thumb\libstdc++.a(del_op.o)
                              C:/devkitPro/devkitARM/bin/../lib/gcc/arm-none-eabi/16.1.0/../../../../arm-none-eabi/lib/thumb\libstdc++.a(del_ops.o) (operator delete(void*))
C:/devkitPro/devkitARM/bin/../lib/gcc/arm-none-eabi/16.1.0/../../../../arm-none-eabi/lib/thumb\libstdc++.a(eh_alloc.o)
                              C:/devkitPro/devkitARM/bin/../lib/gcc/arm-none-eabi/16.1.0/../../../../arm-none-eabi/lib/thumb\libstdc++.a(new_op.o) (__cxa_allocate_exception)
C:/devkitPro/devkitARM/bin/../lib/gcc/arm-none-eabi/16.1.0/../../../../arm-none-eabi/lib/thumb\libstdc++.a(eh_arm.o)
                              C:/devkitPro/devkitARM/bin/../lib/gcc/arm-none-eabi/16.1.0/../../../../arm-none-eabi/lib/thumb\libstdc++.a(functexcept.o) (__cxa_end_cleanup)
C:/devkitPro/devkitARM/bin/../lib/gcc/arm-none-eabi/16.1.0/../../../../arm-none-eabi/lib/thumb\libstdc++.a(eh_exception.o)
                              C:/devkitPro/devkitARM/bin/../lib/gcc/arm-none-eabi/16.1.0/../../../../arm-none-eabi/lib/thumb\libstdc++.a(bad_alloc.o) (std::exception::~exception())
C:/devkitPro/devkitARM/bin/../lib/gcc/arm-none-eabi/16.1.0/../../../../arm-none-eabi/lib/thumb\libstdc++.a(eh_globals.o)
                              C:/devkitPro/devkitARM/bin/../lib/gcc/arm-none-eabi/16.1.0/../../../../arm-none-eabi/lib/thumb\libstdc++.a(eh_arm.o) (__cxa_get_globals)
C:/devkitPro/devkitARM/bin/../lib/gcc/arm-none-eabi/16.1.0/../../../../arm-none-eabi/lib/thumb\libstdc++.a(eh_personality.o)
                              C:/devkitPro/devkitARM/bin/../lib/gcc/arm-none-eabi/16.1.0/../../../../arm-none-eabi/lib/thumb\libstdc++.a(functexcept.o) (__gxx_personality_v0)
[...]
Memory Configuration

Name             Origin             Length             Attributes
rom              0x08000000         0x02000000
iwram            0x03000000         0x00008000
ewram            0x02000000         0x00040000
*default*        0x00000000         0xffffffff

Linker script and memory map

                0x0800d5dc                        __sync_synchronize = __sync_synchronize_none
                0x08000000                        __text_start = ORIGIN (rom)
                0x02040000                        __eheap_end = (ORIGIN (ewram) + LENGTH (ewram))
                0x03000000                        __iwram_start = ORIGIN (iwram)
                0x03008000                        __iwram_top = (ORIGIN (iwram) + LENGTH (iwram))
                0x03007fa0                        __sp_irq = (__iwram_top - 0x60)
                0x03007f00                        __sp_usr = (__sp_irq - 0xa0)
                0x03007ff8                        __irq_flags = 0x3007ff8
                0x08000000                        . = __text_start

.crt0           0x08000000      0x210
 *(.crt0)
 .crt0          0x08000000      0x210 C:/devkitPro/devkitARM/bin/../lib/gcc/arm-none-eabi/16.1.0/../../../../arm-none-eabi/lib/thumb/gba_crt0.o
                0x08000000                _start
                0x080000c4                __boot_method
                0x080000c5                __slave_number
                0x080000e0                start_vector
                0x08000210                        . = ALIGN (0x4)

.init           0x08000210        0xc
 *(SORT_NONE(.init))
 .init          0x08000210        0x4 C:/devkitPro/devkitARM/bin/../lib/gcc/arm-none-eabi/16.1.0/thumb/crti.o
                0x08000210                _init
 .init          0x08000214        0x8 C:/devkitPro/devkitARM/bin/../lib/gcc/arm-none-eabi/16.1.0/thumb/crtn.o

.plt            0x0800021c        0x0
 *(.plt)
                0x0800021c                        . = ALIGN (0x4)

.text           0x08000220    0x15a90
 *(EXCLUDE_FILE(*.iwram*) .text*)
 .text.__do_global_dtors_aux
                0x08000220       0x2c C:/devkitPro/devkitARM/bin/../lib/gcc/arm-none-eabi/16.1.0/thumb/crtbegin.o
 .text.frame_dummy
                0x0800024c       0x24 C:/devkitPro/devkitARM/bin/../lib/gcc/arm-none-eabi/16.1.0/thumb/crtbegin.o
 .text._ZN12_GLOBAL__N_1L8drawCharEiich
                0x08000270      0x114 main.o
 .text._ZN12_GLOBAL__N_1L16drawCenteredLineEiPKch
                0x08000384       0x54 main.o
 .text._ZN12_GLOBAL__N_1L9playNamedEPKc
                0x080003d8       0x44 main.o
 .text._ZN12_GLOBAL__N_1L10playEventsERK14ps_step_result
                0x0800041c       0xbc main.o
 .text._ZN12_GLOBAL__N_1L14intervalFramesEPKct
                0x080004d8       0xa8 main.o
 .text._ZN12_GLOBAL__N_1L6renderEP14ps_gba_session
                0x08000580      0x704 main.o
 .text.startup.main
                0x08000c84      0x6c8 main.o
                0x08000c84                main
 .text._ZN12_GLOBAL__N_1L9cellWordsEPK14ps_gba_sessionll
                0x0800134c       0x3c core.o
 .text._ZN12_GLOBAL__N_1L7seedRngEP16ps_gba_rng_statePKc
                0x08001388       0x90 core.o
 .text._ZN12_GLOBAL__N_1L8pushUndoEP14ps_gba_session
                0x08001418       0x78 core.o
 .text._ZN12_GLOBAL__N_1L15copyKernelAudioEP14ps_gba_sessionRK20ps_gba_kernel_result.constprop.0
                0x08001490       0xa8 core.o
 .text._ZN12_GLOBAL__N_1L20runRulesOnLevelStartEP14ps_gba_session
                0x08001538      0x118 core.o
 .text._ZN12_GLOBAL__N_1L17loadLevelInternalEP14ps_gba_sessiontPKcb
                0x08001650       0xc8 core.o
 .text.ps_gba_session_required_bytes
                0x08001718       0x44 core.o
                0x08001718                ps_gba_session_required_bytes
 .text.ps_gba_session_init
                0x0800175c      0x114 core.o
                0x0800175c                ps_gba_session_init
 .text.ps_gba_load_level
                0x08001870       0x14 core.o
                0x08001870                ps_gba_load_level
 .text.ps_gba_step
                0x08001884      0x560 core.o
                0x08001884                ps_gba_step
 .text.ps_gba_undo
                0x08001de4       0x9c core.o
                0x08001de4                ps_gba_undo
 .text.ps_gba_restart
                0x08001e80       0x6c core.o
                0x08001e80                ps_gba_restart
 .text.ps_gba_status_get
                0x08001eec       0x64 core.o
                0x08001eec                ps_gba_status_get
 .text.ps_gba_first_player_position
                0x08001f50       0xbc core.o
                0x08001f50                ps_gba_first_player_position
 .text.ps_gba_board_words
                0x0800200c       0x14 core.o
                0x0800200c                ps_gba_board_words
 .text.ps_gba_game
                0x08002020        0x8 core.o
                0x08002020                ps_gba_game
 .text._ZN12puzzlescript22runtimeCountersEnabledEv
                0x08002028        0x4 rule_runtime_stubs.o
                0x08002028                puzzlescript::runtimeCountersEnabled()
 .text._ZN12puzzlescript19runtimeCounterNowNsEv
                0x0800202c        0x8 rule_runtime_stubs.o
                0x0800202c                puzzlescript::runtimeCounterNowNs()
 .text._ZN12puzzlescript17addRuntimeCounterENS_16RuntimeCounterIdEy
                0x08002034        0x4 rule_runtime_stubs.o
                0x08002034                puzzlescript::addRuntimeCounter(puzzlescript::RuntimeCounterId, unsigned long long)
 .text._ZN12puzzlescript26inputSpecializationEnabledEv
                0x08002038        0x4 rule_runtime_stubs.o
                0x08002038                puzzlescript::inputSpecializationEnabled()
 .text._ZN12puzzlescript39inputSpecializationMaskForDirectionMaskEl
                0x0800203c       0x14 rule_runtime_stubs.o
                0x0800203c                puzzlescript::inputSpecializationMaskForDirectionMask(long)
 .text._ZN12_GLOBAL__N_1L38compact_turn_line_has_required_masks_0EN12puzzlescript15LevelDimensionsERKNS0_20PersistentLevelStateERKNS0_7ScratchEblPKlS9_S9_S9_PKS9_jSB_j.constprop.0
                0x08002050       0x2c generated_rules.o
 .text._ZN12_GLOBAL__N_1L38compact_turn_line_has_required_masks_0EN12puzzlescript15LevelDimensionsERKNS0_20PersistentLevelStateERKNS0_7ScratchEblPKlS9_S9_S9_PKS9_jSB_j.constprop.1
                0x0800207c       0x2c generated_rules.o
 .text._ZN12_GLOBAL__N_1L39compact_turn_note_object_cell_written_0EN12puzzlescript15LevelDimensionsERNS0_7ScratchElPKlS5_.constprop.0
                0x080020a8      0x4ac generated_rules.o
 .text._ZN12_GLOBAL__N_1L38compact_turn_refresh_any_masks_dirty_0ERN12puzzlescript7ScratchE.constprop.0
                0x08002554      0x208 generated_rules.o
 .text._ZN12_GLOBAL__N_1L41compact_turn_note_movement_cell_written_0EN12puzzlescript15LevelDimensionsERNS0_7ScratchElPKlS5_.constprop.0
                0x0800275c      0x270 generated_rules.o
 .text._ZNSt6vectorIlSaIlEEaSERKS1_.isra.0
                0x080029cc       0xc4 generated_rules.o
 .text._ZN12_GLOBAL__N_1L35compact_turn_clear_movement_masks_0ERN12puzzlescript7ScratchE.constprop.0
                0x08002a90      0x164 generated_rules.o
 .text._ZN12_GLOBAL__N_1L40compact_turn_prepare_object_cell_index_0EN12puzzlescript15LevelDimensionsERKNS0_20PersistentLevelStateERNS0_7ScratchE.constprop.0
                0x08002bf4      0x188 generated_rules.o
 .text._ZNSt8_Rb_treeINSt7__cxx1112basic_stringIcSt11char_traitsIcESaIcEEESt4pairIKS5_St8optionalIN12puzzlescript15PropertyCaptureEEESt10_Select1stISC_ESt4lessIS5_ESaISC_EE8_M_eraseEPSt13_Rb_tree_nodeISC_E.isra.0
                0x08002d7c      0x1c8 generated_rules.o
 .text._ZNSt8_Rb_treeINSt7__cxx1112basic_stringIcSt11char_traitsIcESaIcEEESt4pairIKS5_lESt10_Select1stIS8_ESt4lessIS5_ESaIS8_EE8_M_eraseEPSt13_Rb_tree_nodeIS8_E.isra.0
                0x08002f44      0x1c8 generated_rules.o
 .text._ZSt16__introsort_loopIN9__gnu_cxx17__normal_iteratorIPlSt6vectorIlSaIlEEEEiZN12_GLOBAL__N_1L40compact_turn_sort_unique_start_matches_0EN12puzzlescript15LevelDimensionsEbRS5_EUlllE_EvT_SC_T0_T1_.constprop.0
                0x0800310c      0x610 generated_rules.o
 .text._ZN12_GLOBAL__N_1L40compact_turn_sort_unique_start_matches_0EN12puzzlescript15LevelDimensionsEbRSt6vectorIlSaIlEE.constprop.0
                0x0800371c      0x2d4 generated_rules.o
 .text._ZN12_GLOBAL__N_1L45compact_turn_rebuild_movement_derived_state_0EN12puzzlescript15LevelDimensionsERNS0_7ScratchE.constprop.0
                0x080039f0      0x3d4 generated_rules.o
 .text._ZN12_GLOBAL__N_1L51compact_turn_rebuild_dirty_movement_derived_state_0EN12puzzlescript15LevelDimensionsERNS0_7ScratchE.constprop.0.isra.0
                0x08003dc4      0x194 generated_rules.o
 .text._ZN12_GLOBAL__N_1L43compact_turn_rebuild_object_derived_state_0EN12puzzlescript15LevelDimensionsERKNS0_20PersistentLevelStateERNS0_7ScratchE.constprop.0
                0x08003f58      0x5d0 generated_rules.o
 .text._ZN12_GLOBAL__N_1L17ctr_0_e_0_0_applyEN12puzzlescript15LevelDimensionsERNS0_20PersistentLevelStateERNS0_7ScratchERNS_21CompactTurnCommands_0E.constprop.0
                0x08004528      0x95c generated_rules.o
 .text._ZN12_GLOBAL__N_1L17ctr_0_e_0_3_applyEN12puzzlescript15LevelDimensionsERNS0_20PersistentLevelStateERNS0_7ScratchERNS_21CompactTurnCommands_0E.constprop.0
                0x08004e84      0x950 generated_rules.o
 .text._ZN12_GLOBAL__N_1L17ctr_0_e_0_1_applyEN12puzzlescript15LevelDimensionsERNS0_20PersistentLevelStateERNS0_7ScratchERNS_21CompactTurnCommands_0E.constprop.0
                0x080057d4      0x940 generated_rules.o
 .text._ZN12_GLOBAL__N_1L17ctr_0_e_0_2_applyEN12puzzlescript15LevelDimensionsERNS0_20PersistentLevelStateERNS0_7ScratchERNS_21CompactTurnCommands_0E.constprop.0
                0x08006114      0x984 generated_rules.o
 .text._ZN12_GLOBAL__N_1L30compact_turn_execute_program_0EN12puzzlescript15LevelDimensionsElRNS0_20PersistentLevelStateERNS0_7ScratchE8ps_inputNS0_11TurnOptionsEPbb.constprop.0.isra.0
                0x08006a98     0x18dc generated_rules.o
 .text.ps_gba_generated_turn
                0x08008374      0x788 generated_rules.o
                0x08008374                ps_gba_generated_turn
 .text._ZN12puzzlescript7ScratchD2Ev
                0x08008afc      0x464 generated_rules.o
                0x08008afc                puzzlescript::Scratch::~Scratch()
                0x08008afc                puzzlescript::Scratch::~Scratch()
 .text.startup._GLOBAL__sub_I_ps_gba_generated_turn
                0x08008f60      0x278 generated_rules.o
 .text.exit._GLOBAL__sub_D_ps_gba_generated_turn
                0x080091d8       0x28 generated_rules.o
 .text          0x08009200      0x314 C:/devkitPro/libgba/lib\libmm.a(mm_effect.o)
                0x08009200                mmResetEffects
                0x0800922c                mmEffect
                0x08009242                mmEffectEx
                0x08009342                mmEffectActive
                0x08009376                mmEffectVolume
                0x08009392                mmEffectPanning
                0x080093a6                mmEffectRate
                0x080093ba                mmEffectCancel
                0x080093f4                mmEffectRelease
                0x0800941a                mmEffectScaleRate
                0x0800942e                mmSetEffectsVolume
                0x0800943c                mmEffectCancelAll
                0x0800947c                mmUpdateEffects
 .text          0x08009514      0x1e0 C:/devkitPro/libgba/lib\libmm.a(mm_mixer_gba.o)
                0x08009514                mmMixerSetSource
                0x08009528                mmMixerSetRead
                0x08009536                mmMixerSetFreq
                0x08009546                mmMixerMulFreq
                0x0800955a                mmMixerStopChannel
                0x0800956c                mmMixerChannelActive
                0x0800957e                mmMixerSetVolume
                0x0800958c                mmMixerSetPan
                0x0800959a                mmMixerInit
 .text          0x080096f4       0x44 C:/devkitPro/libgba/lib\libmm.a(mm_init_default.o)
                0x080096f4                mmInitDefault
 .text          0x08009738      0x12c C:/devkitPro/libgba/lib\libmm.a(mm_main_gba.o)
                0x08009738                mmInit
                0x0800978c                mmSetVBlankHandler
                0x08009792                mmFrame
 .text          0x08009864     0x1570 C:/devkitPro/libgba/lib\libmm.a(mm_mas.o)
                0x080098d8                mmStart
                0x080098f8                mmJingle
                0x080098fe                mmPlayModule
                0x080099c8                mmPause
                0x080099e4                mmResume
                0x080099f4                mmActive
                0x080099fa                mmActiveSub
                0x08009a00                mmSetModuleVolume
                0x08009a10                mmSetJingleVolume
                0x08009a4c                mmGetPositionTick
                0x08009a52                mmGetPositionRow
                0x08009a58                mmGetPosition
                0x08009a5e                mmPosition
                0x08009a78                mmSetModuleTempo
                0x08009aaa                mmSetModulePitch
                0x08009aec                mmStop
                0x08009bb2                mppUpdateSub
                0x08009d0e                mpp_Process_VolumeCommand
                0x08009f46                mpp_Process_Effect
                0x0800a694                ST3_FREQTABLE
                0x0800aab4                IT_PitchTable
 .text          0x0800add4       0x14 C:/devkitPro/libgba/lib\libmm.a(mm_main.o)
                0x0800add4                mpp_call_r7
                0x0800add6                mpp_call_r1
                0x0800add8                mpp_call_r2
                0x0800adda                mpp_call_r3
                0x0800addc                mmSetEventHandler
 .text          0x0800ade8       0x8c C:/devkitPro/libtonc/lib\libtonc.a(tonc_bios.o)
                0x0800ade8                SoftReset
                0x0800adec                RegisterRamReset
                0x0800adf0                Halt
                0x0800adf4                Stop
                0x0800adf8                IntrWait
                0x0800adfc                VBlankIntrWait
                0x0800ae00                Div
                0x0800ae04                DivArm
                0x0800ae08                Sqrt
                0x0800ae0c                ArcTan
                0x0800ae10                ArcTan2
                0x0800ae14                CpuSet
                0x0800ae18                CpuFastSet
                0x0800ae1c                BiosCheckSum
                0x0800ae20                BgAffineSet
                0x0800ae24                ObjAffineSet
                0x0800ae28                BitUnPack
                0x0800ae2c                LZ77UnCompWram
                0x0800ae30                LZ77UnCompVram
                0x0800ae34                HuffUnComp
                0x0800ae38                RLUnCompWram
                0x0800ae3c                RLUnCompVram
                0x0800ae40                Diff8bitUnFilterWram
                0x0800ae44                Diff8bitUnFilterVram
                0x0800ae48                Diff16bitUnFilter
                0x0800ae4c                SoundBias
                0x0800ae50                SoundDriverInit
                0x0800ae54                SoundDriverMode
                0x0800ae58                SoundDriverMain
                0x0800ae5c                SoundDriverVSync
                0x0800ae60                SoundChannelClear
                0x0800ae64                MidiKey2Freq
                0x0800ae68                MultiBoot
                0x0800ae6c                SoundDriverVSyncOff
                0x0800ae70                SoundDriverVSyncOn
 .text          0x0800ae74       0xc0 C:/devkitPro/libgba/lib\libgba.a(input.o)
                0x0800ae74                setRepeat
                0x0800ae80                scanKeys
                0x0800aef8                keysDownRepeat
                0x0800af08                keysDown
                0x0800af18                keysUp
                0x0800af28                keysHeld
 .text          0x0800af34      0x3c4 C:/devkitPro/libgba/lib\libgba.a(interrupt.o)
                0x0800af34                dummy
                0x0800af38                InitInterrupt
                0x0800af94                irqInit
                0x0800aff0                SetInterrupt
                0x0800b0d8                irqSet
                0x0800b1c0                EnableInterrupt
                0x0800b20c                irqEnable
                0x0800b260                DisableInterrupt
                0x0800b2ac                irqDisable
 .text._ZdlPvj  0x0800b2f8        0xc C:/devkitPro/devkitARM/bin/../lib/gcc/arm-none-eabi/16.1.0/../../../../arm-none-eabi/lib/thumb\libstdc++.a(del_ops.o)
                0x0800b2f8                operator delete(void*, unsigned int)
 .text._Znwj    0x0800b304       0x48 C:/devkitPro/devkitARM/bin/../lib/gcc/arm-none-eabi/16.1.0/../../../../arm-none-eabi/lib/thumb\libstdc++.a(new_op.o)
                0x0800b304                operator new(unsigned int)
 .text.unlikely._ZSt19__throw_logic_errorPKc
                0x0800b34c       0x30 C:/devkitPro/devkitARM/bin/../lib/gcc/arm-none-eabi/16.1.0/../../../../arm-none-eabi/lib/thumb\libstdc++.a(functexcept.o)
                0x0800b34c                std::__throw_logic_error(char const*)
 .text.unlikely._ZSt20__throw_length_errorPKc
                0x0800b37c       0x30 C:/devkitPro/devkitARM/bin/../lib/gcc/arm-none-eabi/16.1.0/../../../../arm-none-eabi/lib/thumb\libstdc++.a(functexcept.o)
                0x0800b37c                std::__throw_length_error(char const*)
 .text._ZNKSt9bad_alloc4whatEv
                0x0800b3ac        0x8 C:/devkitPro/devkitARM/bin/../lib/gcc/arm-none-eabi/16.1.0/../../../../arm-none-eabi/lib/thumb\libstdc++.a(bad_alloc.o)
                0x0800b3ac                std::bad_alloc::what() const
 .text._ZNSt9bad_allocD2Ev
                0x0800b3b4       0x18 C:/devkitPro/devkitARM/bin/../lib/gcc/arm-none-eabi/16.1.0/../../../../arm-none-eabi/lib/thumb\libstdc++.a(bad_alloc.o)
                0x0800b3b4                std::bad_alloc::~bad_alloc()
                0x0800b3b4                std::bad_alloc::~bad_alloc()
 .text._ZNSt9bad_allocD0Ev
                0x0800b3cc       0x20 C:/devkitPro/devkitARM/bin/../lib/gcc/arm-none-eabi/16.1.0/../../../../arm-none-eabi/lib/thumb\libstdc++.a(bad_alloc.o)
                0x0800b3cc                std::bad_alloc::~bad_alloc()
 .text._ZdlPv   0x0800b3ec        0xc C:/devkitPro/devkitARM/bin/../lib/gcc/arm-none-eabi/16.1.0/../../../../arm-none-eabi/lib/thumb\libstdc++.a(del_op.o)
                0x0800b3ec                operator delete(void*)
 .text._ZNK9__gnu_cxx24__concurrence_lock_error4whatEv
                0x0800b3f8        0x8 C:/devkitPro/devkitARM/bin/../lib/gcc/arm-none-eabi/16.1.0/../../../../arm-none-eabi/lib/thumb\libstdc++.a(eh_alloc.o)
                0x0800b3f8                __gnu_cxx::__concurrence_lock_error::what() const
 .text._ZNK9__gnu_cxx26__concurrence_unlock_error4whatEv
                0x0800b400        0x8 C:/devkitPro/devkitARM/bin/../lib/gcc/arm-none-eabi/16.1.0/../../../../arm-none-eabi/lib/thumb\libstdc++.a(eh_alloc.o)
                0x0800b400                __gnu_cxx::__concurrence_unlock_error::what() const
 .text._ZN9__gnu_cxx24__concurrence_lock_errorD2Ev
                0x0800b408       0x18 C:/devkitPro/devkitARM/bin/../lib/gcc/arm-none-eabi/16.1.0/../../../../arm-none-eabi/lib/thumb\libstdc++.a(eh_alloc.o)
                0x0800b408                __gnu_cxx::__concurrence_lock_error::~__concurrence_lock_error()
                0x0800b408                __gnu_cxx::__concurrence_lock_error::~__concurrence_lock_error()
 .text._ZN9__gnu_cxx24__concurrence_lock_errorD0Ev
                0x0800b420       0x20 C:/devkitPro/devkitARM/bin/../lib/gcc/arm-none-eabi/16.1.0/../../../../arm-none-eabi/lib/thumb\libstdc++.a(eh_alloc.o)
                0x0800b420                __gnu_cxx::__concurrence_lock_error::~__concurrence_lock_error()
 .text._ZN9__gnu_cxx26__concurrence_unlock_errorD2Ev
                0x0800b440       0x18 C:/devkitPro/devkitARM/bin/../lib/gcc/arm-none-eabi/16.1.0/../../../../arm-none-eabi/lib/thumb\libstdc++.a(eh_alloc.o)
                0x0800b440                __gnu_cxx::__concurrence_unlock_error::~__concurrence_unlock_error()
                0x0800b440                __gnu_cxx::__concurrence_unlock_error::~__concurrence_unlock_error()
 .text._ZN9__gnu_cxx26__concurrence_unlock_errorD0Ev
                0x0800b458       0x20 C:/devkitPro/devkitARM/bin/../lib/gcc/arm-none-eabi/16.1.0/../../../../arm-none-eabi/lib/thumb\libstdc++.a(eh_alloc.o)
                0x0800b458                __gnu_cxx::__concurrence_unlock_error::~__concurrence_unlock_error()
 .text.unlikely._ZN9__gnu_cxx30__throw_concurrence_lock_errorEv
                0x0800b478       0x20 C:/devkitPro/devkitARM/bin/../lib/gcc/arm-none-eabi/16.1.0/../../../../arm-none-eabi/lib/thumb\libstdc++.a(eh_alloc.o)
                0x0800b478                __gnu_cxx::__throw_concurrence_lock_error()
 .text.unlikely._ZN9__gnu_cxx32__throw_concurrence_unlock_errorEv
                0x0800b498       0x20 C:/devkitPro/devkitARM/bin/../lib/gcc/arm-none-eabi/16.1.0/../../../../arm-none-eabi/lib/thumb\libstdc++.a(eh_alloc.o)
                0x0800b498                __gnu_cxx::__throw_concurrence_unlock_error()
 .text._ZN12_GLOBAL__N_14pool4freeEPv.constprop.0
                0x0800b4b8       0xa0 C:/devkitPro/devkitARM/bin/../lib/gcc/arm-none-eabi/16.1.0/../../../../arm-none-eabi/lib/thumb\libstdc++.a(eh_alloc.o)
 .text._ZN12_GLOBAL__N_14pool8allocateEj.constprop.0
                0x0800b558       0x74 C:/devkitPro/devkitARM/bin/../lib/gcc/arm-none-eabi/16.1.0/../../../../arm-none-eabi/lib/thumb\libstdc++.a(eh_alloc.o)
 .text.__cxa_allocate_exception
                0x0800b5cc       0x30 C:/devkitPro/devkitARM/bin/../lib/gcc/arm-none-eabi/16.1.0/../../../../arm-none-eabi/lib/thumb\libstdc++.a(eh_alloc.o)
                0x0800b5cc                __cxa_allocate_exception
 .text.__cxa_free_exception
                0x0800b5fc       0x28 C:/devkitPro/devkitARM/bin/../lib/gcc/arm-none-eabi/16.1.0/../../../../arm-none-eabi/lib/thumb\libstdc++.a(eh_alloc.o)
                0x0800b5fc                __cxa_free_exception
 .text.startup._GLOBAL__sub_I__ZN9__gnu_cxx9__freeresEv
                0x0800b624      0x114 C:/devkitPro/devkitARM/bin/../lib/gcc/arm-none-eabi/16.1.0/../../../../arm-none-eabi/lib/thumb\libstdc++.a(eh_alloc.o)
 .text.exit._GLOBAL__sub_D__ZN9__gnu_cxx9__freeresEv
                0x0800b738       0x18 C:/devkitPro/devkitARM/bin/../lib/gcc/arm-none-eabi/16.1.0/../../../../arm-none-eabi/lib/thumb\libstdc++.a(eh_alloc.o)
 .text.__cxa_end_cleanup
                0x0800b750        0xc C:/devkitPro/devkitARM/bin/../lib/gcc/arm-none-eabi/16.1.0/../../../../arm-none-eabi/lib/thumb\libstdc++.a(eh_arm.o)
                0x0800b750                __cxa_end_cleanup
 .text.__cxa_type_match
                0x0800b75c       0xc8 C:/devkitPro/devkitARM/bin/../lib/gcc/arm-none-eabi/16.1.0/../../../../arm-none-eabi/lib/thumb\libstdc++.a(eh_arm.o)
                0x0800b75c                __cxa_type_match
 .text.__cxa_begin_cleanup
                0x0800b824       0x64 C:/devkitPro/devkitARM/bin/../lib/gcc/arm-none-eabi/16.1.0/../../../../arm-none-eabi/lib/thumb\libstdc++.a(eh_arm.o)
                0x0800b824                __cxa_begin_cleanup
 .text.__gnu_end_cleanup
                0x0800b888       0x74 C:/devkitPro/devkitARM/bin/../lib/gcc/arm-none-eabi/16.1.0/../../../../arm-none-eabi/lib/thumb\libstdc++.a(eh_arm.o)
                0x0800b888                __gnu_end_cleanup
 .text._ZNSt9exceptionD2Ev
                0x0800b8fc        0x4 C:/devkitPro/devkitARM/bin/../lib/gcc/arm-none-eabi/16.1.0/../../../../arm-none-eabi/lib/thumb\libstdc++.a(eh_exception.o)
                0x0800b8fc                std::exception::~exception()
                0x0800b8fc                std::exception::~exception()
 .text._ZNSt13bad_exceptionD2Ev
                0x0800b900        0x4 C:/devkitPro/devkitARM/bin/../lib/gcc/arm-none-eabi/16.1.0/../../../../arm-none-eabi/lib/thumb\libstdc++.a(eh_exception.o)
                0x0800b900                std::bad_exception::~bad_exception()
                0x0800b900                std::bad_exception::~bad_exception()
 .text._ZNKSt13bad_exception4whatEv
                0x0800b904        0x8 C:/devkitPro/devkitARM/bin/../lib/gcc/arm-none-eabi/16.1.0/../../../../arm-none-eabi/lib/thumb\libstdc++.a(eh_exception.o)
                0x0800b904                std::bad_exception::what() const
                0x0800b904                transaction clone for std::bad_exception::what() const
 .text._ZNSt13bad_exceptionD0Ev
                0x0800b90c       0x14 C:/devkitPro/devkitARM/bin/../lib/gcc/arm-none-eabi/16.1.0/../../../../arm-none-eabi/lib/thumb\libstdc++.a(eh_exception.o)
                0x0800b90c                std::bad_exception::~bad_exception()
 .text._ZL15eh_globals_dtorPv
                0x0800b920       0x28 C:/devkitPro/devkitARM/bin/../lib/gcc/arm-none-eabi/16.1.0/../../../../arm-none-eabi/lib/thumb\libstdc++.a(eh_globals.o)
 .text.__cxa_get_globals_fast
                0x0800b948       0x28 C:/devkitPro/devkitARM/bin/../lib/gcc/arm-none-eabi/16.1.0/../../../../arm-none-eabi/lib/thumb\libstdc++.a(eh_globals.o)
                0x0800b948                __cxa_get_globals_fast
 .text.__cxa_get_globals
                0x0800b970       0x50 C:/devkitPro/devkitARM/bin/../lib/gcc/arm-none-eabi/16.1.0/../../../../arm-none-eabi/lib/thumb\libstdc++.a(eh_globals.o)
                0x0800b970                __cxa_get_globals
 .text.startup._GLOBAL__sub_I__ZN17__eh_globals_init7_S_initE
                0x0800b9c0       0x24 C:/devkitPro/devkitARM/bin/../lib/gcc/arm-none-eabi/16.1.0/../../../../arm-none-eabi/lib/thumb\libstdc++.a(eh_globals.o)
 .text.exit._GLOBAL__sub_D__ZN17__eh_globals_init7_S_initE
                0x0800b9e4       0x28 C:/devkitPro/devkitARM/bin/../lib/gcc/arm-none-eabi/16.1.0/../../../../arm-none-eabi/lib/thumb\libstdc++.a(eh_globals.o)
 .text._ZL28read_encoded_value_with_basehjPKhPj
                0x0800ba0c       0xec C:/devkitPro/devkitARM/bin/../lib/gcc/arm-none-eabi/16.1.0/../../../../arm-none-eabi/lib/thumb\libstdc++.a(eh_personality.o)
 .text._ZL21base_of_encoded_valuehP15_Unwind_Context
                0x0800baf8       0x40 C:/devkitPro/devkitARM/bin/../lib/gcc/arm-none-eabi/16.1.0/../../../../arm-none-eabi/lib/thumb\libstdc++.a(eh_personality.o)
 .text._ZL17parse_lsda_headerP15_Unwind_ContextPKhP16lsda_header_info
                0x0800bb38       0x90 C:/devkitPro/devkitARM/bin/../lib/gcc/arm-none-eabi/16.1.0/../../../../arm-none-eabi/lib/thumb\libstdc++.a(eh_personality.o)
 .text.__gxx_personality_v0
                0x0800bbc8      0x4bc C:/devkitPro/devkitARM/bin/../lib/gcc/arm-none-eabi/16.1.0/../../../../arm-none-eabi/lib/thumb\libstdc++.a(eh_personality.o)
                0x0800bbc8                __gxx_personality_v0
 .text._ZN10__cxxabiv111__terminateEPFvvE
                0x0800c084       0x14 C:/devkitPro/devkitARM/bin/../lib/gcc/arm-none-eabi/16.1.0/../../../../arm-none-eabi/lib/thumb\libstdc++.a(eh_terminate.o)
                0x0800c084                __cxxabiv1::__terminate(void (*)())
 .text._ZSt13get_terminatev
                0x0800c098       0x34 C:/devkitPro/devkitARM/bin/../lib/gcc/arm-none-eabi/16.1.0/../../../../arm-none-eabi/lib/thumb\libstdc++.a(eh_terminate.o)
                0x0800c098                std::get_terminate()
 .text.unlikely._ZSt9terminatev
                0x0800c0cc        0xa C:/devkitPro/devkitARM/bin/../lib/gcc/arm-none-eabi/16.1.0/../../../../arm-none-eabi/lib/thumb\libstdc++.a(eh_terminate.o)
                0x0800c0cc                std::terminate()
 *fill*         0x0800c0d6        0x2 ff
 .text._ZN10__cxxabiv112__unexpectedEPFvvE
                0x0800c0d8        0xc C:/devkitPro/devkitARM/bin/../lib/gcc/arm-none-eabi/16.1.0/../../../../arm-none-eabi/lib/thumb\libstdc++.a(eh_terminate.o)
                0x0800c0d8                __cxxabiv1::__unexpected(void (*)())
 .text._ZSt14get_unexpectedv
                0x0800c0e4       0x34 C:/devkitPro/devkitARM/bin/../lib/gcc/arm-none-eabi/16.1.0/../../../../arm-none-eabi/lib/thumb\libstdc++.a(eh_terminate.o)
                0x0800c0e4                std::get_unexpected()
 .text.unlikely._ZSt10unexpectedv
                0x0800c118        0xa C:/devkitPro/devkitARM/bin/../lib/gcc/arm-none-eabi/16.1.0/../../../../arm-none-eabi/lib/thumb\libstdc++.a(eh_terminate.o)
                0x0800c118                std::unexpected()
 *fill*         0x0800c122        0x2 ff
 .text.startup._GLOBAL__sub_I__ZN10__cxxabiv111__terminateEPFvvE
                0x0800c124       0x10 C:/devkitPro/devkitARM/bin/../lib/gcc/arm-none-eabi/16.1.0/../../../../arm-none-eabi/lib/thumb\libstdc++.a(eh_terminate.o)
 .text._ZL23__gxx_exception_cleanup19_Unwind_Reason_CodeP21_Unwind_Control_Block
                0x0800c134       0x40 C:/devkitPro/devkitARM/bin/../lib/gcc/arm-none-eabi/16.1.0/../../../../arm-none-eabi/lib/thumb\libstdc++.a(eh_throw.o)
 .text.__cxa_throw
                0x0800c174       0x74 C:/devkitPro/devkitARM/bin/../lib/gcc/arm-none-eabi/16.1.0/../../../../arm-none-eabi/lib/thumb\libstdc++.a(eh_throw.o)
                0x0800c174                __cxa_throw
 .text.__cxa_rethrow
                0x0800c1e8       0x70 C:/devkitPro/devkitARM/bin/../lib/gcc/arm-none-eabi/16.1.0/../../../../arm-none-eabi/lib/thumb\libstdc++.a(eh_throw.o)
                0x0800c1e8                __cxa_rethrow
 .text._ZSt15get_new_handlerv
                0x0800c258       0x34 C:/devkitPro/devkitARM/bin/../lib/gcc/arm-none-eabi/16.1.0/../../../../arm-none-eabi/lib/thumb\libstdc++.a(new_handler.o)
                0x0800c258                std::get_new_handler()
 .text.startup._GLOBAL__sub_I__ZSt7nothrow
                0x0800c28c       0x10 C:/devkitPro/devkitARM/bin/../lib/gcc/arm-none-eabi/16.1.0/../../../../arm-none-eabi/lib/thumb\libstdc++.a(new_handler.o)
 .text._ZN10__cxxabiv120__si_class_type_infoD2Ev
                0x0800c29c       0x18 C:/devkitPro/devkitARM/bin/../lib/gcc/arm-none-eabi/16.1.0/../../../../arm-none-eabi/lib/thumb\libstdc++.a(si_class_type_info.o)
                0x0800c29c                __cxxabiv1::__si_class_type_info::~__si_class_type_info()
                0x0800c29c                __cxxabiv1::__si_class_type_info::~__si_class_type_info()
 .text._ZN10__cxxabiv120__si_class_type_infoD0Ev
                0x0800c2b4       0x20 C:/devkitPro/devkitARM/bin/../lib/gcc/arm-none-eabi/16.1.0/../../../../arm-none-eabi/lib/thumb\libstdc++.a(si_class_type_info.o)
                0x0800c2b4                __cxxabiv1::__si_class_type_info::~__si_class_type_info()
 .text._ZNK10__cxxabiv120__si_class_type_info20__do_find_public_srcEiPKvPKNS_17__class_type_infoES2_
                0x0800c2d4       0x40 C:/devkitPro/devkitARM/bin/../lib/gcc/arm-none-eabi/16.1.0/../../../../arm-none-eabi/lib/thumb\libstdc++.a(si_class_type_info.o)
                0x0800c2d4                __cxxabiv1::__si_class_type_info::__do_find_public_src(int, void const*, __cxxabiv1::__class_type_info const*, void const*) const
 .text._ZNK10__cxxabiv120__si_class_type_info12__do_dyncastEiNS_17__class_type_info10__sub_kindEPKS1_PKvS4_S6_RNS1_16__dyncast_resultE
                0x0800c314       0xa0 C:/devkitPro/devkitARM/bin/../lib/gcc/arm-none-eabi/16.1.0/../../../../arm-none-eabi/lib/thumb\libstdc++.a(si_class_type_info.o)
                0x0800c314                __cxxabiv1::__si_class_type_info::__do_dyncast(int, __cxxabiv1::__class_type_info::__sub_kind, __cxxabiv1::__class_type_info const*, void const*, __cxxabiv1::__class_type_info const*, void const*, __cxxabiv1::__class_type_info::__dyncast_result&) const
 .text._ZNK10__cxxabiv120__si_class_type_info11__do_upcastEPKNS_17__class_type_infoEPKvRNS1_15__upcast_resultE
                0x0800c3b4       0x2c C:/devkitPro/devkitARM/bin/../lib/gcc/arm-none-eabi/16.1.0/../../../../arm-none-eabi/lib/thumb\libstdc++.a(si_class_type_info.o)
                0x0800c3b4                __cxxabiv1::__si_class_type_info::__do_upcast(__cxxabiv1::__class_type_info const*, void const*, __cxxabiv1::__class_type_info::__upcast_result&) const
 .text._ZNSt9type_infoD2Ev
                0x0800c3e0        0x4 C:/devkitPro/devkitARM/bin/../lib/gcc/arm-none-eabi/16.1.0/../../../../arm-none-eabi/lib/thumb\libstdc++.a(tinfo.o)
                0x0800c3e0                std::type_info::~type_info()
                0x0800c3e0                std::type_info::~type_info()
 .text._ZNKSt9type_info14__is_pointer_pEv
                0x0800c3e4        0x4 C:/devkitPro/devkitARM/bin/../lib/gcc/arm-none-eabi/16.1.0/../../../../arm-none-eabi/lib/thumb\libstdc++.a(tinfo.o)
                0x0800c3e4                std::type_info::__is_pointer_p() const
                0x0800c3e4                std::type_info::__is_function_p() const
 .text._ZNKSt9type_infoeqERKS_
                0x0800c3e8       0x30 C:/devkitPro/devkitARM/bin/../lib/gcc/arm-none-eabi/16.1.0/../../../../arm-none-eabi/lib/thumb\libstdc++.a(tinfo.o)
                0x0800c3e8                std::type_info::operator==(std::type_info const&) const
                0x0800c3e8                std::type_info::__equal(std::type_info const&) const
 .text._ZNKSt11logic_error4whatEv
                0x0800c418        0x4 C:/devkitPro/devkitARM/bin/../lib/gcc/arm-none-eabi/16.1.0/../../../../arm-none-eabi/lib/thumb\libstdc++.a(stdexcept.o)
                0x0800c418                std::logic_error::what() const
                0x0800c418                std::runtime_error::what() const
 .text._ZNSt11logic_errorD2Ev
                0x0800c41c       0x48 C:/devkitPro/devkitARM/bin/../lib/gcc/arm-none-eabi/16.1.0/../../../../arm-none-eabi/lib/thumb\libstdc++.a(stdexcept.o)
                0x0800c41c                std::logic_error::~logic_error()
                0x0800c41c                std::logic_error::~logic_error()
 .text._ZNSt12length_errorD2Ev
                0x0800c464       0x48 C:/devkitPro/devkitARM/bin/../lib/gcc/arm-none-eabi/16.1.0/../../../../arm-none-eabi/lib/thumb\libstdc++.a(stdexcept.o)
                0x0800c464                std::length_error::~length_error()
                0x0800c464                std::length_error::~length_error()
 .text._ZNSt11logic_errorD0Ev
                0x0800c4ac       0x4c C:/devkitPro/devkitARM/bin/../lib/gcc/arm-none-eabi/16.1.0/../../../../arm-none-eabi/lib/thumb\libstdc++.a(stdexcept.o)
                0x0800c4ac                std::logic_error::~logic_error()
 .text._ZNSt12length_errorD0Ev
                0x0800c4f8       0x4c C:/devkitPro/devkitARM/bin/../lib/gcc/arm-none-eabi/16.1.0/../../../../arm-none-eabi/lib/thumb\libstdc++.a(stdexcept.o)
                0x0800c4f8                std::length_error::~length_error()
 .text._ZNSt11logic_errorC2EPKc
                0x0800c544       0x8c C:/devkitPro/devkitARM/bin/../lib/gcc/arm-none-eabi/16.1.0/../../../../arm-none-eabi/lib/thumb\libstdc++.a(cow-stdexcept.o)
                0x0800c544                std::logic_error::logic_error(char const*)
                0x0800c544                std::logic_error::logic_error(char const*)
 .text._ZNSt12length_errorC2EPKc
                0x0800c5d0       0x18 C:/devkitPro/devkitARM/bin/../lib/gcc/arm-none-eabi/16.1.0/../../../../arm-none-eabi/lib/thumb\libstdc++.a(cow-stdexcept.o)
                0x0800c5d0                std::length_error::length_error(char const*)
                0x0800c5d0                std::length_error::length_error(char const*)
 .text._ZNSs4_Rep9_S_createEjjRKSaIcE
                0x0800c5e8       0x60 C:/devkitPro/devkitARM/bin/../lib/gcc/arm-none-eabi/16.1.0/../../../../arm-none-eabi/lib/thumb\libstdc++.a(cow-string-inst.o)
                0x0800c5e8                std::string::_Rep::_S_create(unsigned int, unsigned int, std::allocator<char> const&)
 .text._ZNSs4_Rep10_M_destroyERKSaIcE
                0x0800c648        0xc C:/devkitPro/devkitARM/bin/../lib/gcc/arm-none-eabi/16.1.0/../../../../arm-none-eabi/lib/thumb\libstdc++.a(cow-string-inst.o)
                0x0800c648                std::string::_Rep::_M_destroy(std::allocator<char> const&)
 .text._ZN9__gnu_cxx18__exchange_and_addEPVii
                0x0800c654       0x88 C:/devkitPro/devkitARM/bin/../lib/gcc/arm-none-eabi/16.1.0/../../../../arm-none-eabi/lib/thumb\libstdc++.a(atomicity.o)
                0x0800c654                __gnu_cxx::__exchange_and_add(int volatile*, int)
 .text._ZNK10__cxxabiv117__class_type_info20__do_find_public_srcEiPKvPKS0_S2_
                0x0800c6dc       0x14 C:/devkitPro/devkitARM/bin/../lib/gcc/arm-none-eabi/16.1.0/../../../../arm-none-eabi/lib/thumb\libstdc++.a(class_type_info.o)
                0x0800c6dc                __cxxabiv1::__class_type_info::__do_find_public_src(int, void const*, __cxxabiv1::__class_type_info const*, void const*) const
 .text._ZN10__cxxabiv117__class_type_infoD2Ev
                0x0800c6f0       0x18 C:/devkitPro/devkitARM/bin/../lib/gcc/arm-none-eabi/16.1.0/../../../../arm-none-eabi/lib/thumb\libstdc++.a(class_type_info.o)
                0x0800c6f0                __cxxabiv1::__class_type_info::~__class_type_info()
                0x0800c6f0                __cxxabiv1::__class_type_info::~__class_type_info()
 .text._ZN10__cxxabiv117__class_type_infoD0Ev
                0x0800c708       0x20 C:/devkitPro/devkitARM/bin/../lib/gcc/arm-none-eabi/16.1.0/../../../../arm-none-eabi/lib/thumb\libstdc++.a(class_type_info.o)
                0x0800c708                __cxxabiv1::__class_type_info::~__class_type_info()
 .text._ZNK10__cxxabiv117__class_type_info12__do_dyncastEiNS0_10__sub_kindEPKS0_PKvS3_S5_RNS0_16__dyncast_resultE
                0x0800c728       0x44 C:/devkitPro/devkitARM/bin/../lib/gcc/arm-none-eabi/16.1.0/../../../../arm-none-eabi/lib/thumb\libstdc++.a(class_type_info.o)
                0x0800c728                __cxxabiv1::__class_type_info::__do_dyncast(int, __cxxabiv1::__class_type_info::__sub_kind, __cxxabiv1::__class_type_info const*, void const*, __cxxabiv1::__class_type_info const*, void const*, __cxxabiv1::__class_type_info::__dyncast_result&) const
 .text._ZNK10__cxxabiv117__class_type_info11__do_upcastEPKS0_PKvRNS0_15__upcast_resultE
                0x0800c76c       0x20 C:/devkitPro/devkitARM/bin/../lib/gcc/arm-none-eabi/16.1.0/../../../../arm-none-eabi/lib/thumb\libstdc++.a(class_type_info.o)
                0x0800c76c                __cxxabiv1::__class_type_info::__do_upcast(__cxxabiv1::__class_type_info const*, void const*, __cxxabiv1::__class_type_info::__upcast_result&) const
 .text._ZNK10__cxxabiv117__class_type_info11__do_upcastEPKS0_PPv
                0x0800c78c       0x58 C:/devkitPro/devkitARM/bin/../lib/gcc/arm-none-eabi/16.1.0/../../../../arm-none-eabi/lib/thumb\libstdc++.a(class_type_info.o)
                0x0800c78c                __cxxabiv1::__class_type_info::__do_upcast(__cxxabiv1::__class_type_info const*, void**) const
 .text._ZNK10__cxxabiv117__class_type_info10__do_catchEPKSt9type_infoPPvj
                0x0800c7e4       0x44 C:/devkitPro/devkitARM/bin/../lib/gcc/arm-none-eabi/16.1.0/../../../../arm-none-eabi/lib/thumb\libstdc++.a(class_type_info.o)
                0x0800c7e4                __cxxabiv1::__class_type_info::__do_catch(std::type_info const*, void**, unsigned int) const
 .text.unlikely._ZN10__cxxabiv1L24__is_gxx_exception_classEPc
                0x0800c828       0x3a C:/devkitPro/devkitARM/bin/../lib/gcc/arm-none-eabi/16.1.0/../../../../arm-none-eabi/lib/thumb\libstdc++.a(eh_call.o)
 .text.unlikely.__cxa_call_terminate
                0x0800c862       0x20 C:/devkitPro/devkitARM/bin/../lib/gcc/arm-none-eabi/16.1.0/../../../../arm-none-eabi/lib/thumb\libstdc++.a(eh_call.o)
                0x0800c862                __cxa_call_terminate
 *fill*         0x0800c882        0x2 ff
 .text.unlikely.__cxa_call_unexpected
                0x0800c884      0x108 C:/devkitPro/devkitARM/bin/../lib/gcc/arm-none-eabi/16.1.0/../../../../arm-none-eabi/lib/thumb\libstdc++.a(eh_call.o)
                0x0800c884                __cxa_call_unexpected
 .text.__cxa_begin_catch
                0x0800c98c       0x78 C:/devkitPro/devkitARM/bin/../lib/gcc/arm-none-eabi/16.1.0/../../../../arm-none-eabi/lib/thumb\libstdc++.a(eh_catch.o)
                0x0800c98c                __cxa_begin_catch
 .text.__cxa_end_catch
                0x0800ca04       0x94 C:/devkitPro/devkitARM/bin/../lib/gcc/arm-none-eabi/16.1.0/../../../../arm-none-eabi/lib/thumb\libstdc++.a(eh_catch.o)
                0x0800ca04                __cxa_end_catch
 .text._ZNK9__gnu_cxx29__concurrence_broadcast_error4whatEv
                0x0800ca98        0x8 C:/devkitPro/devkitARM/bin/../lib/gcc/arm-none-eabi/16.1.0/../../../../arm-none-eabi/lib/thumb\libstdc++.a(guard.o)
                0x0800ca98                __gnu_cxx::__concurrence_broadcast_error::what() const
 .text._ZNK9__gnu_cxx24__concurrence_wait_error4whatEv
                0x0800caa0        0x8 C:/devkitPro/devkitARM/bin/../lib/gcc/arm-none-eabi/16.1.0/../../../../arm-none-eabi/lib/thumb\libstdc++.a(guard.o)
                0x0800caa0                __gnu_cxx::__concurrence_wait_error::what() const
 .text._ZN12_GLOBAL__N_1L4initEv
                0x0800caa8       0x20 C:/devkitPro/devkitARM/bin/../lib/gcc/arm-none-eabi/16.1.0/../../../../arm-none-eabi/lib/thumb\libstdc++.a(guard.o)
 .text._ZN12_GLOBAL__N_1L16init_static_condEv
                0x0800cac8       0x18 C:/devkitPro/devkitARM/bin/../lib/gcc/arm-none-eabi/16.1.0/../../../../arm-none-eabi/lib/thumb\libstdc++.a(guard.o)
 .text._ZN9__gnu_cxx24__concurrence_wait_errorD2Ev
                0x0800cae0       0x18 C:/devkitPro/devkitARM/bin/../lib/gcc/arm-none-eabi/16.1.0/../../../../arm-none-eabi/lib/thumb\libstdc++.a(guard.o)
                0x0800cae0                __gnu_cxx::__concurrence_wait_error::~__concurrence_wait_error()
                0x0800cae0                __gnu_cxx::__concurrence_wait_error::~__concurrence_wait_error()
 .text._ZN9__gnu_cxx24__concurrence_wait_errorD0Ev
                0x0800caf8       0x20 C:/devkitPro/devkitARM/bin/../lib/gcc/arm-none-eabi/16.1.0/../../../../arm-none-eabi/lib/thumb\libstdc++.a(guard.o)
                0x0800caf8                __gnu_cxx::__concurrence_wait_error::~__concurrence_wait_error()
 .text._ZN9__gnu_cxx29__concurrence_broadcast_errorD2Ev
                0x0800cb18       0x18 C:/devkitPro/devkitARM/bin/../lib/gcc/arm-none-eabi/16.1.0/../../../../arm-none-eabi/lib/thumb\libstdc++.a(guard.o)
                0x0800cb18                __gnu_cxx::__concurrence_broadcast_error::~__concurrence_broadcast_error()
                0x0800cb18                __gnu_cxx::__concurrence_broadcast_error::~__concurrence_broadcast_error()
 .text._ZN9__gnu_cxx29__concurrence_broadcast_errorD0Ev
                0x0800cb30       0x20 C:/devkitPro/devkitARM/bin/../lib/gcc/arm-none-eabi/16.1.0/../../../../arm-none-eabi/lib/thumb\libstdc++.a(guard.o)
                0x0800cb30                __gnu_cxx::__concurrence_broadcast_error::~__concurrence_broadcast_error()
 .text.unlikely._ZN9__gnu_cxx35__throw_concurrence_broadcast_errorEv
                0x0800cb50       0x20 C:/devkitPro/devkitARM/bin/../lib/gcc/arm-none-eabi/16.1.0/../../../../arm-none-eabi/lib/thumb\libstdc++.a(guard.o)
                0x0800cb50                __gnu_cxx::__throw_concurrence_broadcast_error()
 .text.__cxa_guard_acquire
                0x0800cb70       0xf8 C:/devkitPro/devkitARM/bin/../lib/gcc/arm-none-eabi/16.1.0/../../../../arm-none-eabi/lib/thumb\libstdc++.a(guard.o)
                0x0800cb70                __cxa_guard_acquire
 .text.__cxa_guard_release
                0x0800cc68       0x6c C:/devkitPro/devkitARM/bin/../lib/gcc/arm-none-eabi/16.1.0/../../../../arm-none-eabi/lib/thumb\libstdc++.a(guard.o)
                0x0800cc68                __cxa_guard_release
 .text          0x0800ccd4      0x11c C:/devkitPro/devkitARM/bin/../lib/gcc/arm-none-eabi/16.1.0/thumb\libgcc.a(_udivsi3.o)
                0x0800ccd4                __aeabi_uidiv
                0x0800ccd4                __udivsi3
                0x0800cdd0                __aeabi_uidivmod
 .text          0x0800cdf0      0x150 C:/devkitPro/devkitARM/bin/../lib/gcc/arm-none-eabi/16.1.0/thumb\libgcc.a(_divsi3.o)
                0x0800cdf0                __divsi3
                0x0800cdf0                __aeabi_idiv
                0x0800cf20                __aeabi_idivmod
 .text          0x0800cf40        0x4 C:/devkitPro/devkitARM/bin/../lib/gcc/arm-none-eabi/16.1.0/thumb\libgcc.a(_dvmd_tls.o)
                0x0800cf40                __aeabi_idiv0
                0x0800cf40                __aeabi_ldiv0
 .text          0x0800cf44       0x3c C:/devkitPro/devkitARM/bin/../lib/gcc/arm-none-eabi/16.1.0/thumb\libgcc.a(_call_via_rX.o)
                0x0800cf44                _call_via_r0
                0x0800cf48                _call_via_r1
                0x0800cf4c                _call_via_r2
                0x0800cf50                _call_via_r3
                0x0800cf54                _call_via_r4
                0x0800cf58                _call_via_r5
                0x0800cf5c                _call_via_r6
                0x0800cf60                _call_via_r7
                0x0800cf64                _call_via_r8
                0x0800cf68                _call_via_r9
                0x0800cf6c                _call_via_sl
                0x0800cf70                _call_via_fp
                0x0800cf74                _call_via_ip
                0x0800cf78                _call_via_sp
                0x0800cf7c                _call_via_lr
 .text          0x0800cf80      0x424 C:/devkitPro/devkitARM/bin/../lib/gcc/arm-none-eabi/16.1.0/thumb\libgcc.a(_arm_addsubdf3.o)
                0x0800cf80                __aeabi_drsub
                0x0800cf88                __aeabi_dsub
                0x0800cf88                __subdf3
                0x0800cf8c                __aeabi_dadd
                0x0800cf8c                __adddf3
                0x0800d29c                __floatunsidf
                0x0800d29c                __aeabi_ui2d
                0x0800d2c0                __floatsidf
                0x0800d2c0                __aeabi_i2d
                0x0800d2e8                __aeabi_f2d
                0x0800d2e8                __extendsfdf2
                0x0800d330                __floatundidf
                0x0800d330                __aeabi_ul2d
                0x0800d344                __floatdidf
                0x0800d344                __aeabi_l2d
 .text          0x0800d3a4      0x144 C:/devkitPro/devkitARM/bin/../lib/gcc/arm-none-eabi/16.1.0/thumb\libgcc.a(_arm_cmpdf2.o)
                0x0800d3a4                __gtdf2
                0x0800d3a4                __gedf2
                0x0800d3ac                __ltdf2
                0x0800d3ac                __ledf2
                0x0800d3b4                __nedf2
                0x0800d3b4                __eqdf2
                0x0800d3b4                __cmpdf2
                0x0800d43c                __aeabi_cdrcmple
                0x0800d458                __aeabi_cdcmpeq
                0x0800d458                __aeabi_cdcmple
                0x0800d470                __aeabi_dcmpeq
                0x0800d488                __aeabi_dcmplt
                0x0800d4a0                __aeabi_dcmple
                0x0800d4b8                __aeabi_dcmpge
                0x0800d4d0                __aeabi_dcmpgt
 .text          0x0800d4e8       0x5c C:/devkitPro/devkitARM/bin/../lib/gcc/arm-none-eabi/16.1.0/thumb\libgcc.a(_arm_fixdfsi.o)
                0x0800d4e8                __aeabi_d2iz
                0x0800d4e8                __fixdfsi
 .text          0x0800d544       0x48 C:/devkitPro/devkitARM/bin/../lib/gcc/arm-none-eabi/16.1.0/thumb\libgcc.a(_clzsi2.o)
                0x0800d544                __clzsi2
 .text          0x0800d58c       0x50 C:/devkitPro/devkitARM/bin/../lib/gcc/arm-none-eabi/16.1.0/thumb\libgcc.a(_ctzsi2.o)
                0x0800d58c                __ctzsi2
 .text          0x0800d5dc        0x4 C:/devkitPro/devkitARM/bin/../lib/gcc/arm-none-eabi/16.1.0/thumb\libgcc.a(_sync_none.o)
                0x0800d5dc                __sync_synchronize_none
 .text.__muldi3
                0x0800d5e0       0x58 C:/devkitPro/devkitARM/bin/../lib/gcc/arm-none-eabi/16.1.0/thumb\libgcc.a(_muldi3.o)
                0x0800d5e0                __muldi3
                0x0800d5e0                __aeabi_lmul
 .text.selfrel_offset31
                0x0800d638       0x18 C:/devkitPro/devkitARM/bin/../lib/gcc/arm-none-eabi/16.1.0/thumb\libgcc.a(unwind-arm.o)
 .text.search_EIT_table
                0x0800d650       0x74 C:/devkitPro/devkitARM/bin/../lib/gcc/arm-none-eabi/16.1.0/thumb\libgcc.a(unwind-arm.o)
 .text.__gnu_unwind_get_pr_addr
                0x0800d6c4       0x28 C:/devkitPro/devkitARM/bin/../lib/gcc/arm-none-eabi/16.1.0/thumb\libgcc.a(unwind-arm.o)
 .text.get_eit_entry
                0x0800d6ec       0x98 C:/devkitPro/devkitARM/bin/../lib/gcc/arm-none-eabi/16.1.0/thumb\libgcc.a(unwind-arm.o)
 .text.restore_non_core_regs
                0x0800d784       0x5c C:/devkitPro/devkitARM/bin/../lib/gcc/arm-none-eabi/16.1.0/thumb\libgcc.a(unwind-arm.o)
 .text._Unwind_decode_typeinfo_ptr.constprop.0
                0x0800d7e0        0xc C:/devkitPro/devkitARM/bin/../lib/gcc/arm-none-eabi/16.1.0/thumb\libgcc.a(unwind-arm.o)
 .text._Unwind_DebugHook
                0x0800d7ec        0x4 C:/devkitPro/devkitARM/bin/../lib/gcc/arm-none-eabi/16.1.0/thumb\libgcc.a(unwind-arm.o)
 .text.unwind_phase2
                0x0800d7f0       0x40 C:/devkitPro/devkitARM/bin/../lib/gcc/arm-none-eabi/16.1.0/thumb\libgcc.a(unwind-arm.o)
 .text.unwind_phase2_forced
                0x0800d830       0xe0 C:/devkitPro/devkitARM/bin/../lib/gcc/arm-none-eabi/16.1.0/thumb\libgcc.a(unwind-arm.o)
 .text.__gnu_Unwind_RaiseException
                0x0800d910       0x58 C:/devkitPro/devkitARM/bin/../lib/gcc/arm-none-eabi/16.1.0/thumb\libgcc.a(unwind-arm.o)
                0x0800d910                __gnu_Unwind_RaiseException
 .text.__gnu_Unwind_ForcedUnwind
                0x0800d968       0x18 C:/devkitPro/devkitARM/bin/../lib/gcc/arm-none-eabi/16.1.0/thumb\libgcc.a(unwind-arm.o)
                0x0800d968                __gnu_Unwind_ForcedUnwind
 .text.__gnu_Unwind_Resume
                0x0800d980       0x4c C:/devkitPro/devkitARM/bin/../lib/gcc/arm-none-eabi/16.1.0/thumb\libgcc.a(unwind-arm.o)
                0x0800d980                __gnu_Unwind_Resume
 .text.__gnu_Unwind_Resume_or_Rethrow
                0x0800d9cc       0x20 C:/devkitPro/devkitARM/bin/../lib/gcc/arm-none-eabi/16.1.0/thumb\libgcc.a(unwind-arm.o)
                0x0800d9cc                __gnu_Unwind_Resume_or_Rethrow
 .text._Unwind_Complete
                0x0800d9ec        0x4 C:/devkitPro/devkitARM/bin/../lib/gcc/arm-none-eabi/16.1.0/thumb\libgcc.a(unwind-arm.o)
                0x0800d9ec                _Unwind_Complete
 .text._Unwind_DeleteException
                0x0800d9f0       0x18 C:/devkitPro/devkitARM/bin/../lib/gcc/arm-none-eabi/16.1.0/thumb\libgcc.a(unwind-arm.o)
                0x0800d9f0                _Unwind_DeleteException
 .text._Unwind_VRS_Get
                0x0800da08       0x44 C:/devkitPro/devkitARM/bin/../lib/gcc/arm-none-eabi/16.1.0/thumb\libgcc.a(unwind-arm.o)
                0x0800da08                _Unwind_VRS_Get
 .text._Unwind_GetGR
                0x0800da4c       0x1c C:/devkitPro/devkitARM/bin/../lib/gcc/arm-none-eabi/16.1.0/thumb\libgcc.a(unwind-arm.o)
 .text._Unwind_VRS_Set
                0x0800da68       0x44 C:/devkitPro/devkitARM/bin/../lib/gcc/arm-none-eabi/16.1.0/thumb\libgcc.a(unwind-arm.o)
                0x0800da68                _Unwind_VRS_Set
 .text._Unwind_SetGR
                0x0800daac       0x1c C:/devkitPro/devkitARM/bin/../lib/gcc/arm-none-eabi/16.1.0/thumb\libgcc.a(unwind-arm.o)
 .text.__gnu_Unwind_Backtrace
                0x0800dac8       0x78 C:/devkitPro/devkitARM/bin/../lib/gcc/arm-none-eabi/16.1.0/thumb\libgcc.a(unwind-arm.o)
                0x0800dac8                __gnu_Unwind_Backtrace
 .text.__gnu_unwind_pr_common
                0x0800db40      0x2d0 C:/devkitPro/devkitARM/bin/../lib/gcc/arm-none-eabi/16.1.0/thumb\libgcc.a(unwind-arm.o)
 .text.__aeabi_unwind_cpp_pr0
                0x0800de10       0x10 C:/devkitPro/devkitARM/bin/../lib/gcc/arm-none-eabi/16.1.0/thumb\libgcc.a(unwind-arm.o)
                0x0800de10                __aeabi_unwind_cpp_pr0
 .text.__aeabi_unwind_cpp_pr1
                0x0800de20       0x10 C:/devkitPro/devkitARM/bin/../lib/gcc/arm-none-eabi/16.1.0/thumb\libgcc.a(unwind-arm.o)
                0x0800de20                __aeabi_unwind_cpp_pr1
 .text.__aeabi_unwind_cpp_pr2
                0x0800de30       0x10 C:/devkitPro/devkitARM/bin/../lib/gcc/arm-none-eabi/16.1.0/thumb\libgcc.a(unwind-arm.o)
                0x0800de30                __aeabi_unwind_cpp_pr2
 .text._Unwind_VRS_Pop
                0x0800de40      0x2e4 C:/devkitPro/devkitARM/bin/../lib/gcc/arm-none-eabi/16.1.0/thumb\libgcc.a(unwind-arm.o)
                0x0800de40                _Unwind_VRS_Pop
 .text          0x0800e124      0x1d8 C:/devkitPro/devkitARM/bin/../lib/gcc/arm-none-eabi/16.1.0/thumb\libgcc.a(libunwind.o)
                0x0800e124                __restore_core_regs
                0x0800e124                restore_core_regs
                0x0800e140                __gnu_Unwind_Restore_VFP
                0x0800e148                __gnu_Unwind_Save_VFP
                0x0800e150                __gnu_Unwind_Restore_VFP_D
                0x0800e158                __gnu_Unwind_Save_VFP_D
                0x0800e160                __gnu_Unwind_Restore_VFP_D_16_to_31
                0x0800e168                __gnu_Unwind_Save_VFP_D_16_to_31
                0x0800e170                __gnu_Unwind_Restore_WMMXD
                0x0800e1b4                __gnu_Unwind_Save_WMMXD
                0x0800e1f8                __gnu_Unwind_Restore_WMMXC
                0x0800e20c                __gnu_Unwind_Save_WMMXC
                0x0800e220                ___Unwind_RaiseException
                0x0800e220                _Unwind_RaiseException
                0x0800e24c                _Unwind_Resume
                0x0800e24c                ___Unwind_Resume
                0x0800e278                _Unwind_Resume_or_Rethrow
                0x0800e278                ___Unwind_Resume_or_Rethrow
                0x0800e2a4                _Unwind_ForcedUnwind
                0x0800e2a4                ___Unwind_ForcedUnwind
                0x0800e2d0                ___Unwind_Backtrace
                0x0800e2d0                _Unwind_Backtrace
 .text.next_unwind_byte
                0x0800e2fc       0x34 C:/devkitPro/devkitARM/bin/../lib/gcc/arm-none-eabi/16.1.0/thumb\libgcc.a(pr-support.o)
 .text._Unwind_GetGR.constprop.0
                0x0800e330       0x1c C:/devkitPro/devkitARM/bin/../lib/gcc/arm-none-eabi/16.1.0/thumb\libgcc.a(pr-support.o)
 .text.unwind_UCB_from_context
                0x0800e34c        0xc C:/devkitPro/devkitARM/bin/../lib/gcc/arm-none-eabi/16.1.0/thumb\libgcc.a(pr-support.o)
 .text.__gnu_unwind_execute
                0x0800e358      0x304 C:/devkitPro/devkitARM/bin/../lib/gcc/arm-none-eabi/16.1.0/thumb\libgcc.a(pr-support.o)
                0x0800e358                __gnu_unwind_execute
 .text.__gnu_unwind_frame
                0x0800e65c       0x2c C:/devkitPro/devkitARM/bin/../lib/gcc/arm-none-eabi/16.1.0/thumb\libgcc.a(pr-support.o)
                0x0800e65c                __gnu_unwind_frame
 .text._Unwind_GetRegionStart
                0x0800e688       0x10 C:/devkitPro/devkitARM/bin/../lib/gcc/arm-none-eabi/16.1.0/thumb\libgcc.a(pr-support.o)
                0x0800e688                _Unwind_GetRegionStart
 .text._Unwind_GetLanguageSpecificData
                0x0800e698       0x18 C:/devkitPro/devkitARM/bin/../lib/gcc/arm-none-eabi/16.1.0/thumb\libgcc.a(pr-support.o)
                0x0800e698                _Unwind_GetLanguageSpecificData
 .text.unlikely._Unwind_GetDataRelBase
                0x0800e6b0        0x6 C:/devkitPro/devkitARM/bin/../lib/gcc/arm-none-eabi/16.1.0/thumb\libgcc.a(pr-support.o)
                0x0800e6b0                _Unwind_GetDataRelBase
 .text.unlikely._Unwind_GetTextRelBase
                0x0800e6b6        0x6 C:/devkitPro/devkitARM/bin/../lib/gcc/arm-none-eabi/16.1.0/thumb\libgcc.a(pr-support.o)
                0x0800e6b6                _Unwind_GetTextRelBase
 .text.getenv   0x0800e6bc       0x1c C:/devkitPro/devkitARM/bin/../lib/gcc/arm-none-eabi/16.1.0/../../../../arm-none-eabi/lib/thumb\libg.a(libc_a-getenv.o)
                0x0800e6bc                getenv
 .text.memcpy   0x0800e6d8       0xac C:/devkitPro/devkitARM/bin/../lib/gcc/arm-none-eabi/16.1.0/../../../../arm-none-eabi/lib/thumb\libg.a(libc_a-memcpy-stub.o)
                0x0800e6d8                memcpy
 .text.strlen   0x0800e784       0x60 C:/devkitPro/devkitARM/bin/../lib/gcc/arm-none-eabi/16.1.0/../../../../arm-none-eabi/lib/thumb\libg.a(libc_a-strlen.o)
                0x0800e784                strlen
 .text.sulp     0x0800e7e4       0x34 C:/devkitPro/devkitARM/bin/../lib/gcc/arm-none-eabi/16.1.0/../../../../arm-none-eabi/lib/thumb\libg.a(libc_a-strtod.o)
 .text._strtod_l
                0x0800e818      0xf7c C:/devkitPro/devkitARM/bin/../lib/gcc/arm-none-eabi/16.1.0/../../../../arm-none-eabi/lib/thumb\libg.a(libc_a-strtod.o)
                0x0800e818                _strtod_l
 .text.strtod   0x0800f794       0x30 C:/devkitPro/devkitARM/bin/../lib/gcc/arm-none-eabi/16.1.0/../../../../arm-none-eabi/lib/thumb\libg.a(libc_a-strtod.o)
                0x0800f794                strtod
 .text.rshift   0x0800f7c4       0xac C:/devkitPro/devkitARM/bin/../lib/gcc/arm-none-eabi/16.1.0/../../../../arm-none-eabi/lib/thumb\libg.a(libc_a-gdtoa-gethex.o)
 .text.__gethex
                0x0800f870      0x60c C:/devkitPro/devkitARM/bin/../lib/gcc/arm-none-eabi/16.1.0/../../../../arm-none-eabi/lib/thumb\libg.a(libc_a-gdtoa-gethex.o)
                0x0800f870                __gethex
 .text._strtoul_l.isra.0
                0x0800fe7c      0x150 C:/devkitPro/devkitARM/bin/../lib/gcc/arm-none-eabi/16.1.0/../../../../arm-none-eabi/lib/thumb\libg.a(libc_a-strtoul.o)
 .text.strtoul  0x0800ffcc       0x24 C:/devkitPro/devkitARM/bin/../lib/gcc/arm-none-eabi/16.1.0/../../../../arm-none-eabi/lib/thumb\libg.a(libc_a-strtoul.o)
                0x0800ffcc                strtoul
 .text.strchr   0x0800fff0       0xbc C:/devkitPro/devkitARM/bin/../lib/gcc/arm-none-eabi/16.1.0/../../../../arm-none-eabi/lib/thumb\libg.a(libc_a-strchr.o)
                0x0800fff0                strchr
 .text.memcmp   0x080100ac       0x48 C:/devkitPro/devkitARM/bin/../lib/gcc/arm-none-eabi/16.1.0/../../../../arm-none-eabi/lib/thumb\libg.a(libc_a-memcmp.o)
                0x080100ac                memcmp
 .text.__errno  0x080100f4        0xc C:/devkitPro/devkitARM/bin/../lib/gcc/arm-none-eabi/16.1.0/../../../../arm-none-eabi/lib/thumb\libg.a(libc_a-errno.o)
                0x080100f4                __errno
 .text.abort    0x08010100       0x10 C:/devkitPro/devkitARM/bin/../lib/gcc/arm-none-eabi/16.1.0/../../../../arm-none-eabi/lib/thumb\libg.a(libc_a-abort.o)
                0x08010100                abort
 .text.__locale_mb_cur_max
                0x08010110       0x20 C:/devkitPro/devkitARM/bin/../lib/gcc/arm-none-eabi/16.1.0/../../../../arm-none-eabi/lib/thumb\libg.a(libc_a-locale.o)
                0x08010110                __locale_mb_cur_max
 .text.memset   0x08010130       0x8c C:/devkitPro/devkitARM/bin/../lib/gcc/arm-none-eabi/16.1.0/../../../../arm-none-eabi/lib/thumb\libg.a(libc_a-memset.o)
                0x08010130                memset
 .text          0x080101bc      0x224 C:/devkitPro/devkitARM/bin/../lib/gcc/arm-none-eabi/16.1.0/../../../../arm-none-eabi/lib/thumb\libg.a(libc_a-strcmp.o)
                0x080101bc                strcmp
 .text.__libc_init_array
                0x080103e0       0x54 C:/devkitPro/devkitARM/bin/../lib/gcc/arm-none-eabi/16.1.0/../../../../arm-none-eabi/lib/thumb\libg.a(libc_a-init.o)
                0x080103e0                __libc_init_array
 .text.strncpy  0x08010434       0x68 C:/devkitPro/devkitARM/bin/../lib/gcc/arm-none-eabi/16.1.0/../../../../arm-none-eabi/lib/thumb\libg.a(libc_a-strncpy.o)
                0x08010434                strncpy
 .text.malloc   0x0801049c       0x28 C:/devkitPro/devkitARM/bin/../lib/gcc/arm-none-eabi/16.1.0/../../../../arm-none-eabi/lib/thumb\libg.a(libc_a-malloc.o)
                0x0801049c                malloc
 .text.free     0x080104c4       0x14 C:/devkitPro/devkitARM/bin/../lib/gcc/arm-none-eabi/16.1.0/../../../../arm-none-eabi/lib/thumb\libg.a(libc_a-malloc.o)
                0x080104c4                free
 .text.memchr   0x080104d8       0x74 C:/devkitPro/devkitARM/bin/../lib/gcc/arm-none-eabi/16.1.0/../../../../arm-none-eabi/lib/thumb\libg.a(libc_a-memchr-stub.o)
                0x080104d8                memchr
 .text._findenv_r
                0x0801054c       0x94 C:/devkitPro/devkitARM/bin/../lib/gcc/arm-none-eabi/16.1.0/../../../../arm-none-eabi/lib/thumb\libg.a(libc_a-getenv_r.o)
                0x0801054c                _findenv_r
 .text.memmove  0x080105e0      0x108 C:/devkitPro/devkitARM/bin/../lib/gcc/arm-none-eabi/16.1.0/../../../../arm-none-eabi/lib/thumb\libg.a(libc_a-memmove.o)
                0x080105e0                memmove
 .text.__utf8_wctomb
                0x080106e8       0xbc C:/devkitPro/devkitARM/bin/../lib/gcc/arm-none-eabi/16.1.0/../../../../arm-none-eabi/lib/thumb\libg.a(libc_a-wctomb_r.o)
                0x080106e8                __utf8_wctomb
 .text.strncmp  0x080107a4       0x70 C:/devkitPro/devkitARM/bin/../lib/gcc/arm-none-eabi/16.1.0/../../../../arm-none-eabi/lib/thumb\libg.a(libc_a-strncmp.o)
                0x080107a4                strncmp
 .text.__match  0x08010814       0x38 C:/devkitPro/devkitARM/bin/../lib/gcc/arm-none-eabi/16.1.0/../../../../arm-none-eabi/lib/thumb\libg.a(libc_a-gdtoa-hexnan.o)
                0x08010814                __match
 .text.__hexnan
                0x0801084c      0x1e8 C:/devkitPro/devkitARM/bin/../lib/gcc/arm-none-eabi/16.1.0/../../../../arm-none-eabi/lib/thumb\libg.a(libc_a-gdtoa-hexnan.o)
                0x0801084c                __hexnan
 .text.nan      0x08010a34        0xc C:/devkitPro/devkitARM/bin/../lib/gcc/arm-none-eabi/16.1.0/../../../../arm-none-eabi/lib/thumb\libg.a(libm_a-s_nan.o)
                0x08010a34                nan
 .text.__env_lock
                0x08010a40       0x14 C:/devkitPro/devkitARM/bin/../lib/gcc/arm-none-eabi/16.1.0/../../../../arm-none-eabi/lib/thumb\libg.a(libc_a-envlock.o)
                0x08010a40                __env_lock
 .text.__env_unlock
                0x08010a54       0x14 C:/devkitPro/devkitARM/bin/../lib/gcc/arm-none-eabi/16.1.0/../../../../arm-none-eabi/lib/thumb\libg.a(libc_a-envlock.o)
                0x08010a54                __env_unlock
 .text.__assert_func
                0x08010a68       0x40 C:/devkitPro/devkitARM/bin/../lib/gcc/arm-none-eabi/16.1.0/../../../../arm-none-eabi/lib/thumb\libg.a(libc_a-assert.o)
                0x08010a68                __assert_func
 .text._Balloc  0x08010aa8       0x5c C:/devkitPro/devkitARM/bin/../lib/gcc/arm-none-eabi/16.1.0/../../../../arm-none-eabi/lib/thumb\libg.a(libc_a-mprec.o)
                0x08010aa8                _Balloc
 .text._Bfree   0x08010b04       0x14 C:/devkitPro/devkitARM/bin/../lib/gcc/arm-none-eabi/16.1.0/../../../../arm-none-eabi/lib/thumb\libg.a(libc_a-mprec.o)
                0x08010b04                _Bfree
 .text.__multadd
                0x08010b18       0xa8 C:/devkitPro/devkitARM/bin/../lib/gcc/arm-none-eabi/16.1.0/../../../../arm-none-eabi/lib/thumb\libg.a(libc_a-mprec.o)
                0x08010b18                __multadd
 .text.__s2b    0x08010bc0       0xb4 C:/devkitPro/devkitARM/bin/../lib/gcc/arm-none-eabi/16.1.0/../../../../arm-none-eabi/lib/thumb\libg.a(libc_a-mprec.o)
                0x08010bc0                __s2b
 .text.__hi0bits
                0x08010c74       0x60 C:/devkitPro/devkitARM/bin/../lib/gcc/arm-none-eabi/16.1.0/../../../../arm-none-eabi/lib/thumb\libg.a(libc_a-mprec.o)
                0x08010c74                __hi0bits
 .text.__lo0bits
                0x08010cd4       0x8c C:/devkitPro/devkitARM/bin/../lib/gcc/arm-none-eabi/16.1.0/../../../../arm-none-eabi/lib/thumb\libg.a(libc_a-mprec.o)
                0x08010cd4                __lo0bits
 .text.__i2b    0x08010d60       0x64 C:/devkitPro/devkitARM/bin/../lib/gcc/arm-none-eabi/16.1.0/../../../../arm-none-eabi/lib/thumb\libg.a(libc_a-mprec.o)
                0x08010d60                __i2b
 .text.__multiply
                0x08010dc4      0x1b4 C:/devkitPro/devkitARM/bin/../lib/gcc/arm-none-eabi/16.1.0/../../../../arm-none-eabi/lib/thumb\libg.a(libc_a-mprec.o)
                0x08010dc4                __multiply
 .text.__pow5mult
                0x08010f78       0xd8 C:/devkitPro/devkitARM/bin/../lib/gcc/arm-none-eabi/16.1.0/../../../../arm-none-eabi/lib/thumb\libg.a(libc_a-mprec.o)
                0x08010f78                __pow5mult
 .text.__lshift
                0x08011050       0xf8 C:/devkitPro/devkitARM/bin/../lib/gcc/arm-none-eabi/16.1.0/../../../../arm-none-eabi/lib/thumb\libg.a(libc_a-mprec.o)
                0x08011050                __lshift
 .text.__mcmp   0x08011148       0x50 C:/devkitPro/devkitARM/bin/../lib/gcc/arm-none-eabi/16.1.0/../../../../arm-none-eabi/lib/thumb\libg.a(libc_a-mprec.o)
                0x08011148                __mcmp
 .text.__mdiff  0x08011198      0x1a4 C:/devkitPro/devkitARM/bin/../lib/gcc/arm-none-eabi/16.1.0/../../../../arm-none-eabi/lib/thumb\libg.a(libc_a-mprec.o)
                0x08011198                __mdiff
 .text.__ulp    0x0801133c       0x40 C:/devkitPro/devkitARM/bin/../lib/gcc/arm-none-eabi/16.1.0/../../../../arm-none-eabi/lib/thumb\libg.a(libc_a-mprec.o)
                0x0801133c                __ulp
 .text.__b2d    0x0801137c       0xc8 C:/devkitPro/devkitARM/bin/../lib/gcc/arm-none-eabi/16.1.0/../../../../arm-none-eabi/lib/thumb\libg.a(libc_a-mprec.o)
                0x0801137c                __b2d
 .text.__d2b    0x08011444       0xd4 C:/devkitPro/devkitARM/bin/../lib/gcc/arm-none-eabi/16.1.0/../../../../arm-none-eabi/lib/thumb\libg.a(libc_a-mprec.o)
                0x08011444                __d2b
 .text.__ratio  0x08011518       0x60 C:/devkitPro/devkitARM/bin/../lib/gcc/arm-none-eabi/16.1.0/../../../../arm-none-eabi/lib/thumb\libg.a(libc_a-mprec.o)
                0x08011518                __ratio
 .text.__copybits
                0x08011578       0x48 C:/devkitPro/devkitARM/bin/../lib/gcc/arm-none-eabi/16.1.0/../../../../arm-none-eabi/lib/thumb\libg.a(libc_a-mprec.o)
                0x08011578                __copybits
 .text.__any_on
                0x080115c0       0x54 C:/devkitPro/devkitARM/bin/../lib/gcc/arm-none-eabi/16.1.0/../../../../arm-none-eabi/lib/thumb\libg.a(libc_a-mprec.o)
                0x080115c0                __any_on
 .text.__utf8_mbtowc
                0x08011614      0x24c C:/devkitPro/devkitARM/bin/../lib/gcc/arm-none-eabi/16.1.0/../../../../arm-none-eabi/lib/thumb\libg.a(libc_a-mbtowc_r.o)
                0x08011614                __utf8_mbtowc
 .text.fiprintf
                0x08011860       0x28 C:/devkitPro/devkitARM/bin/../lib/gcc/arm-none-eabi/16.1.0/../../../../arm-none-eabi/lib/thumb\libg.a(libc_a-fiprintf.o)
                0x08011860                fiprintf
 .text._raise_r
                0x08011888       0x60 C:/devkitPro/devkitARM/bin/../lib/gcc/arm-none-eabi/16.1.0/../../../../arm-none-eabi/lib/thumb\libg.a(libc_a-signal.o)
                0x08011888                _raise_r
 .text.raise    0x080118e8       0x14 C:/devkitPro/devkitARM/bin/../lib/gcc/arm-none-eabi/16.1.0/../../../../arm-none-eabi/lib/thumb\libg.a(libc_a-signal.o)
                0x080118e8                raise
 .text._memalign_r
                0x080118fc      0x118 C:/devkitPro/devkitARM/bin/../lib/gcc/arm-none-eabi/16.1.0/../../../../arm-none-eabi/lib/thumb\libg.a(libc_a-malignr.o)
                0x080118fc                _memalign_r
 .text._calloc_r
                0x08011a14       0xcc C:/devkitPro/devkitARM/bin/../lib/gcc/arm-none-eabi/16.1.0/../../../../arm-none-eabi/lib/thumb\libg.a(libc_a-callocr.o)
                0x08011a14                _calloc_r
 .text._malloc_r
                0x08011ae0      0x550 C:/devkitPro/devkitARM/bin/../lib/gcc/arm-none-eabi/16.1.0/../../../../arm-none-eabi/lib/thumb\libg.a(libc_a-mallocr.o)
                0x08011ae0                _malloc_r
 .text._malloc_trim_r
                0x08012030       0xac C:/devkitPro/devkitARM/bin/../lib/gcc/arm-none-eabi/16.1.0/../../../../arm-none-eabi/lib/thumb\libg.a(libc_a-freer.o)
                0x08012030                _malloc_trim_r
 .text._free_r  0x080120dc      0x1d8 C:/devkitPro/devkitARM/bin/../lib/gcc/arm-none-eabi/16.1.0/../../../../arm-none-eabi/lib/thumb\libg.a(libc_a-freer.o)
                0x080120dc                _free_r
 .text.__malloc_lock
                0x080122b4       0x14 C:/devkitPro/devkitARM/bin/../lib/gcc/arm-none-eabi/16.1.0/../../../../arm-none-eabi/lib/thumb\libg.a(libc_a-mlock.o)
                0x080122b4                __malloc_lock
 .text.__malloc_unlock
                0x080122c8       0x14 C:/devkitPro/devkitARM/bin/../lib/gcc/arm-none-eabi/16.1.0/../../../../arm-none-eabi/lib/thumb\libg.a(libc_a-mlock.o)
                0x080122c8                __malloc_unlock
 .text.get_arg  0x080122dc      0x404 C:/devkitPro/devkitARM/bin/../lib/gcc/arm-none-eabi/16.1.0/../../../../arm-none-eabi/lib/thumb\libg.a(libc_a-vfiprintf.o)
 .text._vfiprintf_r
                0x080126e0     0x16d8 C:/devkitPro/devkitARM/bin/../lib/gcc/arm-none-eabi/16.1.0/../../../../arm-none-eabi/lib/thumb\libg.a(libc_a-vfiprintf.o)
                0x080126e0                _vfiprintf_r
 .text.__sbprintf
                0x08013db8       0x7c C:/devkitPro/devkitARM/bin/../lib/gcc/arm-none-eabi/16.1.0/../../../../arm-none-eabi/lib/thumb\libg.a(libc_a-vfiprintf.o)
 .text._wcrtomb_r
                0x08013e34       0x88 C:/devkitPro/devkitARM/bin/../lib/gcc/arm-none-eabi/16.1.0/../../../../arm-none-eabi/lib/thumb\libg.a(libc_a-wcrtomb.o)
                0x08013e34                _wcrtomb_r
 .text.__sflush_r
                0x08013ebc      0x180 C:/devkitPro/devkitARM/bin/../lib/gcc/arm-none-eabi/16.1.0/../../../../arm-none-eabi/lib/thumb\libg.a(libc_a-fflush.o)
                0x08013ebc                __sflush_r
 .text._fflush_r
                0x0801403c       0x70 C:/devkitPro/devkitARM/bin/../lib/gcc/arm-none-eabi/16.1.0/../../../../arm-none-eabi/lib/thumb\libg.a(libc_a-fflush.o)
                0x0801403c                _fflush_r
 .text.__sprint_r
                0x080140ac       0x24 C:/devkitPro/devkitARM/bin/../lib/gcc/arm-none-eabi/16.1.0/../../../../arm-none-eabi/lib/thumb\libg.a(libc_a-sprint_r.o)
                0x080140ac                __sprint_r
 .text.stdio_exit_handler
                0x080140d0       0x20 C:/devkitPro/devkitARM/bin/../lib/gcc/arm-none-eabi/16.1.0/../../../../arm-none-eabi/lib/thumb\libg.a(libc_a-findfp.o)
 .text.cleanup_stdio
                0x080140f0       0x40 C:/devkitPro/devkitARM/bin/../lib/gcc/arm-none-eabi/16.1.0/../../../../arm-none-eabi/lib/thumb\libg.a(libc_a-findfp.o)
 .text.global_stdio_init.part.0
                0x08014130      0x120 C:/devkitPro/devkitARM/bin/../lib/gcc/arm-none-eabi/16.1.0/../../../../arm-none-eabi/lib/thumb\libg.a(libc_a-findfp.o)
 .text.__sinit  0x08014250       0x3c C:/devkitPro/devkitARM/bin/../lib/gcc/arm-none-eabi/16.1.0/../../../../arm-none-eabi/lib/thumb\libg.a(libc_a-findfp.o)
                0x08014250                __sinit
 .text.__sfp_lock_acquire
                0x0801428c       0x14 C:/devkitPro/devkitARM/bin/../lib/gcc/arm-none-eabi/16.1.0/../../../../arm-none-eabi/lib/thumb\libg.a(libc_a-findfp.o)
                0x0801428c                __sfp_lock_acquire
 .text.__sfp_lock_release
                0x080142a0       0x14 C:/devkitPro/devkitARM/bin/../lib/gcc/arm-none-eabi/16.1.0/../../../../arm-none-eabi/lib/thumb\libg.a(libc_a-findfp.o)
                0x080142a0                __sfp_lock_release
 .text._wcsrtombs_r
                0x080142b4       0x20 C:/devkitPro/devkitARM/bin/../lib/gcc/arm-none-eabi/16.1.0/../../../../arm-none-eabi/lib/thumb\libg.a(libc_a-wcsrtombs.o)
                0x080142b4                _wcsrtombs_r
 .text.__swsetup_r
                0x080142d4       0xd4 C:/devkitPro/devkitARM/bin/../lib/gcc/arm-none-eabi/16.1.0/../../../../arm-none-eabi/lib/thumb\libg.a(libc_a-wsetup.o)
                0x080142d4                __swsetup_r
 .text._localeconv_r
                0x080143a8       0x20 C:/devkitPro/devkitARM/bin/../lib/gcc/arm-none-eabi/16.1.0/../../../../arm-none-eabi/lib/thumb\libg.a(libc_a-localeconv.o)
                0x080143a8                _localeconv_r
 .text.__sread  0x080143c8       0x34 C:/devkitPro/devkitARM/bin/../lib/gcc/arm-none-eabi/16.1.0/../../../../arm-none-eabi/lib/thumb\libg.a(libc_a-stdio.o)
                0x080143c8                __sread
 .text.__swrite
                0x080143fc       0x4c C:/devkitPro/devkitARM/bin/../lib/gcc/arm-none-eabi/16.1.0/../../../../arm-none-eabi/lib/thumb\libg.a(libc_a-stdio.o)
                0x080143fc                __swrite
 .text.__sseek  0x08014448       0x3c C:/devkitPro/devkitARM/bin/../lib/gcc/arm-none-eabi/16.1.0/../../../../arm-none-eabi/lib/thumb\libg.a(libc_a-stdio.o)
                0x08014448                __sseek
 .text.__sclose
                0x08014484       0x10 C:/devkitPro/devkitARM/bin/../lib/gcc/arm-none-eabi/16.1.0/../../../../arm-none-eabi/lib/thumb\libg.a(libc_a-stdio.o)
                0x08014484                __sclose
 .text._fclose_r
                0x08014494       0xe0 C:/devkitPro/devkitARM/bin/../lib/gcc/arm-none-eabi/16.1.0/../../../../arm-none-eabi/lib/thumb\libg.a(libc_a-fclose.o)
                0x08014494                _fclose_r
 .text._wcsnrtombs_l
                0x08014574      0x120 C:/devkitPro/devkitARM/bin/../lib/gcc/arm-none-eabi/16.1.0/../../../../arm-none-eabi/lib/thumb\libg.a(libc_a-wcsnrtombs.o)
                0x08014574                _wcsnrtombs_l
 .text._wcsnrtombs_r
                0x08014694       0x40 C:/devkitPro/devkitARM/bin/../lib/gcc/arm-none-eabi/16.1.0/../../../../arm-none-eabi/lib/thumb\libg.a(libc_a-wcsnrtombs.o)
                0x08014694                _wcsnrtombs_r
 .text._fwalk_sglue
                0x080146d4       0x4c C:/devkitPro/devkitARM/bin/../lib/gcc/arm-none-eabi/16.1.0/../../../../arm-none-eabi/lib/thumb\libg.a(libc_a-fwalk.o)
                0x080146d4                _fwalk_sglue
 .text.__sfvwrite_r
                0x08014720      0x31c C:/devkitPro/devkitARM/bin/../lib/gcc/arm-none-eabi/16.1.0/../../../../arm-none-eabi/lib/thumb\libg.a(libc_a-fvwrite.o)
                0x08014720                __sfvwrite_r
 .text.__smakebuf_r
                0x08014a3c       0xe0 C:/devkitPro/devkitARM/bin/../lib/gcc/arm-none-eabi/16.1.0/../../../../arm-none-eabi/lib/thumb\libg.a(libc_a-makebuf.o)
                0x08014a3c                __smakebuf_r
 .text._realloc_r
                0x08014b1c      0x344 C:/devkitPro/devkitARM/bin/../lib/gcc/arm-none-eabi/16.1.0/../../../../arm-none-eabi/lib/thumb\libg.a(libc_a-reallocr.o)
                0x08014b1c                _realloc_r
 .text._exit    0x08014e60       0x14 C:/devkitPro/devkitARM/bin/../lib/gcc/arm-none-eabi/16.1.0/../../../../arm-none-eabi/lib/thumb\libsysbase.a(libsysbase_libsysbase_a-_exit.o)
                0x08014e60                _exit
 .text._fstat_r
                0x08014e74       0x5c C:/devkitPro/devkitARM/bin/../lib/gcc/arm-none-eabi/16.1.0/../../../../arm-none-eabi/lib/thumb\libsysbase.a(libsysbase_libsysbase_a-fstat.o)
                0x08014e74                _fstat_r
 .text._getpid_r
                0x08014ed0        0xc C:/devkitPro/devkitARM/bin/../lib/gcc/arm-none-eabi/16.1.0/../../../../arm-none-eabi/lib/thumb\libsysbase.a(libsysbase_libsysbase_a-getpid.o)
                0x08014ed0                _getpid_r
 .text.__getreent
                0x08014edc       0x20 C:/devkitPro/devkitARM/bin/../lib/gcc/arm-none-eabi/16.1.0/../../../../arm-none-eabi/lib/thumb\libsysbase.a(libsysbase_libsysbase_a-getreent.o)
                0x08014edc                __getreent
 .text.__get_handle
                0x08014efc       0x34 C:/devkitPro/devkitARM/bin/../lib/gcc/arm-none-eabi/16.1.0/../../../../arm-none-eabi/lib/thumb\libsysbase.a(libsysbase_libsysbase_a-handle_manager.o)
                0x08014efc                __get_handle
 .text._close_r
                0x08014f30       0xb0 C:/devkitPro/devkitARM/bin/../lib/gcc/arm-none-eabi/16.1.0/../../../../arm-none-eabi/lib/thumb\libsysbase.a(libsysbase_libsysbase_a-handle_manager.o)
                0x08014f30                _close_r
 .text.null_write
                0x08014fe0        0x4 C:/devkitPro/devkitARM/bin/../lib/gcc/arm-none-eabi/16.1.0/../../../../arm-none-eabi/lib/thumb\libsysbase.a(libsysbase_libsysbase_a-iosupport.o)
 .text._isatty_r
                0x08014fe4        0x4 C:/devkitPro/devkitARM/bin/../lib/gcc/arm-none-eabi/16.1.0/../../../../arm-none-eabi/lib/thumb\libsysbase.a(libsysbase_libsysbase_a-isatty.o)
                0x08014fe4                _isatty_r
 .text._kill_r  0x08014fe8        0xc C:/devkitPro/devkitARM/bin/../lib/gcc/arm-none-eabi/16.1.0/../../../../arm-none-eabi/lib/thumb\libsysbase.a(libsysbase_libsysbase_a-kill.o)
                0x08014fe8                _kill_r
 .text._lseek_r
                0x08014ff4       0x64 C:/devkitPro/devkitARM/bin/../lib/gcc/arm-none-eabi/16.1.0/../../../../arm-none-eabi/lib/thumb\libsysbase.a(libsysbase_libsysbase_a-lseek.o)
                0x08014ff4                _lseek_r
 .text.pthread_mutex_lock
                0x08015058       0x38 C:/devkitPro/devkitARM/bin/../lib/gcc/arm-none-eabi/16.1.0/../../../../arm-none-eabi/lib/thumb\libsysbase.a(libsysbase_libsysbase_a-pthread.o)
                0x08015058                pthread_mutex_lock
 .text.pthread_mutex_unlock
                0x08015090       0x38 C:/devkitPro/devkitARM/bin/../lib/gcc/arm-none-eabi/16.1.0/../../../../arm-none-eabi/lib/thumb\libsysbase.a(libsysbase_libsysbase_a-pthread.o)
                0x08015090                pthread_mutex_unlock
 .text.pthread_cond_broadcast
                0x080150c8       0x18 C:/devkitPro/devkitARM/bin/../lib/gcc/arm-none-eabi/16.1.0/../../../../arm-none-eabi/lib/thumb\libsysbase.a(libsysbase_libsysbase_a-pthread.o)
                0x080150c8                pthread_cond_broadcast
 .text.pthread_cond_wait
                0x080150e0       0x48 C:/devkitPro/devkitARM/bin/../lib/gcc/arm-none-eabi/16.1.0/../../../../arm-none-eabi/lib/thumb\libsysbase.a(libsysbase_libsysbase_a-pthread.o)
                0x080150e0                pthread_cond_wait
 .text.pthread_once
                0x08015128       0x74 C:/devkitPro/devkitARM/bin/../lib/gcc/arm-none-eabi/16.1.0/../../../../arm-none-eabi/lib/thumb\libsysbase.a(libsysbase_libsysbase_a-pthread.o)
                0x08015128                pthread_once
 .text.pthread_key_create
                0x0801519c       0x24 C:/devkitPro/devkitARM/bin/../lib/gcc/arm-none-eabi/16.1.0/../../../../arm-none-eabi/lib/thumb\libsysbase.a(libsysbase_libsysbase_a-pthread.o)
                0x0801519c                pthread_key_create
 .text.pthread_setspecific
                0x080151c0       0x1c C:/devkitPro/devkitARM/bin/../lib/gcc/arm-none-eabi/16.1.0/../../../../arm-none-eabi/lib/thumb\libsysbase.a(libsysbase_libsysbase_a-pthread.o)
                0x080151c0                pthread_setspecific
 .text.pthread_getspecific
                0x080151dc       0x1c C:/devkitPro/devkitARM/bin/../lib/gcc/arm-none-eabi/16.1.0/../../../../arm-none-eabi/lib/thumb\libsysbase.a(libsysbase_libsysbase_a-pthread.o)
                0x080151dc                pthread_getspecific
 .text.pthread_key_delete
                0x080151f8       0x1c C:/devkitPro/devkitARM/bin/../lib/gcc/arm-none-eabi/16.1.0/../../../../arm-none-eabi/lib/thumb\libsysbase.a(libsysbase_libsysbase_a-pthread.o)
                0x080151f8                pthread_key_delete
 .text._read_r  0x08015214       0x5c C:/devkitPro/devkitARM/bin/../lib/gcc/arm-none-eabi/16.1.0/../../../../arm-none-eabi/lib/thumb\libsysbase.a(libsysbase_libsysbase_a-read.o)
                0x08015214                _read_r
 .text._sbrk_r  0x08015270       0x50 C:/devkitPro/devkitARM/bin/../lib/gcc/arm-none-eabi/16.1.0/../../../../arm-none-eabi/lib/thumb\libsysbase.a(libsysbase_libsysbase_a-sbrk.o)
                0x08015270                _sbrk_r
 .text.__libc_lock_acquire
                0x080152c0       0x18 C:/devkitPro/devkitARM/bin/../lib/gcc/arm-none-eabi/16.1.0/../../../../arm-none-eabi/lib/thumb\libsysbase.a(libsysbase_libsysbase_a-syscall_support.o)
                0x080152c0                __libc_lock_acquire
 .text.__libc_lock_release
                0x080152d8       0x18 C:/devkitPro/devkitARM/bin/../lib/gcc/arm-none-eabi/16.1.0/../../../../arm-none-eabi/lib/thumb\libsysbase.a(libsysbase_libsysbase_a-syscall_support.o)
                0x080152d8                __libc_lock_release
 .text.__libc_lock_acquire_recursive
                0x080152f0       0x18 C:/devkitPro/devkitARM/bin/../lib/gcc/arm-none-eabi/16.1.0/../../../../arm-none-eabi/lib/thumb\libsysbase.a(libsysbase_libsysbase_a-syscall_support.o)
                0x080152f0                __libc_lock_acquire_recursive
 .text.__libc_lock_release_recursive
                0x08015308       0x18 C:/devkitPro/devkitARM/bin/../lib/gcc/arm-none-eabi/16.1.0/../../../../arm-none-eabi/lib/thumb\libsysbase.a(libsysbase_libsysbase_a-syscall_support.o)
                0x08015308                __libc_lock_release_recursive
 .text.__libc_cond_broadcast
                0x08015320       0x1c C:/devkitPro/devkitARM/bin/../lib/gcc/arm-none-eabi/16.1.0/../../../../arm-none-eabi/lib/thumb\libsysbase.a(libsysbase_libsysbase_a-syscall_support.o)
                0x08015320                __libc_cond_broadcast
 .text.__libc_cond_wait
                0x0801533c       0x20 C:/devkitPro/devkitARM/bin/../lib/gcc/arm-none-eabi/16.1.0/../../../../arm-none-eabi/lib/thumb\libsysbase.a(libsysbase_libsysbase_a-syscall_support.o)
                0x0801533c                __libc_cond_wait
 .text.__libc_cond_wait_recursive
                0x0801535c       0x20 C:/devkitPro/devkitARM/bin/../lib/gcc/arm-none-eabi/16.1.0/../../../../arm-none-eabi/lib/thumb\libsysbase.a(libsysbase_libsysbase_a-syscall_support.o)
                0x0801535c                __libc_cond_wait_recursive
 .text._write_r
                0x0801537c       0x5c C:/devkitPro/devkitARM/bin/../lib/gcc/arm-none-eabi/16.1.0/../../../../arm-none-eabi/lib/thumb\libsysbase.a(libsysbase_libsysbase_a-write.o)
                0x0801537c                _write_r
 .text          0x080153d8       0x14 C:/devkitPro/devkitARM/bin/../lib/gcc/arm-none-eabi/16.1.0/thumb\libgcc.a(_thumb1_case_uqi.o)
                0x080153d8                __gnu_thumb1_case_uqi
 .text          0x080153ec       0x14 C:/devkitPro/devkitARM/bin/../lib/gcc/arm-none-eabi/16.1.0/thumb\libgcc.a(_thumb1_case_uhi.o)
                0x080153ec                __gnu_thumb1_case_uhi
 .text          0x08015400      0x49c C:/devkitPro/devkitARM/bin/../lib/gcc/arm-none-eabi/16.1.0/thumb\libgcc.a(_arm_muldivdf3.o)
                0x08015400                __aeabi_dmul
                0x08015400                __muldf3
                0x08015690                __divdf3
                0x08015690                __aeabi_ddiv
 .text          0x0801589c       0x54 C:/devkitPro/devkitARM/bin/../lib/gcc/arm-none-eabi/16.1.0/thumb\libgcc.a(_arm_fixunsdfsi.o)
                0x0801589c                __aeabi_d2uiz
                0x0801589c                __fixunsdfsi
 .text          0x080158f0       0x3c C:/devkitPro/devkitARM/bin/../lib/gcc/arm-none-eabi/16.1.0/thumb\libgcc.a(_aeabi_uldivmod.o)
                0x080158f0                __aeabi_uldivmod
 .text.__fixdfdi
                0x0801592c       0x3c C:/devkitPro/devkitARM/bin/../lib/gcc/arm-none-eabi/16.1.0/thumb\libgcc.a(_fixdfdi.o)
                0x0801592c                __fixdfdi
                0x0801592c                __aeabi_d2lz
 .text.__fixunsdfdi
                0x08015968       0x40 C:/devkitPro/devkitARM/bin/../lib/gcc/arm-none-eabi/16.1.0/thumb\libgcc.a(_fixunsdfdi.o)
                0x08015968                __fixunsdfdi
                0x08015968                __aeabi_d2ulz
 .text.__udivmoddi4
                0x080159a8      0x194 C:/devkitPro/devkitARM/bin/../lib/gcc/arm-none-eabi/16.1.0/thumb\libgcc.a(_udivmoddi4.o)
                0x080159a8                __udivmoddi4
 .text          0x08015b3c       0x28 C:/devkitPro/devkitARM/bin/../lib/gcc/arm-none-eabi/16.1.0/thumb\libgcc.a(_clzdi2.o)
                0x08015b3c                __clzdi2
 *fill*         0x08015b64        0x4 ff
 .text.__stub   0x08015b68      0x13c linker stubs
 *(.gnu.linkonce.t.*)
 *(.text.*personality*)
 *(.gnu.warning)
 *(.glue_7t)
 .glue_7t       0x08015ca4        0x0 linker stubs
 *(.glue_7)
 .glue_7        0x08015ca4        0x0 linker stubs
 *(.vfp11_veneer)
 .vfp11_veneer  0x08015ca4        0x0 linker stubs
                0x08015ca4                        . = ALIGN (0x4)
                0x08015cb0                        __text_end = .

.v4_bx          0x08015cb0        0x0
 .v4_bx         0x08015cb0        0x0 linker stubs

.iplt           0x08015cb0        0x0
 .iplt          0x08015cb0        0x0 C:/devkitPro/devkitARM/bin/../lib/gcc/arm-none-eabi/16.1.0/../../../../arm-none-eabi/lib/thumb/gba_crt0.o

.fini           0x08015cb0        0xc
 *(.fini)
 .fini          0x08015cb0        0x4 C:/devkitPro/devkitARM/bin/../lib/gcc/arm-none-eabi/16.1.0/thumb/crti.o
                0x08015cb0                _fini
 .fini          0x08015cb4        0x8 C:/devkitPro/devkitARM/bin/../lib/gcc/arm-none-eabi/16.1.0/thumb/crtn.o
                0x08015cbc                        . = ALIGN (0x4)

.rodata         0x08015cc0     0x158c
 *(.rodata)
 *all.rodata*(*)
 *(.roda)
 *(.rodata.*)
 .rodata.soundbank_bin
                0x08015cc0      0x117 soundbank.bin.o
                0x08015cc0                soundbank_bin
                0x08015dd7                soundbank_bin_end
 *fill*         0x08015dd7        0x1 ff
 .rodata._ZN12_GLOBAL__N_1L6renderEP14ps_gba_session.str1.4
                0x08015dd8      0x520 main.o
                                 0x4b (size before relaxing)
 .rodata.main.str1.4
                0x080162f8        0x0 main.o
                                 0x69 (size before relaxing)
 .rodata._ZZN12_GLOBAL__N_1L17blitCompositeTileEiiiPKhE13kDownscaleMap
                0x080162f8       0x14 main.o
 .rodata._ZN12_GLOBAL__N_1L5kFontE
                0x0801630c       0xb4 main.o
 .rodata._ZN12_GLOBAL__N_1L14kSramSignatureE
                0x080163c0        0xa main.o
 .rodata._ZN12_GLOBAL__N_1L20runRulesOnLevelStartEP14ps_gba_session.str1.4
                0x080163ca        0x0 core.o
                                 0x19 (size before relaxing)
 .rodata.ps_gba_session_init.str1.4
                0x080163ca        0x0 core.o
                                  0x7 (size before relaxing)
 .rodata.ps_gba_step.str1.4
                0x080163ca        0x0 core.o
                                 0x13 (size before relaxing)
 *fill*         0x080163ca        0x2 ff
 .rodata.CSWTCH.5
                0x080163cc       0x10 rule_runtime_stubs.o
 .rodata.str1.4
                0x080163dc        0x0 generated_game.o
                                 0xc2 (size before relaxing)
 *fill*         0x080163dc        0x4 ff
 .rodata.ps_gba_generated_game
                0x080163e0       0x68 generated_game.o
                0x080163e0                ps_gba_generated_game
 .rodata._ZN12_GLOBAL__N_1L7kSoundsE
                0x08016448        0xc generated_game.o
 .rodata._ZN12_GLOBAL__N_1L9kMetadataE
                0x08016454       0x20 generated_game.o
 .rodata._ZN12_GLOBAL__N_1L7kLevelsE
                0x08016474       0x20 generated_game.o
 .rodata._ZN12_GLOBAL__N_1L12kLevel1WordsE
                0x08016494      0x1dc generated_game.o
 .rodata._ZN12_GLOBAL__N_1L8kObjectsE
                0x08016670       0x50 generated_game.o
 .rodata._ZN12_GLOBAL__N_1L14kObject4PixelsE
                0x080166c0       0x19 generated_game.o
 *fill*         0x080166d9        0x3 ff
 .rodata._ZN12_GLOBAL__N_1L14kObject3PixelsE
                0x080166dc       0x19 generated_game.o
 *fill*         0x080166f5        0x3 ff
 .rodata._ZN12_GLOBAL__N_1L14kObject2PixelsE
                0x080166f8       0x19 generated_game.o
 *fill*         0x08016711        0x3 ff
 .rodata._ZN12_GLOBAL__N_1L14kObject1PixelsE
                0x08016714       0x19 generated_game.o
 *fill*         0x0801672d        0x3 ff
 .rodata._ZN12_GLOBAL__N_1L14kObject0PixelsE
                0x08016730       0x19 generated_game.o
 *fill*         0x08016749        0x3 ff
 .rodata._ZN12_GLOBAL__N_1L11kPlayerMaskE
                0x0801674c        0x4 generated_game.o
 .rodata._ZN12_GLOBAL__N_1L8kPaletteE
                0x08016750        0xe generated_game.o
 .rodata._ZN12_GLOBAL__N_1L45compact_turn_rebuild_movement_derived_state_0EN12puzzlescript15LevelDimensionsERNS0_7ScratchE.constprop.0.str1.4
                0x0801675e        0x0 generated_rules.o
                                 0x31 (size before relaxing)
 .rodata._ZN12_GLOBAL__N_1L17ctr_0_e_0_0_applyEN12puzzlescript15LevelDimensionsERNS0_20PersistentLevelStateERNS0_7ScratchERNS_21CompactTurnCommands_0E.constprop.0.str1.4
                0x0801675e        0x0 generated_rules.o
                                 0x1a (size before relaxing)
 .rodata._ZN12_GLOBAL__N_1L30compact_turn_execute_program_0EN12puzzlescript15LevelDimensionsElRNS0_20PersistentLevelStateERNS0_7ScratchE8ps_inputNS0_11TurnOptionsEPbb.constprop.0.isra.0.str1.4
                0x0801675e        0x0 generated_rules.o
                                 0x18 (size before relaxing)
 *fill*         0x0801675e        0x2 ff
 .rodata._ZN12_GLOBAL__N_1L30compact_turn_execute_program_0EN12puzzlescript15LevelDimensionsElRNS0_20PersistentLevelStateERNS0_7ScratchE8ps_inputNS0_11TurnOptionsEPbb.constprop.0.isra.0
                0x08016760       0x44 generated_rules.o
 .rodata.ps_gba_generated_turn.str1.4
                0x080167a4        0x0 generated_rules.o
                                 0x1c (size before relaxing)
 .rodata.CSWTCH.963
                0x080167a4        0xc generated_rules.o
 .rodata.CSWTCH.934
                0x080167b0       0x14 generated_rules.o
 .rodata._ZN12_GLOBAL__N_1L7ctm_0_eE
                0x080167c4       0x28 generated_rules.o
 .rodata._ZN12_GLOBAL__N_1L27compact_turn_layer_mask_0_2E
                0x080167ec        0x4 generated_rules.o
 .rodata._ZN12_GLOBAL__N_1L27compact_turn_layer_mask_0_1E
                0x080167f0        0x4 generated_rules.o
 .rodata._ZN12_GLOBAL__N_1L27compact_turn_layer_mask_0_0E
                0x080167f4        0x4 generated_rules.o
 .rodata._ZNKSt9bad_alloc4whatEv.str1.4
                0x080167f8        0x0 C:/devkitPro/devkitARM/bin/../lib/gcc/arm-none-eabi/16.1.0/../../../../arm-none-eabi/lib/thumb\libstdc++.a(bad_alloc.o)
                                  0xf (size before relaxing)
 .rodata._ZTSSt9bad_alloc
                0x080167f8        0xd C:/devkitPro/devkitARM/bin/../lib/gcc/arm-none-eabi/16.1.0/../../../../arm-none-eabi/lib/thumb\libstdc++.a(bad_alloc.o)
                0x080167f8                typeinfo name for std::bad_alloc
 *fill*         0x08016805        0x3 ff
 .rodata._ZTISt9bad_alloc
                0x08016808        0xc C:/devkitPro/devkitARM/bin/../lib/gcc/arm-none-eabi/16.1.0/../../../../arm-none-eabi/lib/thumb\libstdc++.a(bad_alloc.o)
                0x08016808                typeinfo for std::bad_alloc
 .rodata._ZTVSt9bad_alloc
                0x08016814       0x14 C:/devkitPro/devkitARM/bin/../lib/gcc/arm-none-eabi/16.1.0/../../../../arm-none-eabi/lib/thumb\libstdc++.a(bad_alloc.o)
                0x08016814                vtable for std::bad_alloc
 .rodata._ZNK9__gnu_cxx24__concurrence_lock_error4whatEv.str1.4
                0x08016828        0x0 C:/devkitPro/devkitARM/bin/../lib/gcc/arm-none-eabi/16.1.0/../../../../arm-none-eabi/lib/thumb\libstdc++.a(eh_alloc.o)
                                 0x24 (size before relaxing)
 .rodata._ZNK9__gnu_cxx26__concurrence_unlock_error4whatEv.str1.4
                0x08016828        0x0 C:/devkitPro/devkitARM/bin/../lib/gcc/arm-none-eabi/16.1.0/../../../../arm-none-eabi/lib/thumb\libstdc++.a(eh_alloc.o)
                                 0x26 (size before relaxing)
 .rodata._GLOBAL__sub_I__ZN9__gnu_cxx9__freeresEv.str1.4
                0x08016828        0x0 C:/devkitPro/devkitARM/bin/../lib/gcc/arm-none-eabi/16.1.0/../../../../arm-none-eabi/lib/thumb\libstdc++.a(eh_alloc.o)
                                 0x3c (size before relaxing)
 .rodata._ZTSN9__gnu_cxx24__concurrence_lock_errorE
                0x08016828       0x27 C:/devkitPro/devkitARM/bin/../lib/gcc/arm-none-eabi/16.1.0/../../../../arm-none-eabi/lib/thumb\libstdc++.a(eh_alloc.o)
                0x08016828                typeinfo name for __gnu_cxx::__concurrence_lock_error
 *fill*         0x0801684f        0x1 ff
 .rodata._ZTIN9__gnu_cxx24__concurrence_lock_errorE
                0x08016850        0xc C:/devkitPro/devkitARM/bin/../lib/gcc/arm-none-eabi/16.1.0/../../../../arm-none-eabi/lib/thumb\libstdc++.a(eh_alloc.o)
                0x08016850                typeinfo for __gnu_cxx::__concurrence_lock_error
 .rodata._ZTSN9__gnu_cxx26__concurrence_unlock_errorE
                0x0801685c       0x29 C:/devkitPro/devkitARM/bin/../lib/gcc/arm-none-eabi/16.1.0/../../../../arm-none-eabi/lib/thumb\libstdc++.a(eh_alloc.o)